Microchip Technology Inc, v2.10 (B)

Tool Name:
  /Applications/microchip/xc16/v2.10/bin/bin/../bin/elf-ld

Command:
  -p24FJ128GL306 \
  --mdfp=/Applications/microchip/mplabx/v6.25/packs/Microchip/PIC24F-GL-GU_DFP/1.6.243/xc16 \
  -o \
  dist/default/production/ScentCollCharsCopy.X.production.elf \
  -L/Applications/microchip/xc16/v2.10/bin/bin/.. \
  -L/Applications/microchip/mplabx/v6.25/packs/Microchip/PIC24F-GL-GU_DFP/1.6.243/xc16/bin/../support/PIC24F/gld \
  -L/Applications/microchip/xc16/v2.10/bin/bin/../../lib \
  -L/Applications/microchip/xc16/v2.10/bin/bin/../../support/PIC24E/gld \
  -L/Applications/microchip/xc16/v2.10/bin/bin/../../support/PIC24F/gld \
  -L/Applications/microchip/xc16/v2.10/bin/bin/../../support/PIC24H/gld \
  -L/Applications/microchip/xc16/v2.10/bin/bin/../../support/dsPIC30F/gld \
  -L/Applications/microchip/xc16/v2.10/bin/bin/../../support/dsPIC33C/gld \
  -L/Applications/microchip/xc16/v2.10/bin/bin/../../support/dsPIC33E/gld \
  -L/Applications/microchip/xc16/v2.10/bin/bin/../../support/dsPIC33F/gld \
  build/default/production/PWM.o \
  build/default/production/bluetooth.o \
  build/default/production/main.o \
  build/default/production/owire.o \
  build/default/production/adc.o \
  build/default/production/piezos.o \
  build/default/production/eeprom.o \
  build/default/production/eeprom_async.o \
  build/default/production/i2c.o \
  build/default/production/i2c_async.o \
  build/default/production/pod.o \
  build/default/production/pod_manager.o \
  build/default/production/pod_manager_async.o \
  build/default/production/relay_pwm_manager.o \
  --local-stack \
  --defsym=__MPLAB_BUILD=1 \
  -Tp24FJ128GL306.gld.00 \
  --stack=16 \
  --check-sections \
  --data-init \
  --pack-data \
  --handles \
  --isr \
  --no-gc-sections \
  --fill-upper=0 \
  --stackguard=16 \
  --no-force-link \
  --smart-io \
  -Map=dist/default/production/ScentCollCharsCopy.X.production.map \
  --report-mem \
  --memorysummary \
  dist/default/production/memoryfile.xml \
  -start-group \
  --library=c99-pic30-elf \
  --library=m-elf \
  --library=c99-elf \
  -end-group \


Optional library libpPIC24Fxxx.a not found
Archive member included because of file (symbol)

/Applications/microchip/xc16/v2.10/bin/bin/../../lib/libc99-pic30-elf.a(crt0_extended24.o)
                              (__resetPRI)
/Applications/microchip/xc16/v2.10/bin/bin/../../lib/libc99-pic30-elf.a(data_init_24.o)
                              /Applications/microchip/xc16/v2.10/bin/bin/../../lib/libc99-pic30-elf.a(crt0_extended24.o) (__data_init_da)
/Applications/microchip/xc16/v2.10/bin/bin/../../lib/libc99-pic30-elf.a(crt_start_mode_normalda.Meo)
                              (__crt_start_mode_normal)
/Applications/microchip/xc16/v2.10/bin/bin/../../lib/libc99-pic30-elf.a(delay32da.Meo)
                              build/default/production/main.o (___delay32)
/Applications/microchip/xc16/v2.10/bin/bin/../../lib/libc99-pic30-elf.a(feqltle.DA_o)
                              build/default/production/main.o (___ltsf2)
/Applications/microchip/xc16/v2.10/bin/bin/../../lib/libc99-pic30-elf.a(fgtge.DA_o)
                              build/default/production/main.o (___gtsf2)
/Applications/microchip/xc16/v2.10/bin/bin/../../lib/libc99-pic30-elf.a(fixsfsi.DA_o)
                              build/default/production/main.o (_(float, int, long long, short, float, short, int))
/Applications/microchip/xc16/v2.10/bin/bin/../../lib/libc99-pic30-elf.a(fixunssfsi.DA_o)
                              build/default/production/PWM.o (___fixunssfsi)
/Applications/microchip/xc16/v2.10/bin/bin/../../lib/libc99-pic30-elf.a(floatsisf.DA_o)
                              build/default/production/PWM.o (___floatsisf)
/Applications/microchip/xc16/v2.10/bin/bin/../../lib/libc99-pic30-elf.a(floatunsisf.DA_o)
                              build/default/production/adc.o (___floatunsisf)
/Applications/microchip/xc16/v2.10/bin/bin/../../lib/libc99-pic30-elf.a(funpack.DA_o)
                              /Applications/microchip/xc16/v2.10/bin/bin/../../lib/libc99-pic30-elf.a(fixsfsi.DA_o) (__funpack)
/Applications/microchip/xc16/v2.10/bin/bin/../../lib/libc99-pic30-elf.a(udivsi3.DA_o)
                              build/default/production/piezos.o (___udivsi3)
/Applications/microchip/xc16/v2.10/bin/bin/../../lib/libc99-pic30-elf.a(addsf3x.DA_o)
                              build/default/production/main.o (___subsf3)
/Applications/microchip/xc16/v2.10/bin/bin/../../lib/libc99-pic30-elf.a(divsf3x.DA_o)
                              build/default/production/main.o (___divsf3)
/Applications/microchip/xc16/v2.10/bin/bin/../../lib/libc99-pic30-elf.a(mulsf3x.DA_o)
                              build/default/production/PWM.o (___mulsf3)
/Applications/microchip/xc16/v2.10/bin/bin/../../lib/libc99-pic30-elf.a(dnrmpackfx.DA_o)
                              /Applications/microchip/xc16/v2.10/bin/bin/../../lib/libc99-pic30-elf.a(addsf3x.DA_o) (__dnrmpackf)
[...]
Memory Configuration

Name             Origin             Length             Attributes
data             0x000800           0x002000           a !xr
reset            0x000000           0x000004  
ivt              0x000004           0x0000fc  
program          0x000100           0x015e00           xr
FSEC             0x015f00           0x000002  
FBSLIM           0x015f10           0x000002  
FSIGN            0x015f14           0x000002  
FOSCSEL          0x015f18           0x000002  
FOSC             0x015f1c           0x000002  
FWDT             0x015f20           0x000002  
FPOR             0x015f24           0x000002  
FICD             0x015f28           0x000002  
FDMTIVTL         0x015f2c           0x000002  
FDMTIVTH         0x015f30           0x000002  
FDMTCNTL         0x015f34           0x000002  
FDMTCNTH         0x015f38           0x000002  
FMDT             0x015f3c           0x000002  
FDEVOPT1         0x015f40           0x000002  
*default*        0x000000           0xffffffffffffffff  

Linker script and memory map

LOAD build/default/production/PWM.o
LOAD build/default/production/bluetooth.o
LOAD build/default/production/main.o
LOAD build/default/production/owire.o
LOAD build/default/production/adc.o
LOAD build/default/production/piezos.o
LOAD build/default/production/eeprom.o
LOAD build/default/production/eeprom_async.o
LOAD build/default/production/i2c.o
LOAD build/default/production/i2c_async.o
LOAD build/default/production/pod.o
LOAD build/default/production/pod_manager.o
LOAD build/default/production/pod_manager_async.o
LOAD build/default/production/relay_pwm_manager.o
                    0x0001                  __MPLAB_BUILD = 0x1
LOAD pPIC24Fxxx
LOAD /Applications/microchip/xc16/v2.10/bin/bin/../../lib/libfx-elf.a
                    0x801024                  _iwri1 = 0x801024
                    0x801028                  _iwri2 = 0x801028
                    0x15f00                  __FSEC = 0x15f00
                    0x15f10                  __FBSLIM = 0x15f10
                    0x15f14                  __FSIGN = 0x15f14
                    0x15f18                  __FOSCSEL = 0x15f18
                    0x15f1c                  __FOSC = 0x15f1c
                    0x15f20                  __FWDT = 0x15f20
                    0x15f24                  __FPOR = 0x15f24
                    0x15f28                  __FICD = 0x15f28
                    0x15f2c                  __FDMTIVTL = 0x15f2c
                    0x15f30                  __FDMTIVTH = 0x15f30
                    0x15f34                  __FDMTCNTL = 0x15f34
                    0x15f38                  __FDMTCNTH = 0x15f38
                    0x15f3c                  __FMDT = 0x15f3c
                    0x15f40                  __FDEVOPT1 = 0x15f40
                    0x0100                  __CODE_BASE = 0x100
                    0x15e00                  __CODE_LENGTH = 0x15e00
                    0x0004                  __IVT_BASE = 0x4
                    0x0800                  __DATA_BASE = 0x800
                    0x2000                  __DATA_LENGTH = 0x2000

.reset            0x000000          0x4
                  0x000000          0x2 SHORT 0x100 ABSOLUTE (__reset)
                  0x000001          0x2 SHORT 0x4
                  0x000002          0x2 SHORT 0x0 ((ABSOLUTE (__reset) >> 0x10) & 0x7f)
                  0x000003          0x2 SHORT 0x0

.text             0x000100       0x30fc
 *(.init)
 .init            0x000100         0x4c /Applications/microchip/xc16/v2.10/bin/bin/../../lib/libc99-pic30-elf.a(crt0_extended24.o)
                  0x000100                  __reset
                  0x000100                  __resetPRI
                  0x00013c                  __psv_init
 .init            0x00014c         0xb8 /Applications/microchip/xc16/v2.10/bin/bin/../../lib/libc99-pic30-elf.a(data_init_24.o)
                  0x000152                  __data_init_da
                  0x000152                  __data_init
 *(.user_init)
 *(.handle)
 .handle          0x000204         0x14 jump_table
 *(.isr*)
 .isr.text        0x000218         0x34 build/default/production/bluetooth.o
                  0x000218                  __U1RXInterrupt
 .isr.text        0x00024c        0x1f2 build/default/production/main.o
                  0x00024c                  __IOCInterrupt
                  0x0002ce                  __T1Interrupt
                  0x0002fe                  __INT1Interrupt
                  0x000344                  __INT2Interrupt
                  0x00038a                  __INT3Interrupt
                  0x0003ba                  __T4Interrupt
 .isr.text        0x00043e        0x310 build/default/production/i2c_async.o
                  0x00043e                  __MI2C1Interrupt
 .isr.text        0x00074e         0x78 build/default/production/relay_pwm_manager.o
                  0x00074e                  __T3Interrupt
 .isr             0x0007c6          0x4 default_isr
                  0x0007c6                  __DefaultInterrupt
 *(.libc)
 *(.libm)
 *(.libdsp)
 *(.lib*)
 .libpic30_crt_start_mode
                  0x0007ca          0x2 /Applications/microchip/xc16/v2.10/bin/bin/../../lib/libc99-pic30-elf.a(crt_start_mode_normalda.Meo)
                  0x0007ca                  __crt_start_mode_normal
                  0x0007ca                  __crt_start_mode
 .libm.eqsf2      0x0007cc          0x4 /Applications/microchip/xc16/v2.10/bin/bin/../../lib/libc99-pic30-elf.a(feqltle.DA_o)
                  0x0007cc                  ___lesf2
                  0x0007cc                  ___eqsf2
                  0x0007cc                  ___ltsf2
 .libm.gtsf2      0x0007d0          0x4 /Applications/microchip/xc16/v2.10/bin/bin/../../lib/libc99-pic30-elf.a(fgtge.DA_o)
                  0x0007d0                  ___gtsf2
                  0x0007d0                  ___gesf2
 .libm.fixsfsi    0x0007d4         0x42 /Applications/microchip/xc16/v2.10/bin/bin/../../lib/libc99-pic30-elf.a(fixsfsi.DA_o)
                  0x0007d4                  _(float, int, long long, short, float, short, int)
 .libm.fixunssfsi
                  0x000816         0x36 /Applications/microchip/xc16/v2.10/bin/bin/../../lib/libc99-pic30-elf.a(fixunssfsi.DA_o)
                  0x000816                  ___fixunssfsi
 .libm.floatsisf
                  0x00084c          0x6 /Applications/microchip/xc16/v2.10/bin/bin/../../lib/libc99-pic30-elf.a(floatsisf.DA_o)
                  0x00084c                  ___floatsisf
 .libm.floatunsisf
                  0x000852          0x4 /Applications/microchip/xc16/v2.10/bin/bin/../../lib/libc99-pic30-elf.a(floatunsisf.DA_o)
                  0x000852                  ___floatunsisf
 .libm.funpack    0x000856         0x2a /Applications/microchip/xc16/v2.10/bin/bin/../../lib/libc99-pic30-elf.a(funpack.DA_o)
                  0x000856                  __funpack
 .libm.udivsi3    0x000880         0x20 /Applications/microchip/xc16/v2.10/bin/bin/../../lib/libc99-pic30-elf.a(udivsi3.DA_o)
                  0x000880                  ___udivsi3
 .libmx           0x0008a0        0x1dc /Applications/microchip/xc16/v2.10/bin/bin/../../lib/libc99-pic30-elf.a(addsf3x.DA_o)
                  0x0008a0                  ___subsf3
                  0x0008a0                  ___subsf3x
                  0x0008b2                  ___addsf3
                  0x0008b2                  ___addsf3x
 .libmx           0x000a7c        0x1be /Applications/microchip/xc16/v2.10/bin/bin/../../lib/libc99-pic30-elf.a(divsf3x.DA_o)
                  0x000a7c                  ___divsf3x
                  0x000a7c                  ___divsf3
                  0x000c0e                  __sdivf
 .libmx           0x000c3a        0x10c /Applications/microchip/xc16/v2.10/bin/bin/../../lib/libc99-pic30-elf.a(mulsf3x.DA_o)
                  0x000c3a                  ___mulsf3
                  0x000c3a                  ___mulsf3x
 .libmx           0x000d46         0x54 /Applications/microchip/xc16/v2.10/bin/bin/../../lib/libc99-pic30-elf.a(dnrmpackfx.DA_o)
                  0x000d46                  __dnrmpackf
 .libmx           0x000d9a         0x5e /Applications/microchip/xc16/v2.10/bin/bin/../../lib/libc99-pic30-elf.a(unpackdnrmfx.DA_o)
                  0x000d9a                  __unpackdnrmf
 .libmx           0x000df8         0x34 /Applications/microchip/xc16/v2.10/bin/bin/../../lib/libc99-pic30-elf.a(typefx.DA_o)
                  0x000df8                  __typef
 .libmx           0x000e2c         0x12 /Applications/microchip/xc16/v2.10/bin/bin/../../lib/libc99-pic30-elf.a(propnanfx.DA_o)
                  0x000e2c                  __propnanf
 .libmx           0x000e3e         0xa6 /Applications/microchip/xc16/v2.10/bin/bin/../../lib/libc99-pic30-elf.a(spackfx.DA_o)
                  0x000e3e                  __spackf
 .libmx           0x000ee4         0x66 /Applications/microchip/xc16/v2.10/bin/bin/../../lib/libc99-pic30-elf.a(unpackfx.DA_o)
                  0x000ee4                  __unpackf
 .libm.__PplusBdi
                  0x000f4a         0x26 /Applications/microchip/xc16/v2.10/bin/bin/../../lib/libc99-pic30-elf.a(divmoddi3.DA_o)
 .libm.__PminusBdi
                  0x000f70         0x26 /Applications/microchip/xc16/v2.10/bin/bin/../../lib/libc99-pic30-elf.a(divmoddi3.DA_o)
 .libm.__udivmoddi3
                  0x000f96         0xe6 /Applications/microchip/xc16/v2.10/bin/bin/../../lib/libc99-pic30-elf.a(divmoddi3.DA_o)
                  0x000f96                  ___udivmoddi3
 .libm.__udivdi3
                  0x00107c          0xe /Applications/microchip/xc16/v2.10/bin/bin/../../lib/libc99-pic30-elf.a(divmoddi3.DA_o)
                  0x00107c                  ___udivdi3
 .libm.__umoddi3
                  0x00108a          0x8 /Applications/microchip/xc16/v2.10/bin/bin/../../lib/libc99-pic30-elf.a(divmoddi3.DA_o)
                  0x00108a                  ___umoddi3
 .libm.__divdi3
                  0x001092         0x60 /Applications/microchip/xc16/v2.10/bin/bin/../../lib/libc99-pic30-elf.a(divmoddi3.DA_o)
                  0x001092                  ___divdi3
 .libm.__moddi3
                  0x0010f2         0x5c /Applications/microchip/xc16/v2.10/bin/bin/../../lib/libc99-pic30-elf.a(divmoddi3.DA_o)
                  0x0010f2                  ___moddi3
 .libm.__muldi3
                  0x00114e         0x52 /Applications/microchip/xc16/v2.10/bin/bin/../../lib/libc99-pic30-elf.a(muldi3.DA_o)
                  0x00114e                  ___muldi3
 .libm.fcompare
                  0x0011a0         0x36 /Applications/microchip/xc16/v2.10/bin/bin/../../lib/libc99-pic30-elf.a(fcompare.DA_o)
                  0x0011a0                  __fcompare
 .libm.floatdisf
                  0x0011d6         0x20 /Applications/microchip/xc16/v2.10/bin/bin/../../lib/libc99-pic30-elf.a(floatdisf.DA_o)
                  0x0011d6                  ___floatdisf
 .libm.floatundisf
                  0x0011f6         0x5e /Applications/microchip/xc16/v2.10/bin/bin/../../lib/libc99-pic30-elf.a(floatundisf.DA_o)
                  0x0011f6                  ___floatundisf
 .libm.fpack      0x001254         0x4c /Applications/microchip/xc16/v2.10/bin/bin/../../lib/libc99-pic30-elf.a(fpack.DA_o)
                  0x001254                  __fpack
 .libm.funpack2
                  0x0012a0         0x10 /Applications/microchip/xc16/v2.10/bin/bin/../../lib/libc99-pic30-elf.a(funpack2.DA_o)
                  0x0012a0                  __funpack2
 .libm.umuldi3    0x0012b0         0x44 /Applications/microchip/xc16/v2.10/bin/bin/../../lib/libc99-pic30-elf.a(umuldi3.DA_o)
                  0x0012b0                  ___umuldi3
 .libc.__wrap_sprintf
                  0x0012f4          0xc /Applications/microchip/xc16/v2.10/bin/bin/../../lib/libc99-elf.a(__sio_sprintf_dfosux.DA_o)
                  0x0012f4                  __sprintf_cdeEnopsuxX
                  0x0012f4                  __sprintf_cdfFgGnopsuxX
                  0x0012f4                  __sprintf_cdgGnopsuxX
                  0x0012f4                  __dsprintf_cdeEfFgGnopsuxX
                  0x0012f4                  __dsprintf_cdfFnopsuxX
                  0x0012f4                  __dsprintf_cdeEnopsuxX
                  0x0012f4                  __sprintf_cdeEfFnopsuxX
                  0x0012f4                  __sprintf_cdeEgGnopsuxX
                  0x0012f4                  __sprintf_cdfFnopsuxX
                  0x0012f4                  __dsprintf_cdeEfFnopsuxX
                  0x0012f4                  __dsprintf_cdeEgGnopsuxX
                  0x0012f4                  __dsprintf_cdfFgGnopsuxX
                  0x0012f4                  __dsprintf_cdgGnopsuxX
                  0x0012f4                  __sprintf_cdeEfFgGnopsuxX
 .libc.__sio_sprintf_dfosux
                  0x001300         0x12 /Applications/microchip/xc16/v2.10/bin/bin/../../lib/libc99-elf.a(__sio_sprintf_dfosux.DA_o)
                  0x001300                  ___sio_sprintf_dfosux
 .libc.__wrap_sprintf
                  0x001312          0xc /Applications/microchip/xc16/v2.10/bin/bin/../../lib/libc99-elf.a(__sio_sprintf_dosux.DA_o)
                  0x001312                  __sprintf_cdnopsuxX
                  0x001312                  __dsprintf_cdnopsuxX
 .libc.__sio_sprintf_dosux
                  0x00131e          0xe /Applications/microchip/xc16/v2.10/bin/bin/../../lib/libc99-elf.a(__sio_sprintf_dosux.DA_o)
                  0x00131e                  ___sio_sprintf_dosux
 .libc.__wrap_sprintf
                  0x00132c          0xc /Applications/microchip/xc16/v2.10/bin/bin/../../lib/libc99-elf.a(__sio_sprintf_s.DA_o)
                  0x00132c                  __dsprintf_s
                  0x00132c                  __sprintf_s
 .libc.__sio_sprintf_s
                  0x001338          0x2 /Applications/microchip/xc16/v2.10/bin/bin/../../lib/libc99-elf.a(__sio_sprintf_s.DA_o)
                  0x001338                  ___sio_sprintf_s
 .libc.memcmp     0x00133a         0x1c /Applications/microchip/xc16/v2.10/bin/bin/../../lib/libc99-elf.a(memcmp.DA_o)
                  0x00133a                  _memcmp
 .libc.memcpy     0x001356          0xe /Applications/microchip/xc16/v2.10/bin/bin/../../lib/libc99-elf.a(memcpy.DA_o)
                  0x001356                  _memcpy
 .libc.memset     0x001364         0xc8 /Applications/microchip/xc16/v2.10/bin/bin/../../lib/libc99-elf.a(memset.DA_o)
                  0x001364                  _memset
 .libc.strtox     0x00142c         0x52 /Applications/microchip/xc16/v2.10/bin/bin/../../lib/libc99-elf.a(strtol.DA_o)
 .libc.strtoull
                  0x00147e          0x8 /Applications/microchip/xc16/v2.10/bin/bin/../../lib/libc99-elf.a(strtol.DA_o)
                  0x00147e                  _strtoull
                  0x00147e                  ___strtoull_internal
 .libc.strtoll    0x001486          0x8 /Applications/microchip/xc16/v2.10/bin/bin/../../lib/libc99-elf.a(strtol.DA_o)
                  0x001486                  ___strtoll_internal
                  0x001486                  _strtoll
 .libc.strtoul    0x00148e          0x8 /Applications/microchip/xc16/v2.10/bin/bin/../../lib/libc99-elf.a(strtol.DA_o)
                  0x00148e                  ___strtoul_internal
                  0x00148e                  _strtoul
 .libc.strtol     0x001496          0x8 /Applications/microchip/xc16/v2.10/bin/bin/../../lib/libc99-elf.a(strtol.DA_o)
                  0x001496                  ___strtol_internal
                  0x001496                  _strtol
 .libc.strtoimax
                  0x00149e          0x2 /Applications/microchip/xc16/v2.10/bin/bin/../../lib/libc99-elf.a(strtol.DA_o)
                  0x00149e                  _strtoimax
                  0x00149e                  ___strtoimax_internal
 .libc.strtoumax
                  0x0014a0          0x2 /Applications/microchip/xc16/v2.10/bin/bin/../../lib/libc99-elf.a(strtol.DA_o)
                  0x0014a0                  ___strtoumax_internal
                  0x0014a0                  _strtoumax
 .libc.__fmt_d    0x0014a2         0xb2 /Applications/microchip/xc16/v2.10/bin/bin/../../lib/libc99-elf.a(__fmt_d.DA_o)
                  0x0014a2                  ___fmt_d_needed
                  0x0014a2                  ___fmt_d
 .libc.__LONG_DOUBLE_BITS
                  0x001554          0x2 /Applications/microchip/xc16/v2.10/bin/bin/../../lib/libc99-elf.a(__fmt_fp.DA_o)
 .libc.__fmt_fp
                  0x001556        0x5b6 /Applications/microchip/xc16/v2.10/bin/bin/../../lib/libc99-elf.a(__fmt_fp.DA_o)
                  0x001556                  ___fmt_fp
                  0x001556                  ___fmt_f_needed
 .libc.__fmt_o    0x001b0c         0x6a /Applications/microchip/xc16/v2.10/bin/bin/../../lib/libc99-elf.a(__fmt_o.DA_o)
                  0x001b0c                  ___fmt_o_needed
                  0x001b0c                  ___fmt_o
 .libc.__fmt_s    0x001b76         0x54 /Applications/microchip/xc16/v2.10/bin/bin/../../lib/libc99-elf.a(__fmt_s.DA_o)
                  0x001b76                  ___fmt_s
                  0x001b76                  ___fmt_0_needed
                  0x001b76                  ___fmt_s_needed
 .libc.__cvt_u    0x001bca         0xa6 /Applications/microchip/xc16/v2.10/bin/bin/../../lib/libc99-elf.a(__fmt_u.DA_o)
                  0x001bca                  ___cvt_u
 .libc.__fmt_u    0x001c70         0x52 /Applications/microchip/xc16/v2.10/bin/bin/../../lib/libc99-elf.a(__fmt_u.DA_o)
                  0x001c70                  ___fmt_u_needed
                  0x001c70                  ___fmt_u
 .libc.__fmt_x    0x001cc2        0x14a /Applications/microchip/xc16/v2.10/bin/bin/../../lib/libc99-elf.a(__fmt_x.DA_o)
                  0x001cc2                  ___fmt_x
                  0x001cc2                  ___fmt_x_needed
 .libc.__vsprintf
                  0x001e0c          0x8 /Applications/microchip/xc16/v2.10/bin/bin/../../lib/libc99-elf.a(__int_vsprintf.DA_o)
                  0x001e0c                  ___vsprintf
 .libc.__pop_float
                  0x001e14         0x3e /Applications/microchip/xc16/v2.10/bin/bin/../../lib/libc99-elf.a(__pop_float.DA_o)
                  0x001e14                  ___pop_float_needed
                  0x001e14                  ___pop_float
 .libc.__pop_int
                  0x001e52         0xa8 /Applications/microchip/xc16/v2.10/bin/bin/../../lib/libc99-elf.a(__pop_int.DA_o)
                  0x001e52                  ___pop_int_needed
                  0x001e52                  ___pop_int
 .libc.__pop_ptr
                  0x001efa         0x70 /Applications/microchip/xc16/v2.10/bin/bin/../../lib/libc99-elf.a(__pop_ptr.DA_o)
                  0x001efa                  ___pop_ptr
                  0x001efa                  ___pop_ptr_needed
 .libc.__string_out
                  0x001f6a         0x26 /Applications/microchip/xc16/v2.10/bin/bin/../../lib/libc99-elf.a(__printf_core.DA_o)
                  0x001f6a                  ___out
 .libc.__pad      0x001f90         0x74 /Applications/microchip/xc16/v2.10/bin/bin/../../lib/libc99-elf.a(__printf_core.DA_o)
                  0x001f90                  ___pad
 .libc.__dummy_fmt3
                  0x002004          0x2 /Applications/microchip/xc16/v2.10/bin/bin/../../lib/libc99-elf.a(__printf_core.DA_o)
 .libc.__dummy_fmt4
                  0x002006          0x2 /Applications/microchip/xc16/v2.10/bin/bin/../../lib/libc99-elf.a(__printf_core.DA_o)
                  0x002006                  ___fmt_a
 .libc.__dummy_fmts
                  0x002008          0x2 /Applications/microchip/xc16/v2.10/bin/bin/../../lib/libc99-elf.a(__printf_core.DA_o)
 .libc.__fmt_state
                  0x00200a         0x2c /Applications/microchip/xc16/v2.10/bin/bin/../../lib/libc99-elf.a(__printf_core.DA_o)
                  0x00200a                  ___fmt_state
 .libc.vfpfcnvrt.clone.0
                  0x002036        0x2d8 /Applications/microchip/xc16/v2.10/bin/bin/../../lib/libc99-elf.a(__printf_core.DA_o)
 .libc.__printf_core
                  0x00230e         0x40 /Applications/microchip/xc16/v2.10/bin/bin/../../lib/libc99-elf.a(__printf_core.DA_o)
                  0x00230e                  ___printf_core
 .libc.__isspace
                  0x00234e         0x14 /Applications/microchip/xc16/v2.10/bin/bin/../../lib/libc99-elf.a(atoi.DA_o)
 .libc.atoi       0x002362         0x4c /Applications/microchip/xc16/v2.10/bin/bin/../../lib/libc99-elf.a(atoi.DA_o)
                  0x002362                  _atoi
 .libc.__isspace
                  0x0023ae         0x14 /Applications/microchip/xc16/v2.10/bin/bin/../../lib/libc99-elf.a(intscan.DA_o)
 .libc.__intscan
                  0x0023c2        0x432 /Applications/microchip/xc16/v2.10/bin/bin/../../lib/libc99-elf.a(intscan.DA_o)
                  0x0023c2                  ___intscan
 .libc.__shlim    0x0027f4         0x4a /Applications/microchip/xc16/v2.10/bin/bin/../../lib/libc99-elf.a(shgetc.DA_o)
                  0x0027f4                  ___shlim
 .libc.__shgetc
                  0x00283e        0x130 /Applications/microchip/xc16/v2.10/bin/bin/../../lib/libc99-elf.a(shgetc.DA_o)
                  0x00283e                  ___shgetc
 .libc.strcpy     0x00296e          0xe /Applications/microchip/xc16/v2.10/bin/bin/../../lib/libc99-elf.a(strcpy.DA_o)
                  0x00296e                  _strcpy
 .libc.strlen     0x00297c         0x30 /Applications/microchip/xc16/v2.10/bin/bin/../../lib/libc99-elf.a(strlen.DA_o)
                  0x00297c                  _strlen
 .libc.tolower    0x0029ac          0xc /Applications/microchip/xc16/v2.10/bin/bin/../../lib/libc99-elf.a(tolower.DA_o)
                  0x0029ac                  _tolower
 .libc.__tolower_l
                  0x0029b8          0x2 /Applications/microchip/xc16/v2.10/bin/bin/../../lib/libc99-elf.a(tolower.DA_o)
                  0x0029b8                  _tolower_l
                  0x0029b8                  ___tolower_l
 .libc.toupper    0x0029ba          0xc /Applications/microchip/xc16/v2.10/bin/bin/../../lib/libc99-elf.a(toupper.DA_o)
                  0x0029ba                  _toupper
 .libc.__toupper_l
                  0x0029c6          0x2 /Applications/microchip/xc16/v2.10/bin/bin/../../lib/libc99-elf.a(toupper.DA_o)
                  0x0029c6                  _toupper_l
                  0x0029c6                  ___toupper_l
 .libc.__vsnprintf
                  0x0029c8         0x4a /Applications/microchip/xc16/v2.10/bin/bin/../../lib/libc99-elf.a(__int_vsnprintf.DA_o)
                  0x0029c8                  ___vsnprintf
 .libc.__uflow    0x002a12         0x2a /Applications/microchip/xc16/v2.10/bin/bin/../../lib/libc99-elf.a(__uflow.DA_o)
                  0x002a12                  ___uflow
 .libc.__stpcpy
                  0x002a3c         0x40 /Applications/microchip/xc16/v2.10/bin/bin/../../lib/libc99-elf.a(stpcpy.DA_o)
                  0x002a3c                  _stpcpy
                  0x002a3c                  ___stpcpy
 .libc.__vfprintf
                  0x002a7c         0x1c /Applications/microchip/xc16/v2.10/bin/bin/../../lib/libc99-elf.a(__int_vfprintf.DA_o)
                  0x002a7c                  ___vfprintf
 .libc.__toread
                  0x002a98         0x48 /Applications/microchip/xc16/v2.10/bin/bin/../../lib/libc99-elf.a(__toread.DA_o)
                  0x002a98                  ___toread
 .libc.__toread_needs_stdio_exit
                  0x002ae0          0x2 /Applications/microchip/xc16/v2.10/bin/bin/../../lib/libc99-elf.a(__toread.DA_o)
                  0x002ae0                  ___toread_needs_stdio_exit
 .libc.__dummy    0x002ae2          0x2 /Applications/microchip/xc16/v2.10/bin/bin/../../lib/libc99-elf.a(__stdio_exit.DA_o)
                  0x002ae2                  ___stdio_exit_ofl
 .libc.__dummy1
                  0x002ae4          0x2 /Applications/microchip/xc16/v2.10/bin/bin/../../lib/libc99-elf.a(__stdio_exit.DA_o)
                  0x002ae4                  ___fclose
 .libc.__stdio_exit
                  0x002ae6         0x14 /Applications/microchip/xc16/v2.10/bin/bin/../../lib/libc99-elf.a(__stdio_exit.DA_o)
                  0x002ae6                  ___stdio_exit
                  0x002ae6                  ___stdio_exit_needed
 .libm.eqdf2      0x002afa          0xa /Applications/microchip/xc16/v2.10/bin/bin/../../lib/libc99-pic30-elf.a(deqltle.DA_o)
                  0x002afa                  ___ledf2
                  0x002afa                  ___eqdf2
                  0x002afa                  ___ltdf2
 .libm.gtdf2      0x002b04          0xa /Applications/microchip/xc16/v2.10/bin/bin/../../lib/libc99-pic30-elf.a(dgtge.DA_o)
                  0x002b04                  ___gedf2
                  0x002b04                  ___gtdf2
 .libm.extendsfdf2
                  0x002b0e         0x3e /Applications/microchip/xc16/v2.10/bin/bin/../../lib/libc99-pic30-elf.a(extendsfdf.DA_o)
                  0x002b0e                  ___extendsfdf2
 .libm.fixdfsi    0x002b4c         0x58 /Applications/microchip/xc16/v2.10/bin/bin/../../lib/libc99-pic30-elf.a(fixdfsi.DA_o)
                  0x002b4c                  _(float, int, long long, double, float, short, int)
 .libm.mulsi3     0x002ba4          0xc /Applications/microchip/xc16/v2.10/bin/bin/../../lib/libc99-pic30-elf.a(mulsi3.DA_o)
                  0x002ba4                  ___mulp32eds3
                  0x002ba4                  ___mulp32peds3
                  0x002ba4                  ___mulsi3
 .lib_dpfops      0x002bb0         0xa2 /Applications/microchip/xc16/v2.10/bin/bin/../../lib/libc99-pic30-elf.a(dpadd.DA_o)
                  0x002bb0                  ___subdf3
                  0x002bbc                  ___adddf3
 .lib_dpfops      0x002c52        0x15e /Applications/microchip/xc16/v2.10/bin/bin/../../lib/libc99-pic30-elf.a(dpdiv.DA_o)
                  0x002c52                  ___divdf3
 .lib_dpfops      0x002db0        0x11a /Applications/microchip/xc16/v2.10/bin/bin/../../lib/libc99-pic30-elf.a(dpmul.DA_o)
                  0x002db0                  ___muldf3
 .lib_dpfops      0x002eca        0x128 /Applications/microchip/xc16/v2.10/bin/bin/../../lib/libc99-pic30-elf.a(dpsubs.DA_o)
                  0x002ee4                  __dxchg
                  0x002ef2                  __drshft
                  0x002f4c                  __dupchk
                  0x002fae                  __drndex
                  0x002fb8                  __dnsrnd
                  0x002fe4                  __dpakex
 .libm.dcompare
                  0x002ff2         0x52 /Applications/microchip/xc16/v2.10/bin/bin/../../lib/libc99-pic30-elf.a(dcompare.DA_o)
                  0x002ff2                  __dcompare
 .libm.dtype      0x003044         0x24 /Applications/microchip/xc16/v2.10/bin/bin/../../lib/libc99-pic30-elf.a(dtype.DA_o)
                  0x003044                  __dtype
 .libm.dunpack    0x003068         0x4e /Applications/microchip/xc16/v2.10/bin/bin/../../lib/libc99-pic30-elf.a(dunpack.DA_o)
                  0x003068                  __dunpack
 .libm.dunpack2
                  0x0030b6         0x32 /Applications/microchip/xc16/v2.10/bin/bin/../../lib/libc99-pic30-elf.a(dunpack2.DA_o)
                  0x0030b6                  __dunpack2
                  0x0030d8                  __dreturnNaN
                  0x0030de                  __dunpack2exit
 .libm.dPropagateNaN
                  0x0030e8         0x1c /Applications/microchip/xc16/v2.10/bin/bin/../../lib/libc99-pic30-elf.a(dpropagateNaN.DA_o)
                  0x0030e8                  __dPropagateNaN
 .libc.floorl     0x003104         0xf8 /Applications/microchip/xc16/v2.10/bin/bin/../../lib/libm-elf.a(floorl.DA_o)
                  0x003104                  _floorl

usercode
 *(usercode)

__FSEC
 *(__FSEC.sec*)

__FBSLIM
 *(__FBSLIM.sec*)

__FSIGN
 *(__FSIGN.sec*)

__FOSCSEL
 *(__FOSCSEL.sec*)

__FOSC
 *(__FOSC.sec*)

__FWDT
 *(__FWDT.sec*)

__FPOR
 *(__FPOR.sec*)

__FICD
 *(__FICD.sec*)

__FDMTIVTL
 *(__FDMTIVTL.sec*)

__FDMTIVTH
 *(__FDMTIVTH.sec*)

__FDMTCNTL
 *(__FDMTCNTL.sec*)

__FDMTCNTH
 *(__FDMTCNTH.sec*)

__FMDT
 *(__FMDT.sec*)

__FDEVOPT1
 *(__FDEVOPT1.sec*)

.comment
 *(.comment)

.debug_info       0x000000      0x11049
 *(.debug_info)
 .debug_info      0x000000       0x17ae build/default/production/PWM.o
 .debug_info      0x0017ae       0x1b2b build/default/production/bluetooth.o
 .debug_info      0x0032d9       0x3ed8 build/default/production/main.o
 .debug_info      0x0071b1       0x14f0 build/default/production/owire.o
 .debug_info      0x0086a1        0xd87 build/default/production/adc.o
 .debug_info      0x009428        0xfb5 build/default/production/piezos.o
 .debug_info      0x00a3dd        0x721 build/default/production/eeprom.o
 .debug_info      0x00aafe        0x75c build/default/production/eeprom_async.o
 .debug_info      0x00b25a        0x762 build/default/production/i2c.o
 .debug_info      0x00b9bc        0x99f build/default/production/i2c_async.o
 .debug_info      0x00c35b        0x592 build/default/production/pod.o
 .debug_info      0x00c8ed        0x6d7 build/default/production/pod_manager.o
 .debug_info      0x00cfc4        0xc1d build/default/production/pod_manager_async.o
 .debug_info      0x00dbe1       0x1ee9 build/default/production/relay_pwm_manager.o
 .debug_info      0x00faca         0x8d /Applications/microchip/xc16/v2.10/bin/bin/../../lib/libc99-pic30-elf.a(feqltle.DA_o)
 .debug_info      0x00fb57         0x8b /Applications/microchip/xc16/v2.10/bin/bin/../../lib/libc99-pic30-elf.a(fgtge.DA_o)
 .debug_info      0x00fbe2         0x8d /Applications/microchip/xc16/v2.10/bin/bin/../../lib/libc99-pic30-elf.a(fixsfsi.DA_o)
 .debug_info      0x00fc6f         0x90 /Applications/microchip/xc16/v2.10/bin/bin/../../lib/libc99-pic30-elf.a(fixunssfsi.DA_o)
 .debug_info      0x00fcff         0x8f /Applications/microchip/xc16/v2.10/bin/bin/../../lib/libc99-pic30-elf.a(floatsisf.DA_o)
 .debug_info      0x00fd8e         0x91 /Applications/microchip/xc16/v2.10/bin/bin/../../lib/libc99-pic30-elf.a(floatunsisf.DA_o)
 .debug_info      0x00fe1f         0x8d /Applications/microchip/xc16/v2.10/bin/bin/../../lib/libc99-pic30-elf.a(funpack.DA_o)
 .debug_info      0x00feac         0x8d /Applications/microchip/xc16/v2.10/bin/bin/../../lib/libc99-pic30-elf.a(udivsi3.DA_o)
 .debug_info      0x00ff39         0x9d /Applications/microchip/xc16/v2.10/bin/bin/../../lib/libc99-pic30-elf.a(addsf3x.DA_o)
 .debug_info      0x00ffd6         0x9d /Applications/microchip/xc16/v2.10/bin/bin/../../lib/libc99-pic30-elf.a(divsf3x.DA_o)
 .debug_info      0x010073         0x9d /Applications/microchip/xc16/v2.10/bin/bin/../../lib/libc99-pic30-elf.a(mulsf3x.DA_o)
 .debug_info      0x010110         0xa0 /Applications/microchip/xc16/v2.10/bin/bin/../../lib/libc99-pic30-elf.a(dnrmpackfx.DA_o)
 .debug_info      0x0101b0         0xa2 /Applications/microchip/xc16/v2.10/bin/bin/../../lib/libc99-pic30-elf.a(unpackdnrmfx.DA_o)
 .debug_info      0x010252         0x9c /Applications/microchip/xc16/v2.10/bin/bin/../../lib/libc99-pic30-elf.a(typefx.DA_o)
 .debug_info      0x0102ee         0x9f /Applications/microchip/xc16/v2.10/bin/bin/../../lib/libc99-pic30-elf.a(propnanfx.DA_o)
 .debug_info      0x01038d         0x9d /Applications/microchip/xc16/v2.10/bin/bin/../../lib/libc99-pic30-elf.a(spackfx.DA_o)
 .debug_info      0x01042a         0x9e /Applications/microchip/xc16/v2.10/bin/bin/../../lib/libc99-pic30-elf.a(unpackfx.DA_o)
 .debug_info      0x0104c8         0x8e /Applications/microchip/xc16/v2.10/bin/bin/../../lib/libc99-pic30-elf.a(fcompare.DA_o)
 .debug_info      0x010556         0x8f /Applications/microchip/xc16/v2.10/bin/bin/../../lib/libc99-pic30-elf.a(floatdisf.DA_o)
 .debug_info      0x0105e5         0x91 /Applications/microchip/xc16/v2.10/bin/bin/../../lib/libc99-pic30-elf.a(floatundisf.DA_o)
 .debug_info      0x010676         0x8b /Applications/microchip/xc16/v2.10/bin/bin/../../lib/libc99-pic30-elf.a(fpack.DA_o)
 .debug_info      0x010701         0x8e /Applications/microchip/xc16/v2.10/bin/bin/../../lib/libc99-pic30-elf.a(funpack2.DA_o)
 .debug_info      0x01078f         0x8d /Applications/microchip/xc16/v2.10/bin/bin/../../lib/libc99-pic30-elf.a(umuldi3.DA_o)
 .debug_info      0x01081c         0x8d /Applications/microchip/xc16/v2.10/bin/bin/../../lib/libc99-pic30-elf.a(deqltle.DA_o)
 .debug_info      0x0108a9         0x8b /Applications/microchip/xc16/v2.10/bin/bin/../../lib/libc99-pic30-elf.a(dgtge.DA_o)
 .debug_info      0x010934         0x90 /Applications/microchip/xc16/v2.10/bin/bin/../../lib/libc99-pic30-elf.a(extendsfdf.DA_o)
 .debug_info      0x0109c4         0x8d /Applications/microchip/xc16/v2.10/bin/bin/../../lib/libc99-pic30-elf.a(fixdfsi.DA_o)
 .debug_info      0x010a51         0x8c /Applications/microchip/xc16/v2.10/bin/bin/../../lib/libc99-pic30-elf.a(mulsi3.DA_o)
 .debug_info      0x010add         0xa9 /Applications/microchip/xc16/v2.10/bin/bin/../../lib/libc99-pic30-elf.a(dpadd.DA_o)
 .debug_info      0x010b86         0xa9 /Applications/microchip/xc16/v2.10/bin/bin/../../lib/libc99-pic30-elf.a(dpdiv.DA_o)
 .debug_info      0x010c2f         0xa9 /Applications/microchip/xc16/v2.10/bin/bin/../../lib/libc99-pic30-elf.a(dpmul.DA_o)
 .debug_info      0x010cd8         0xaa /Applications/microchip/xc16/v2.10/bin/bin/../../lib/libc99-pic30-elf.a(dpsubs.DA_o)
 .debug_info      0x010d82         0x8e /Applications/microchip/xc16/v2.10/bin/bin/../../lib/libc99-pic30-elf.a(dcompare.DA_o)
 .debug_info      0x010e10         0x8b /Applications/microchip/xc16/v2.10/bin/bin/../../lib/libc99-pic30-elf.a(dtype.DA_o)
 .debug_info      0x010e9b         0x8d /Applications/microchip/xc16/v2.10/bin/bin/../../lib/libc99-pic30-elf.a(dunpack.DA_o)
 .debug_info      0x010f28         0x8e /Applications/microchip/xc16/v2.10/bin/bin/../../lib/libc99-pic30-elf.a(dunpack2.DA_o)
 .debug_info      0x010fb6         0x93 /Applications/microchip/xc16/v2.10/bin/bin/../../lib/libc99-pic30-elf.a(dpropagateNaN.DA_o)
 *(.gnu.linkonce.wi.*)

.debug_abbrev     0x000000       0x17fb
 *(.debug_abbrev)
 .debug_abbrev    0x000000        0x157 build/default/production/PWM.o
 .debug_abbrev    0x000157        0x273 build/default/production/bluetooth.o
 .debug_abbrev    0x0003ca        0x27b build/default/production/main.o
 .debug_abbrev    0x000645        0x22d build/default/production/owire.o
 .debug_abbrev    0x000872        0x143 build/default/production/adc.o
 .debug_abbrev    0x0009b5        0x212 build/default/production/piezos.o
 .debug_abbrev    0x000bc7         0xff build/default/production/eeprom.o
 .debug_abbrev    0x000cc6         0xff build/default/production/eeprom_async.o
 .debug_abbrev    0x000dc5        0x13f build/default/production/i2c.o
 .debug_abbrev    0x000f04        0x16e build/default/production/i2c_async.o
 .debug_abbrev    0x001072         0xfc build/default/production/pod.o
 .debug_abbrev    0x00116e         0xad build/default/production/pod_manager.o
 .debug_abbrev    0x00121b        0x149 build/default/production/pod_manager_async.o
 .debug_abbrev    0x001364        0x1b3 build/default/production/relay_pwm_manager.o
 .debug_abbrev    0x001517         0x14 /Applications/microchip/xc16/v2.10/bin/bin/../../lib/libc99-pic30-elf.a(feqltle.DA_o)
 .debug_abbrev    0x00152b         0x14 /Applications/microchip/xc16/v2.10/bin/bin/../../lib/libc99-pic30-elf.a(fgtge.DA_o)
 .debug_abbrev    0x00153f         0x14 /Applications/microchip/xc16/v2.10/bin/bin/../../lib/libc99-pic30-elf.a(fixsfsi.DA_o)
 .debug_abbrev    0x001553         0x14 /Applications/microchip/xc16/v2.10/bin/bin/../../lib/libc99-pic30-elf.a(fixunssfsi.DA_o)
 .debug_abbrev    0x001567         0x14 /Applications/microchip/xc16/v2.10/bin/bin/../../lib/libc99-pic30-elf.a(floatsisf.DA_o)
 .debug_abbrev    0x00157b         0x14 /Applications/microchip/xc16/v2.10/bin/bin/../../lib/libc99-pic30-elf.a(floatunsisf.DA_o)
 .debug_abbrev    0x00158f         0x14 /Applications/microchip/xc16/v2.10/bin/bin/../../lib/libc99-pic30-elf.a(funpack.DA_o)
 .debug_abbrev    0x0015a3         0x14 /Applications/microchip/xc16/v2.10/bin/bin/../../lib/libc99-pic30-elf.a(udivsi3.DA_o)
 .debug_abbrev    0x0015b7         0x14 /Applications/microchip/xc16/v2.10/bin/bin/../../lib/libc99-pic30-elf.a(addsf3x.DA_o)
 .debug_abbrev    0x0015cb         0x14 /Applications/microchip/xc16/v2.10/bin/bin/../../lib/libc99-pic30-elf.a(divsf3x.DA_o)
 .debug_abbrev    0x0015df         0x14 /Applications/microchip/xc16/v2.10/bin/bin/../../lib/libc99-pic30-elf.a(mulsf3x.DA_o)
 .debug_abbrev    0x0015f3         0x14 /Applications/microchip/xc16/v2.10/bin/bin/../../lib/libc99-pic30-elf.a(dnrmpackfx.DA_o)
 .debug_abbrev    0x001607         0x14 /Applications/microchip/xc16/v2.10/bin/bin/../../lib/libc99-pic30-elf.a(unpackdnrmfx.DA_o)
 .debug_abbrev    0x00161b         0x14 /Applications/microchip/xc16/v2.10/bin/bin/../../lib/libc99-pic30-elf.a(typefx.DA_o)
 .debug_abbrev    0x00162f         0x14 /Applications/microchip/xc16/v2.10/bin/bin/../../lib/libc99-pic30-elf.a(propnanfx.DA_o)
 .debug_abbrev    0x001643         0x14 /Applications/microchip/xc16/v2.10/bin/bin/../../lib/libc99-pic30-elf.a(spackfx.DA_o)
 .debug_abbrev    0x001657         0x14 /Applications/microchip/xc16/v2.10/bin/bin/../../lib/libc99-pic30-elf.a(unpackfx.DA_o)
 .debug_abbrev    0x00166b         0x14 /Applications/microchip/xc16/v2.10/bin/bin/../../lib/libc99-pic30-elf.a(fcompare.DA_o)
 .debug_abbrev    0x00167f         0x14 /Applications/microchip/xc16/v2.10/bin/bin/../../lib/libc99-pic30-elf.a(floatdisf.DA_o)
 .debug_abbrev    0x001693         0x14 /Applications/microchip/xc16/v2.10/bin/bin/../../lib/libc99-pic30-elf.a(floatundisf.DA_o)
 .debug_abbrev    0x0016a7         0x14 /Applications/microchip/xc16/v2.10/bin/bin/../../lib/libc99-pic30-elf.a(fpack.DA_o)
 .debug_abbrev    0x0016bb         0x14 /Applications/microchip/xc16/v2.10/bin/bin/../../lib/libc99-pic30-elf.a(funpack2.DA_o)
 .debug_abbrev    0x0016cf         0x14 /Applications/microchip/xc16/v2.10/bin/bin/../../lib/libc99-pic30-elf.a(umuldi3.DA_o)
 .debug_abbrev    0x0016e3         0x14 /Applications/microchip/xc16/v2.10/bin/bin/../../lib/libc99-pic30-elf.a(deqltle.DA_o)
 .debug_abbrev    0x0016f7         0x14 /Applications/microchip/xc16/v2.10/bin/bin/../../lib/libc99-pic30-elf.a(dgtge.DA_o)
 .debug_abbrev    0x00170b         0x14 /Applications/microchip/xc16/v2.10/bin/bin/../../lib/libc99-pic30-elf.a(extendsfdf.DA_o)
 .debug_abbrev    0x00171f         0x14 /Applications/microchip/xc16/v2.10/bin/bin/../../lib/libc99-pic30-elf.a(fixdfsi.DA_o)
 .debug_abbrev    0x001733         0x14 /Applications/microchip/xc16/v2.10/bin/bin/../../lib/libc99-pic30-elf.a(mulsi3.DA_o)
 .debug_abbrev    0x001747         0x14 /Applications/microchip/xc16/v2.10/bin/bin/../../lib/libc99-pic30-elf.a(dpadd.DA_o)
 .debug_abbrev    0x00175b         0x14 /Applications/microchip/xc16/v2.10/bin/bin/../../lib/libc99-pic30-elf.a(dpdiv.DA_o)
 .debug_abbrev    0x00176f         0x14 /Applications/microchip/xc16/v2.10/bin/bin/../../lib/libc99-pic30-elf.a(dpmul.DA_o)
 .debug_abbrev    0x001783         0x14 /Applications/microchip/xc16/v2.10/bin/bin/../../lib/libc99-pic30-elf.a(dpsubs.DA_o)
 .debug_abbrev    0x001797         0x14 /Applications/microchip/xc16/v2.10/bin/bin/../../lib/libc99-pic30-elf.a(dcompare.DA_o)
 .debug_abbrev    0x0017ab         0x14 /Applications/microchip/xc16/v2.10/bin/bin/../../lib/libc99-pic30-elf.a(dtype.DA_o)
 .debug_abbrev    0x0017bf         0x14 /Applications/microchip/xc16/v2.10/bin/bin/../../lib/libc99-pic30-elf.a(dunpack.DA_o)
 .debug_abbrev    0x0017d3         0x14 /Applications/microchip/xc16/v2.10/bin/bin/../../lib/libc99-pic30-elf.a(dunpack2.DA_o)
 .debug_abbrev    0x0017e7         0x14 /Applications/microchip/xc16/v2.10/bin/bin/../../lib/libc99-pic30-elf.a(dpropagateNaN.DA_o)

.debug_line       0x000000       0x279b
 *(.debug_line)
 .debug_line      0x000000        0x147 build/default/production/PWM.o
 .debug_line      0x000147        0x29f build/default/production/bluetooth.o
 .debug_line      0x0003e6        0x31a build/default/production/main.o
 .debug_line      0x000700        0x2f4 build/default/production/owire.o
 .debug_line      0x0009f4        0x124 build/default/production/adc.o
 .debug_line      0x000b18        0x292 build/default/production/piezos.o
 .debug_line      0x000daa        0x127 build/default/production/eeprom.o
 .debug_line      0x000ed1         0xde build/default/production/eeprom_async.o
 .debug_line      0x000faf        0x15f build/default/production/i2c.o
 .debug_line      0x00110e        0x1dc build/default/production/i2c_async.o
 .debug_line      0x0012ea         0xbd build/default/production/pod.o
 .debug_line      0x0013a7         0xb5 build/default/production/pod_manager.o
 .debug_line      0x00145c        0x12f build/default/production/pod_manager_async.o
 .debug_line      0x00158b        0x1ac build/default/production/relay_pwm_manager.o
 .debug_line      0x001737         0x37 /Applications/microchip/xc16/v2.10/bin/bin/../../lib/libc99-pic30-elf.a(feqltle.DA_o)
 .debug_line      0x00176e         0x35 /Applications/microchip/xc16/v2.10/bin/bin/../../lib/libc99-pic30-elf.a(fgtge.DA_o)
 .debug_line      0x0017a3         0x56 /Applications/microchip/xc16/v2.10/bin/bin/../../lib/libc99-pic30-elf.a(fixsfsi.DA_o)
 .debug_line      0x0017f9         0x53 /Applications/microchip/xc16/v2.10/bin/bin/../../lib/libc99-pic30-elf.a(fixunssfsi.DA_o)
 .debug_line      0x00184c         0x3a /Applications/microchip/xc16/v2.10/bin/bin/../../lib/libc99-pic30-elf.a(floatsisf.DA_o)
 .debug_line      0x001886         0x3b /Applications/microchip/xc16/v2.10/bin/bin/../../lib/libc99-pic30-elf.a(floatunsisf.DA_o)
 .debug_line      0x0018c1         0x4a /Applications/microchip/xc16/v2.10/bin/bin/../../lib/libc99-pic30-elf.a(funpack.DA_o)
 .debug_line      0x00190b         0x45 /Applications/microchip/xc16/v2.10/bin/bin/../../lib/libc99-pic30-elf.a(udivsi3.DA_o)
 .debug_line      0x001950        0x136 /Applications/microchip/xc16/v2.10/bin/bin/../../lib/libc99-pic30-elf.a(addsf3x.DA_o)
 .debug_line      0x001a86        0x124 /Applications/microchip/xc16/v2.10/bin/bin/../../lib/libc99-pic30-elf.a(divsf3x.DA_o)
 .debug_line      0x001baa         0xcc /Applications/microchip/xc16/v2.10/bin/bin/../../lib/libc99-pic30-elf.a(mulsf3x.DA_o)
 .debug_line      0x001c76         0x72 /Applications/microchip/xc16/v2.10/bin/bin/../../lib/libc99-pic30-elf.a(dnrmpackfx.DA_o)
 .debug_line      0x001ce8         0x7a /Applications/microchip/xc16/v2.10/bin/bin/../../lib/libc99-pic30-elf.a(unpackdnrmfx.DA_o)
 .debug_line      0x001d62         0x5e /Applications/microchip/xc16/v2.10/bin/bin/../../lib/libc99-pic30-elf.a(typefx.DA_o)
 .debug_line      0x001dc0         0x51 /Applications/microchip/xc16/v2.10/bin/bin/../../lib/libc99-pic30-elf.a(propnanfx.DA_o)
 .debug_line      0x001e11         0x98 /Applications/microchip/xc16/v2.10/bin/bin/../../lib/libc99-pic30-elf.a(spackfx.DA_o)
 .debug_line      0x001ea9         0x79 /Applications/microchip/xc16/v2.10/bin/bin/../../lib/libc99-pic30-elf.a(unpackfx.DA_o)
 .debug_line      0x001f22         0x1a /Applications/microchip/xc16/v2.10/bin/bin/../../lib/libc99-pic30-elf.a(errno.DA_o)
 .debug_line      0x001f3c         0x53 /Applications/microchip/xc16/v2.10/bin/bin/../../lib/libc99-pic30-elf.a(fcompare.DA_o)
 .debug_line      0x001f8f         0x47 /Applications/microchip/xc16/v2.10/bin/bin/../../lib/libc99-pic30-elf.a(floatdisf.DA_o)
 .debug_line      0x001fd6         0x6c /Applications/microchip/xc16/v2.10/bin/bin/../../lib/libc99-pic30-elf.a(floatundisf.DA_o)
 .debug_line      0x002042         0x5a /Applications/microchip/xc16/v2.10/bin/bin/../../lib/libc99-pic30-elf.a(fpack.DA_o)
 .debug_line      0x00209c         0x3e /Applications/microchip/xc16/v2.10/bin/bin/../../lib/libc99-pic30-elf.a(funpack2.DA_o)
 .debug_line      0x0020da         0x57 /Applications/microchip/xc16/v2.10/bin/bin/../../lib/libc99-pic30-elf.a(umuldi3.DA_o)
 .debug_line      0x002131         0x3a /Applications/microchip/xc16/v2.10/bin/bin/../../lib/libc99-pic30-elf.a(deqltle.DA_o)
 .debug_line      0x00216b         0x38 /Applications/microchip/xc16/v2.10/bin/bin/../../lib/libc99-pic30-elf.a(dgtge.DA_o)
 .debug_line      0x0021a3         0x59 /Applications/microchip/xc16/v2.10/bin/bin/../../lib/libc99-pic30-elf.a(extendsfdf.DA_o)
 .debug_line      0x0021fc         0x61 /Applications/microchip/xc16/v2.10/bin/bin/../../lib/libc99-pic30-elf.a(fixdfsi.DA_o)
 .debug_line      0x00225d         0x3a /Applications/microchip/xc16/v2.10/bin/bin/../../lib/libc99-pic30-elf.a(mulsi3.DA_o)
 .debug_line      0x002297         0xa2 /Applications/microchip/xc16/v2.10/bin/bin/../../lib/libc99-pic30-elf.a(dpadd.DA_o)
 .debug_line      0x002339        0x100 /Applications/microchip/xc16/v2.10/bin/bin/../../lib/libc99-pic30-elf.a(dpdiv.DA_o)
 .debug_line      0x002439         0xde /Applications/microchip/xc16/v2.10/bin/bin/../../lib/libc99-pic30-elf.a(dpmul.DA_o)
 .debug_line      0x002517         0xe8 /Applications/microchip/xc16/v2.10/bin/bin/../../lib/libc99-pic30-elf.a(dpsubs.DA_o)
 .debug_line      0x0025ff         0x5f /Applications/microchip/xc16/v2.10/bin/bin/../../lib/libc99-pic30-elf.a(dcompare.DA_o)
 .debug_line      0x00265e         0x45 /Applications/microchip/xc16/v2.10/bin/bin/../../lib/libc99-pic30-elf.a(dtype.DA_o)
 .debug_line      0x0026a3         0x5c /Applications/microchip/xc16/v2.10/bin/bin/../../lib/libc99-pic30-elf.a(dunpack.DA_o)
 .debug_line      0x0026ff         0x53 /Applications/microchip/xc16/v2.10/bin/bin/../../lib/libc99-pic30-elf.a(dunpack2.DA_o)
 .debug_line      0x002752         0x49 /Applications/microchip/xc16/v2.10/bin/bin/../../lib/libc99-pic30-elf.a(dpropagateNaN.DA_o)

.debug_frame      0x000000       0x146c
 *(.debug_frame)
 .debug_frame     0x000000         0x9e build/default/production/PWM.o
 .debug_frame     0x00009e        0x3e8 build/default/production/bluetooth.o
 .debug_frame     0x000486        0x3a4 build/default/production/main.o
 .debug_frame     0x00082a        0x3ba build/default/production/owire.o
 .debug_frame     0x000be4         0x48 build/default/production/adc.o
 .debug_frame     0x000c2c        0x26a build/default/production/piezos.o
 .debug_frame     0x000e96         0xca build/default/production/eeprom.o
 .debug_frame     0x000f60         0x62 build/default/production/eeprom_async.o
 .debug_frame     0x000fc2        0x120 build/default/production/i2c.o
 .debug_frame     0x0010e2         0xd4 build/default/production/i2c_async.o
 .debug_frame     0x0011b6         0x96 build/default/production/pod.o
 .debug_frame     0x00124c         0xfe build/default/production/pod_manager_async.o
 .debug_frame     0x00134a        0x122 build/default/production/relay_pwm_manager.o

.debug_str        0x000000        0x561
 *(.debug_str)
 .debug_str       0x000000         0xa2 build/default/production/PWM.o
 .debug_str       0x0000a2         0x97 build/default/production/bluetooth.o
 .debug_str       0x000139        0x1df build/default/production/main.o
 .debug_str       0x000318         0x60 build/default/production/owire.o
 .debug_str       0x000378         0x68 build/default/production/adc.o
 .debug_str       0x0003e0         0xa4 build/default/production/piezos.o
 .debug_str       0x000484         0x14 build/default/production/eeprom.o
 .debug_str       0x000498         0x1c build/default/production/i2c.o
 .debug_str       0x0004b4         0x12 build/default/production/i2c_async.o
 .debug_str       0x0004c6          0xc build/default/production/pod_manager_async.o
 .debug_str       0x0004d2         0x8f build/default/production/relay_pwm_manager.o

.debug_loc
 *(.debug_loc)

.debug_macinfo
 *(.debug_macinfo)

.debug_pubnames
                  0x000000        0xd00
 *(.debug_pubnames)
 .debug_pubnames
                  0x000000         0x8c build/default/production/PWM.o
 .debug_pubnames
                  0x00008c        0x1d0 build/default/production/bluetooth.o
 .debug_pubnames
                  0x00025c        0x216 build/default/production/main.o
 .debug_pubnames
                  0x000472        0x33f build/default/production/owire.o
 .debug_pubnames
                  0x0007b1         0x84 build/default/production/adc.o
 .debug_pubnames
                  0x000835        0x1fc build/default/production/piezos.o
 .debug_pubnames
                  0x000a31         0x8c build/default/production/eeprom.o
 .debug_pubnames
                  0x000abd         0x40 build/default/production/eeprom_async.o
 .debug_pubnames
                  0x000afd         0x8d build/default/production/i2c.o
 .debug_pubnames
                  0x000b8a         0x4e build/default/production/i2c_async.o
 .debug_pubnames
                  0x000bd8         0x53 build/default/production/pod.o
 .debug_pubnames
                  0x000c2b         0x79 build/default/production/pod_manager_async.o
 .debug_pubnames
                  0x000ca4         0x5c build/default/production/relay_pwm_manager.o

.debug_ranges
 *(.debug_ranges)

.debug_aranges    0x000000        0x5d8
 *(.debug_aranges)
 .debug_aranges
                  0x000000         0x18 build/default/production/PWM.o
 .debug_aranges
                  0x000018         0x18 build/default/production/bluetooth.o
 .debug_aranges
                  0x000030         0x18 build/default/production/main.o
 .debug_aranges
                  0x000048         0x18 build/default/production/owire.o
 .debug_aranges
                  0x000060         0x18 build/default/production/adc.o
 .debug_aranges
                  0x000078         0x18 build/default/production/piezos.o
 .debug_aranges
                  0x000090         0x18 build/default/production/eeprom.o
 .debug_aranges
                  0x0000a8         0x18 build/default/production/eeprom_async.o
 .debug_aranges
                  0x0000c0         0x18 build/default/production/i2c.o
 .debug_aranges
                  0x0000d8         0x18 build/default/production/i2c_async.o
 .debug_aranges
                  0x0000f0         0x18 build/default/production/pod.o
 .debug_aranges
                  0x000108         0x18 build/default/production/pod_manager_async.o
 .debug_aranges
                  0x000120         0x18 build/default/production/relay_pwm_manager.o
 .debug_aranges
                  0x000138         0x20 /Applications/microchip/xc16/v2.10/bin/bin/../../lib/libc99-pic30-elf.a(feqltle.DA_o)
 .debug_aranges
                  0x000158         0x20 /Applications/microchip/xc16/v2.10/bin/bin/../../lib/libc99-pic30-elf.a(fgtge.DA_o)
 .debug_aranges
                  0x000178         0x20 /Applications/microchip/xc16/v2.10/bin/bin/../../lib/libc99-pic30-elf.a(fixsfsi.DA_o)
 .debug_aranges
                  0x000198         0x20 /Applications/microchip/xc16/v2.10/bin/bin/../../lib/libc99-pic30-elf.a(fixunssfsi.DA_o)
 .debug_aranges
                  0x0001b8         0x20 /Applications/microchip/xc16/v2.10/bin/bin/../../lib/libc99-pic30-elf.a(floatsisf.DA_o)
 .debug_aranges
                  0x0001d8         0x20 /Applications/microchip/xc16/v2.10/bin/bin/../../lib/libc99-pic30-elf.a(floatunsisf.DA_o)
 .debug_aranges
                  0x0001f8         0x20 /Applications/microchip/xc16/v2.10/bin/bin/../../lib/libc99-pic30-elf.a(funpack.DA_o)
 .debug_aranges
                  0x000218         0x20 /Applications/microchip/xc16/v2.10/bin/bin/../../lib/libc99-pic30-elf.a(udivsi3.DA_o)
 .debug_aranges
                  0x000238         0x20 /Applications/microchip/xc16/v2.10/bin/bin/../../lib/libc99-pic30-elf.a(addsf3x.DA_o)
 .debug_aranges
                  0x000258         0x20 /Applications/microchip/xc16/v2.10/bin/bin/../../lib/libc99-pic30-elf.a(divsf3x.DA_o)
 .debug_aranges
                  0x000278         0x20 /Applications/microchip/xc16/v2.10/bin/bin/../../lib/libc99-pic30-elf.a(mulsf3x.DA_o)
 .debug_aranges
                  0x000298         0x20 /Applications/microchip/xc16/v2.10/bin/bin/../../lib/libc99-pic30-elf.a(dnrmpackfx.DA_o)
 .debug_aranges
                  0x0002b8         0x20 /Applications/microchip/xc16/v2.10/bin/bin/../../lib/libc99-pic30-elf.a(unpackdnrmfx.DA_o)
 .debug_aranges
                  0x0002d8         0x20 /Applications/microchip/xc16/v2.10/bin/bin/../../lib/libc99-pic30-elf.a(typefx.DA_o)
 .debug_aranges
                  0x0002f8         0x20 /Applications/microchip/xc16/v2.10/bin/bin/../../lib/libc99-pic30-elf.a(propnanfx.DA_o)
 .debug_aranges
                  0x000318         0x20 /Applications/microchip/xc16/v2.10/bin/bin/../../lib/libc99-pic30-elf.a(spackfx.DA_o)
 .debug_aranges
                  0x000338         0x20 /Applications/microchip/xc16/v2.10/bin/bin/../../lib/libc99-pic30-elf.a(unpackfx.DA_o)
 .debug_aranges
                  0x000358         0x20 /Applications/microchip/xc16/v2.10/bin/bin/../../lib/libc99-pic30-elf.a(fcompare.DA_o)
 .debug_aranges
                  0x000378         0x20 /Applications/microchip/xc16/v2.10/bin/bin/../../lib/libc99-pic30-elf.a(floatdisf.DA_o)
 .debug_aranges
                  0x000398         0x20 /Applications/microchip/xc16/v2.10/bin/bin/../../lib/libc99-pic30-elf.a(floatundisf.DA_o)
 .debug_aranges
                  0x0003b8         0x20 /Applications/microchip/xc16/v2.10/bin/bin/../../lib/libc99-pic30-elf.a(fpack.DA_o)
 .debug_aranges
                  0x0003d8         0x20 /Applications/microchip/xc16/v2.10/bin/bin/../../lib/libc99-pic30-elf.a(funpack2.DA_o)
 .debug_aranges
                  0x0003f8         0x20 /Applications/microchip/xc16/v2.10/bin/bin/../../lib/libc99-pic30-elf.a(umuldi3.DA_o)
 .debug_aranges
                  0x000418         0x20 /Applications/microchip/xc16/v2.10/bin/bin/../../lib/libc99-pic30-elf.a(deqltle.DA_o)
 .debug_aranges
                  0x000438         0x20 /Applications/microchip/xc16/v2.10/bin/bin/../../lib/libc99-pic30-elf.a(dgtge.DA_o)
 .debug_aranges
                  0x000458         0x20 /Applications/microchip/xc16/v2.10/bin/bin/../../lib/libc99-pic30-elf.a(extendsfdf.DA_o)
 .debug_aranges
                  0x000478         0x20 /Applications/microchip/xc16/v2.10/bin/bin/../../lib/libc99-pic30-elf.a(fixdfsi.DA_o)
 .debug_aranges
                  0x000498         0x20 /Applications/microchip/xc16/v2.10/bin/bin/../../lib/libc99-pic30-elf.a(mulsi3.DA_o)
 .debug_aranges
                  0x0004b8         0x20 /Applications/microchip/xc16/v2.10/bin/bin/../../lib/libc99-pic30-elf.a(dpadd.DA_o)
 .debug_aranges
                  0x0004d8         0x20 /Applications/microchip/xc16/v2.10/bin/bin/../../lib/libc99-pic30-elf.a(dpdiv.DA_o)
 .debug_aranges
                  0x0004f8         0x20 /Applications/microchip/xc16/v2.10/bin/bin/../../lib/libc99-pic30-elf.a(dpmul.DA_o)
 .debug_aranges
                  0x000518         0x20 /Applications/microchip/xc16/v2.10/bin/bin/../../lib/libc99-pic30-elf.a(dpsubs.DA_o)
 .debug_aranges
                  0x000538         0x20 /Applications/microchip/xc16/v2.10/bin/bin/../../lib/libc99-pic30-elf.a(dcompare.DA_o)
 .debug_aranges
                  0x000558         0x20 /Applications/microchip/xc16/v2.10/bin/bin/../../lib/libc99-pic30-elf.a(dtype.DA_o)
 .debug_aranges
                  0x000578         0x20 /Applications/microchip/xc16/v2.10/bin/bin/../../lib/libc99-pic30-elf.a(dunpack.DA_o)
 .debug_aranges
                  0x000598         0x20 /Applications/microchip/xc16/v2.10/bin/bin/../../lib/libc99-pic30-elf.a(dunpack2.DA_o)
 .debug_aranges
                  0x0005b8         0x20 /Applications/microchip/xc16/v2.10/bin/bin/../../lib/libc99-pic30-elf.a(dpropagateNaN.DA_o)
                    0x0000                  WREG0 = 0x0
                    0x0000                  _WREG0 = 0x0
                    0x0002                  WREG1 = 0x2
                    0x0002                  _WREG1 = 0x2
                    0x0004                  WREG2 = 0x4
                    0x0004                  _WREG2 = 0x4
                    0x0006                  WREG3 = 0x6
                    0x0006                  _WREG3 = 0x6
                    0x0008                  WREG4 = 0x8
                    0x0008                  _WREG4 = 0x8
                    0x000a                  WREG5 = 0xa
                    0x000a                  _WREG5 = 0xa
                    0x000c                  WREG6 = 0xc
                    0x000c                  _WREG6 = 0xc
                    0x000e                  WREG7 = 0xe
                    0x000e                  _WREG7 = 0xe
                    0x0010                  WREG8 = 0x10
                    0x0010                  _WREG8 = 0x10
                    0x0012                  WREG9 = 0x12
                    0x0012                  _WREG9 = 0x12
                    0x0014                  WREG10 = 0x14
                    0x0014                  _WREG10 = 0x14
                    0x0016                  WREG11 = 0x16
                    0x0016                  _WREG11 = 0x16
                    0x0018                  WREG12 = 0x18
                    0x0018                  _WREG12 = 0x18
                    0x001a                  WREG13 = 0x1a
                    0x001a                  _WREG13 = 0x1a
                    0x001c                  WREG14 = 0x1c
                    0x001c                  _WREG14 = 0x1c
                    0x001e                  WREG15 = 0x1e
                    0x001e                  _WREG15 = 0x1e
                    0x0020                  SPLIM = 0x20
                    0x0020                  _SPLIM = 0x20
                    0x002e                  PCL = 0x2e
                    0x002e                  _PCL = 0x2e
                    0x0030                  PCH = 0x30
                    0x0030                  _PCH = 0x30
                    0x0032                  DSRPAG = 0x32
                    0x0032                  _DSRPAG = 0x32
                    0x0032                  _DSRPAGbits = 0x32
                    0x0034                  DSWPAG = 0x34
                    0x0034                  _DSWPAG = 0x34
                    0x0034                  _DSWPAGbits = 0x34
                    0x0036                  RCOUNT = 0x36
                    0x0036                  _RCOUNT = 0x36
                    0x0042                  SR = 0x42
                    0x0042                  _SR = 0x42
                    0x0042                  _SRbits = 0x42
                    0x0044                  CORCON = 0x44
                    0x0044                  _CORCON = 0x44
                    0x0044                  _CORCONbits = 0x44
                    0x0052                  DISICNT = 0x52
                    0x0052                  _DISICNT = 0x52
                    0x0052                  _DISICNTbits = 0x52
                    0x0054                  TBLPAG = 0x54
                    0x0054                  _TBLPAG = 0x54
                    0x0054                  _TBLPAGbits = 0x54
                    0x005c                  DMTCON = 0x5c
                    0x005c                  _DMTCON = 0x5c
                    0x005c                  _DMTCONbits = 0x5c
                    0x0060                  DMTPRECLR = 0x60
                    0x0060                  _DMTPRECLR = 0x60
                    0x0060                  _DMTPRECLRbits = 0x60
                    0x0064                  DMTCLR = 0x64
                    0x0064                  _DMTCLR = 0x64
                    0x0064                  _DMTCLRbits = 0x64
                    0x0068                  DMTSTAT = 0x68
                    0x0068                  _DMTSTAT = 0x68
                    0x0068                  _DMTSTATbits = 0x68
                    0x006c                  DMTCNTL = 0x6c
                    0x006c                  _DMTCNTL = 0x6c
                    0x006e                  DMTCNTH = 0x6e
                    0x006e                  _DMTCNTH = 0x6e
                    0x0070                  DMTHOLDREG = 0x70
                    0x0070                  _DMTHOLDREG = 0x70
                    0x0074                  DMTPSCNTL = 0x74
                    0x0074                  _DMTPSCNTL = 0x74
                    0x0076                  DMTPSCNTH = 0x76
                    0x0076                  _DMTPSCNTH = 0x76
                    0x0078                  DMTPSINTVL = 0x78
                    0x0078                  _DMTPSINTVL = 0x78
                    0x007a                  DMTPSINTVH = 0x7a
                    0x007a                  _DMTPSINTVH = 0x7a
                    0x0080                  INTCON1 = 0x80
                    0x0080                  _INTCON1 = 0x80
                    0x0080                  _INTCON1bits = 0x80
                    0x0082                  INTCON2 = 0x82
                    0x0082                  _INTCON2 = 0x82
                    0x0082                  _INTCON2bits = 0x82
                    0x0084                  INTCON3 = 0x84
                    0x0084                  _INTCON3 = 0x84
                    0x0084                  _INTCON3bits = 0x84
                    0x0086                  INTCON4 = 0x86
                    0x0086                  _INTCON4 = 0x86
                    0x0086                  _INTCON4bits = 0x86
                    0x0088                  IFS0 = 0x88
                    0x0088                  _IFS0 = 0x88
                    0x0088                  _IFS0bits = 0x88
                    0x008a                  IFS1 = 0x8a
                    0x008a                  _IFS1 = 0x8a
                    0x008a                  _IFS1bits = 0x8a
                    0x008c                  IFS2 = 0x8c
                    0x008c                  _IFS2 = 0x8c
                    0x008c                  _IFS2bits = 0x8c
                    0x008e                  IFS3 = 0x8e
                    0x008e                  _IFS3 = 0x8e
                    0x008e                  _IFS3bits = 0x8e
                    0x0090                  IFS4 = 0x90
                    0x0090                  _IFS4 = 0x90
                    0x0090                  _IFS4bits = 0x90
                    0x0092                  IFS5 = 0x92
                    0x0092                  _IFS5 = 0x92
                    0x0092                  _IFS5bits = 0x92
                    0x0094                  IFS6 = 0x94
                    0x0094                  _IFS6 = 0x94
                    0x0094                  _IFS6bits = 0x94
                    0x0096                  IFS7 = 0x96
                    0x0096                  _IFS7 = 0x96
                    0x0096                  _IFS7bits = 0x96
                    0x0098                  IEC0 = 0x98
                    0x0098                  _IEC0 = 0x98
                    0x0098                  _IEC0bits = 0x98
                    0x009a                  IEC1 = 0x9a
                    0x009a                  _IEC1 = 0x9a
                    0x009a                  _IEC1bits = 0x9a
                    0x009c                  IEC2 = 0x9c
                    0x009c                  _IEC2 = 0x9c
                    0x009c                  _IEC2bits = 0x9c
                    0x009e                  IEC3 = 0x9e
                    0x009e                  _IEC3 = 0x9e
                    0x009e                  _IEC3bits = 0x9e
                    0x00a0                  IEC4 = 0xa0
                    0x00a0                  _IEC4 = 0xa0
                    0x00a0                  _IEC4bits = 0xa0
                    0x00a2                  IEC5 = 0xa2
                    0x00a2                  _IEC5 = 0xa2
                    0x00a2                  _IEC5bits = 0xa2
                    0x00a4                  IEC6 = 0xa4
                    0x00a4                  _IEC6 = 0xa4
                    0x00a4                  _IEC6bits = 0xa4
                    0x00a6                  IEC7 = 0xa6
                    0x00a6                  _IEC7 = 0xa6
                    0x00a6                  _IEC7bits = 0xa6
                    0x00a8                  IPC0 = 0xa8
                    0x00a8                  _IPC0 = 0xa8
                    0x00a8                  _IPC0bits = 0xa8
                    0x00aa                  IPC1 = 0xaa
                    0x00aa                  _IPC1 = 0xaa
                    0x00aa                  _IPC1bits = 0xaa
                    0x00ac                  IPC2 = 0xac
                    0x00ac                  _IPC2 = 0xac
                    0x00ac                  _IPC2bits = 0xac
                    0x00ae                  IPC3 = 0xae
                    0x00ae                  _IPC3 = 0xae
                    0x00ae                  _IPC3bits = 0xae
                    0x00b0                  IPC4 = 0xb0
                    0x00b0                  _IPC4 = 0xb0
                    0x00b0                  _IPC4bits = 0xb0
                    0x00b2                  IPC5 = 0xb2
                    0x00b2                  _IPC5 = 0xb2
                    0x00b2                  _IPC5bits = 0xb2
                    0x00b4                  IPC6 = 0xb4
                    0x00b4                  _IPC6 = 0xb4
                    0x00b4                  _IPC6bits = 0xb4
                    0x00b6                  IPC7 = 0xb6
                    0x00b6                  _IPC7 = 0xb6
                    0x00b6                  _IPC7bits = 0xb6
                    0x00b8                  IPC8 = 0xb8
                    0x00b8                  _IPC8 = 0xb8
                    0x00b8                  _IPC8bits = 0xb8
                    0x00ba                  IPC9 = 0xba
                    0x00ba                  _IPC9 = 0xba
                    0x00ba                  _IPC9bits = 0xba
                    0x00bc                  IPC10 = 0xbc
                    0x00bc                  _IPC10 = 0xbc
                    0x00bc                  _IPC10bits = 0xbc
                    0x00be                  IPC11 = 0xbe
                    0x00be                  _IPC11 = 0xbe
                    0x00be                  _IPC11bits = 0xbe
                    0x00c0                  IPC12 = 0xc0
                    0x00c0                  _IPC12 = 0xc0
                    0x00c0                  _IPC12bits = 0xc0
                    0x00c2                  IPC13 = 0xc2
                    0x00c2                  _IPC13 = 0xc2
                    0x00c2                  _IPC13bits = 0xc2
                    0x00c4                  IPC14 = 0xc4
                    0x00c4                  _IPC14 = 0xc4
                    0x00c4                  _IPC14bits = 0xc4
                    0x00c6                  IPC15 = 0xc6
                    0x00c6                  _IPC15 = 0xc6
                    0x00c6                  _IPC15bits = 0xc6
                    0x00c8                  IPC16 = 0xc8
                    0x00c8                  _IPC16 = 0xc8
                    0x00c8                  _IPC16bits = 0xc8
                    0x00ca                  IPC17 = 0xca
                    0x00ca                  _IPC17 = 0xca
                    0x00cc                  IPC18 = 0xcc
                    0x00cc                  _IPC18 = 0xcc
                    0x00cc                  _IPC18bits = 0xcc
                    0x00ce                  IPC19 = 0xce
                    0x00ce                  _IPC19 = 0xce
                    0x00d0                  IPC20 = 0xd0
                    0x00d0                  _IPC20 = 0xd0
                    0x00d0                  _IPC20bits = 0xd0
                    0x00d2                  IPC21 = 0xd2
                    0x00d2                  _IPC21 = 0xd2
                    0x00d2                  _IPC21bits = 0xd2
                    0x00d4                  IPC22 = 0xd4
                    0x00d4                  _IPC22 = 0xd4
                    0x00d4                  _IPC22bits = 0xd4
                    0x00d6                  IPC23 = 0xd6
                    0x00d6                  _IPC23 = 0xd6
                    0x00d6                  _IPC23bits = 0xd6
                    0x00d8                  IPC24 = 0xd8
                    0x00d8                  _IPC24 = 0xd8
                    0x00d8                  _IPC24bits = 0xd8
                    0x00da                  IPC25 = 0xda
                    0x00da                  _IPC25 = 0xda
                    0x00da                  _IPC25bits = 0xda
                    0x00dc                  IPC26 = 0xdc
                    0x00dc                  _IPC26 = 0xdc
                    0x00dc                  _IPC26bits = 0xdc
                    0x00de                  IPC27 = 0xde
                    0x00de                  _IPC27 = 0xde
                    0x00de                  _IPC27bits = 0xde
                    0x00e0                  IPC28 = 0xe0
                    0x00e0                  _IPC28 = 0xe0
                    0x00e2                  IPC29 = 0xe2
                    0x00e2                  _IPC29 = 0xe2
                    0x00e2                  _IPC29bits = 0xe2
                    0x00e4                  INTTREG = 0xe4
                    0x00e4                  _INTTREG = 0xe4
                    0x00e4                  _INTTREGbits = 0xe4
                    0x0100                  OSCCON = 0x100
                    0x0100                  _OSCCON = 0x100
                    0x0100                  _OSCCONbits = 0x100
                    0x0100                  OSCCONL = 0x100
                    0x0100                  _OSCCONL = 0x100
                    0x0101                  OSCCONH = 0x101
                    0x0101                  _OSCCONH = 0x101
                    0x0102                  CLKDIV = 0x102
                    0x0102                  _CLKDIV = 0x102
                    0x0102                  _CLKDIVbits = 0x102
                    0x0106                  OSCTUN = 0x106
                    0x0106                  _OSCTUN = 0x106
                    0x0106                  _OSCTUNbits = 0x106
                    0x010c                  OSCDIV = 0x10c
                    0x010c                  _OSCDIV = 0x10c
                    0x010c                  _OSCDIVbits = 0x10c
                    0x010e                  OSCFDIV = 0x10e
                    0x010e                  _OSCFDIV = 0x10e
                    0x010e                  _OSCFDIVbits = 0x10e
                    0x0110                  RCON = 0x110
                    0x0110                  _RCON = 0x110
                    0x0110                  _RCONbits = 0x110
                    0x0114                  HLVDCON = 0x114
                    0x0114                  _HLVDCON = 0x114
                    0x0114                  _HLVDCONbits = 0x114
                    0x0158                  CRCCON1 = 0x158
                    0x0158                  _CRCCON1 = 0x158
                    0x0158                  _CRCCON1bits = 0x158
                    0x015a                  CRCCON2 = 0x15a
                    0x015a                  _CRCCON2 = 0x15a
                    0x015a                  _CRCCON2bits = 0x15a
                    0x015c                  CRCXORL = 0x15c
                    0x015c                  _CRCXORL = 0x15c
                    0x015c                  _CRCXORLbits = 0x15c
                    0x015e                  CRCXORH = 0x15e
                    0x015e                  _CRCXORH = 0x15e
                    0x015e                  _CRCXORHbits = 0x15e
                    0x0160                  CRCDAT = 0x160
                    0x0160                  _CRCDAT = 0x160
                    0x0160                  CRCDATL = 0x160
                    0x0160                  _CRCDATL = 0x160
                    0x0162                  CRCDATH = 0x162
                    0x0162                  _CRCDATH = 0x162
                    0x0164                  CRCWDAT = 0x164
                    0x0164                  _CRCWDAT = 0x164
                    0x0164                  CRCWDATL = 0x164
                    0x0164                  _CRCWDATL = 0x164
                    0x0166                  CRCWDATH = 0x166
                    0x0166                  _CRCWDATH = 0x166
                    0x0168                  REFOCON1 = 0x168
                    0x0168                  _REFOCON1 = 0x168
                    0x0168                  _REFOCON1bits = 0x168
                    0x0168                  REFOCONL = 0x168
                    0x0168                  _REFOCONL = 0x168
                    0x0168                  _REFOCONLbits = 0x168
                    0x016a                  REFOCON2 = 0x16a
                    0x016a                  _REFOCON2 = 0x16a
                    0x016a                  _REFOCON2bits = 0x16a
                    0x016a                  REFOCONH = 0x16a
                    0x016a                  _REFOCONH = 0x16a
                    0x016a                  _REFOCONHbits = 0x16a
                    0x0178                  PMD1 = 0x178
                    0x0178                  _PMD1 = 0x178
                    0x0178                  _PMD1bits = 0x178
                    0x017a                  PMD2 = 0x17a
                    0x017a                  _PMD2 = 0x17a
                    0x017c                  PMD3 = 0x17c
                    0x017c                  _PMD3 = 0x17c
                    0x017c                  _PMD3bits = 0x17c
                    0x017e                  PMD4 = 0x17e
                    0x017e                  _PMD4 = 0x17e
                    0x017e                  _PMD4bits = 0x17e
                    0x0180                  PMD5 = 0x180
                    0x0180                  _PMD5 = 0x180
                    0x0180                  _PMD5bits = 0x180
                    0x0182                  PMD6 = 0x182
                    0x0182                  _PMD6 = 0x182
                    0x0182                  _PMD6bits = 0x182
                    0x0184                  PMD7 = 0x184
                    0x0184                  _PMD7 = 0x184
                    0x0184                  _PMD7bits = 0x184
                    0x0186                  PMD8 = 0x186
                    0x0186                  _PMD8 = 0x186
                    0x0186                  _PMD8bits = 0x186
                    0x0190                  TMR1 = 0x190
                    0x0190                  _TMR1 = 0x190
                    0x0192                  PR1 = 0x192
                    0x0192                  _PR1 = 0x192
                    0x0194                  T1CON = 0x194
                    0x0194                  _T1CON = 0x194
                    0x0194                  _T1CONbits = 0x194
                    0x0196                  TMR2 = 0x196
                    0x0196                  _TMR2 = 0x196
                    0x0198                  TMR3HLD = 0x198
                    0x0198                  _TMR3HLD = 0x198
                    0x019a                  TMR3 = 0x19a
                    0x019a                  _TMR3 = 0x19a
                    0x019c                  PR2 = 0x19c
                    0x019c                  _PR2 = 0x19c
                    0x019e                  PR3 = 0x19e
                    0x019e                  _PR3 = 0x19e
                    0x01a0                  T2CON = 0x1a0
                    0x01a0                  _T2CON = 0x1a0
                    0x01a0                  _T2CONbits = 0x1a0
                    0x01a2                  T3CON = 0x1a2
                    0x01a2                  _T3CON = 0x1a2
                    0x01a2                  _T3CONbits = 0x1a2
                    0x01a4                  TMR4 = 0x1a4
                    0x01a4                  _TMR4 = 0x1a4
                    0x01a6                  TMR5HLD = 0x1a6
                    0x01a6                  _TMR5HLD = 0x1a6
                    0x01a8                  TMR5 = 0x1a8
                    0x01a8                  _TMR5 = 0x1a8
                    0x01aa                  PR4 = 0x1aa
                    0x01aa                  _PR4 = 0x1aa
                    0x01ac                  PR5 = 0x1ac
                    0x01ac                  _PR5 = 0x1ac
                    0x01ae                  T4CON = 0x1ae
                    0x01ae                  _T4CON = 0x1ae
                    0x01ae                  _T4CONbits = 0x1ae
                    0x01b0                  T5CON = 0x1b0
                    0x01b0                  _T5CON = 0x1b0
                    0x01b0                  _T5CONbits = 0x1b0
                    0x01cc                  RTCCON1L = 0x1cc
                    0x01cc                  _RTCCON1L = 0x1cc
                    0x01cc                  _RTCCON1Lbits = 0x1cc
                    0x01ce                  RTCCON1H = 0x1ce
                    0x01ce                  _RTCCON1H = 0x1ce
                    0x01ce                  _RTCCON1Hbits = 0x1ce
                    0x01d0                  RTCCON2L = 0x1d0
                    0x01d0                  _RTCCON2L = 0x1d0
                    0x01d0                  _RTCCON2Lbits = 0x1d0
                    0x01d2                  RTCCON2H = 0x1d2
                    0x01d2                  _RTCCON2H = 0x1d2
                    0x01d4                  RTCCON3L = 0x1d4
                    0x01d4                  _RTCCON3L = 0x1d4
                    0x01d4                  _RTCCON3Lbits = 0x1d4
                    0x01d8                  RTCSTATL = 0x1d8
                    0x01d8                  _RTCSTATL = 0x1d8
                    0x01d8                  _RTCSTATLbits = 0x1d8
                    0x01dc                  TIMEL = 0x1dc
                    0x01dc                  _TIMEL = 0x1dc
                    0x01dc                  _TIMELbits = 0x1dc
                    0x01de                  TIMEH = 0x1de
                    0x01de                  _TIMEH = 0x1de
                    0x01de                  _TIMEHbits = 0x1de
                    0x01e0                  DATEL = 0x1e0
                    0x01e0                  _DATEL = 0x1e0
                    0x01e0                  _DATELbits = 0x1e0
                    0x01e2                  DATEH = 0x1e2
                    0x01e2                  _DATEH = 0x1e2
                    0x01e2                  _DATEHbits = 0x1e2
                    0x01e4                  ALMTIMEL = 0x1e4
                    0x01e4                  _ALMTIMEL = 0x1e4
                    0x01e4                  _ALMTIMELbits = 0x1e4
                    0x01e6                  ALMTIMEH = 0x1e6
                    0x01e6                  _ALMTIMEH = 0x1e6
                    0x01e6                  _ALMTIMEHbits = 0x1e6
                    0x01e8                  ALMDATEL = 0x1e8
                    0x01e8                  _ALMDATEL = 0x1e8
                    0x01e8                  _ALMDATELbits = 0x1e8
                    0x01ea                  ALMDATEH = 0x1ea
                    0x01ea                  _ALMDATEH = 0x1ea
                    0x01ea                  _ALMDATEHbits = 0x1ea
                    0x01ec                  TSATIMEL = 0x1ec
                    0x01ec                  _TSATIMEL = 0x1ec
                    0x01ec                  _TSATIMELbits = 0x1ec
                    0x01ee                  TSATIMEH = 0x1ee
                    0x01ee                  _TSATIMEH = 0x1ee
                    0x01ee                  _TSATIMEHbits = 0x1ee
                    0x01f0                  TSADATEL = 0x1f0
                    0x01f0                  _TSADATEL = 0x1f0
                    0x01f0                  _TSADATELbits = 0x1f0
                    0x01f2                  TSADATEH = 0x1f2
                    0x01f2                  _TSADATEH = 0x1f2
                    0x01f2                  _TSADATEHbits = 0x1f2
                    0x026c                  CCP1CON1L = 0x26c
                    0x026c                  _CCP1CON1L = 0x26c
                    0x026c                  _CCP1CON1Lbits = 0x26c
                    0x026e                  CCP1CON1H = 0x26e
                    0x026e                  _CCP1CON1H = 0x26e
                    0x026e                  _CCP1CON1Hbits = 0x26e
                    0x0270                  CCP1CON2L = 0x270
                    0x0270                  _CCP1CON2L = 0x270
                    0x0270                  _CCP1CON2Lbits = 0x270
                    0x0272                  CCP1CON2H = 0x272
                    0x0272                  _CCP1CON2H = 0x272
                    0x0272                  _CCP1CON2Hbits = 0x272
                    0x0274                  CCP1CON3L = 0x274
                    0x0274                  _CCP1CON3L = 0x274
                    0x0274                  _CCP1CON3Lbits = 0x274
                    0x0276                  CCP1CON3H = 0x276
                    0x0276                  _CCP1CON3H = 0x276
                    0x0276                  _CCP1CON3Hbits = 0x276
                    0x0278                  CCP1STAT = 0x278
                    0x0278                  _CCP1STAT = 0x278
                    0x0278                  _CCP1STATbits = 0x278
                    0x0278                  CCP1STATL = 0x278
                    0x0278                  _CCP1STATL = 0x278
                    0x0278                  _CCP1STATLbits = 0x278
                    0x027c                  CCP1TMRL = 0x27c
                    0x027c                  _CCP1TMRL = 0x27c
                    0x027e                  CCP1TMRH = 0x27e
                    0x027e                  _CCP1TMRH = 0x27e
                    0x0280                  CCP1PRL = 0x280
                    0x0280                  _CCP1PRL = 0x280
                    0x0282                  CCP1PRH = 0x282
                    0x0282                  _CCP1PRH = 0x282
                    0x0284                  CCP1RA = 0x284
                    0x0284                  _CCP1RA = 0x284
                    0x0284                  CCP1RAL = 0x284
                    0x0284                  _CCP1RAL = 0x284
                    0x0288                  CCP1RB = 0x288
                    0x0288                  _CCP1RB = 0x288
                    0x0288                  CCP1RBL = 0x288
                    0x0288                  _CCP1RBL = 0x288
                    0x028c                  CCP1BUFL = 0x28c
                    0x028c                  _CCP1BUFL = 0x28c
                    0x028e                  CCP1BUFH = 0x28e
                    0x028e                  _CCP1BUFH = 0x28e
                    0x0290                  CCP2CON1L = 0x290
                    0x0290                  _CCP2CON1L = 0x290
                    0x0290                  _CCP2CON1Lbits = 0x290
                    0x0292                  CCP2CON1H = 0x292
                    0x0292                  _CCP2CON1H = 0x292
                    0x0292                  _CCP2CON1Hbits = 0x292
                    0x0294                  CCP2CON2L = 0x294
                    0x0294                  _CCP2CON2L = 0x294
                    0x0294                  _CCP2CON2Lbits = 0x294
                    0x0296                  CCP2CON2H = 0x296
                    0x0296                  _CCP2CON2H = 0x296
                    0x0296                  _CCP2CON2Hbits = 0x296
                    0x0298                  CCP2CON3L = 0x298
                    0x0298                  _CCP2CON3L = 0x298
                    0x0298                  _CCP2CON3Lbits = 0x298
                    0x029a                  CCP2CON3H = 0x29a
                    0x029a                  _CCP2CON3H = 0x29a
                    0x029a                  _CCP2CON3Hbits = 0x29a
                    0x029c                  CCP2STAT = 0x29c
                    0x029c                  _CCP2STAT = 0x29c
                    0x029c                  _CCP2STATbits = 0x29c
                    0x029c                  CCP2STATL = 0x29c
                    0x029c                  _CCP2STATL = 0x29c
                    0x029c                  _CCP2STATLbits = 0x29c
                    0x02a0                  CCP2TMRL = 0x2a0
                    0x02a0                  _CCP2TMRL = 0x2a0
                    0x02a2                  CCP2TMRH = 0x2a2
                    0x02a2                  _CCP2TMRH = 0x2a2
                    0x02a4                  CCP2PRL = 0x2a4
                    0x02a4                  _CCP2PRL = 0x2a4
                    0x02a6                  CCP2PRH = 0x2a6
                    0x02a6                  _CCP2PRH = 0x2a6
                    0x02a8                  CCP2RA = 0x2a8
                    0x02a8                  _CCP2RA = 0x2a8
                    0x02a8                  CCP2RAL = 0x2a8
                    0x02a8                  _CCP2RAL = 0x2a8
                    0x02ac                  CCP2RB = 0x2ac
                    0x02ac                  _CCP2RB = 0x2ac
                    0x02ac                  CCP2RBL = 0x2ac
                    0x02ac                  _CCP2RBL = 0x2ac
                    0x02b0                  CCP2BUFL = 0x2b0
                    0x02b0                  _CCP2BUFL = 0x2b0
                    0x02b2                  CCP2BUFH = 0x2b2
                    0x02b2                  _CCP2BUFH = 0x2b2
                    0x02b4                  CCP3CON1L = 0x2b4
                    0x02b4                  _CCP3CON1L = 0x2b4
                    0x02b4                  _CCP3CON1Lbits = 0x2b4
                    0x02b6                  CCP3CON1H = 0x2b6
                    0x02b6                  _CCP3CON1H = 0x2b6
                    0x02b6                  _CCP3CON1Hbits = 0x2b6
                    0x02b8                  CCP3CON2L = 0x2b8
                    0x02b8                  _CCP3CON2L = 0x2b8
                    0x02b8                  _CCP3CON2Lbits = 0x2b8
                    0x02ba                  CCP3CON2H = 0x2ba
                    0x02ba                  _CCP3CON2H = 0x2ba
                    0x02ba                  _CCP3CON2Hbits = 0x2ba
                    0x02bc                  CCP3CON3L = 0x2bc
                    0x02bc                  _CCP3CON3L = 0x2bc
                    0x02bc                  _CCP3CON3Lbits = 0x2bc
                    0x02be                  CCP3CON3H = 0x2be
                    0x02be                  _CCP3CON3H = 0x2be
                    0x02be                  _CCP3CON3Hbits = 0x2be
                    0x02c0                  CCP3STAT = 0x2c0
                    0x02c0                  _CCP3STAT = 0x2c0
                    0x02c0                  _CCP3STATbits = 0x2c0
                    0x02c0                  CCP3STATL = 0x2c0
                    0x02c0                  _CCP3STATL = 0x2c0
                    0x02c0                  _CCP3STATLbits = 0x2c0
                    0x02c4                  CCP3TMRL = 0x2c4
                    0x02c4                  _CCP3TMRL = 0x2c4
                    0x02c6                  CCP3TMRH = 0x2c6
                    0x02c6                  _CCP3TMRH = 0x2c6
                    0x02c8                  CCP3PRL = 0x2c8
                    0x02c8                  _CCP3PRL = 0x2c8
                    0x02ca                  CCP3PRH = 0x2ca
                    0x02ca                  _CCP3PRH = 0x2ca
                    0x02cc                  CCP3RA = 0x2cc
                    0x02cc                  _CCP3RA = 0x2cc
                    0x02cc                  CCP3RAL = 0x2cc
                    0x02cc                  _CCP3RAL = 0x2cc
                    0x02d0                  CCP3RB = 0x2d0
                    0x02d0                  _CCP3RB = 0x2d0
                    0x02d0                  CCP3RBL = 0x2d0
                    0x02d0                  _CCP3RBL = 0x2d0
                    0x02d4                  CCP3BUFL = 0x2d4
                    0x02d4                  _CCP3BUFL = 0x2d4
                    0x02d6                  CCP3BUFH = 0x2d6
                    0x02d6                  _CCP3BUFH = 0x2d6
                    0x02e6                  CMSTAT = 0x2e6
                    0x02e6                  _CMSTAT = 0x2e6
                    0x02e6                  _CMSTATbits = 0x2e6
                    0x02e8                  CVRCON = 0x2e8
                    0x02e8                  _CVRCON = 0x2e8
                    0x02e8                  _CVRCONbits = 0x2e8
                    0x02ea                  CM1CON = 0x2ea
                    0x02ea                  _CM1CON = 0x2ea
                    0x02ea                  _CM1CONbits = 0x2ea
                    0x02ec                  CM2CON = 0x2ec
                    0x02ec                  _CM2CON = 0x2ec
                    0x02ec                  _CM2CONbits = 0x2ec
                    0x02ee                  CM3CON = 0x2ee
                    0x02ee                  _CM3CON = 0x2ee
                    0x02ee                  _CM3CONbits = 0x2ee
                    0x02f4                  ANCFG = 0x2f4
                    0x02f4                  _ANCFG = 0x2f4
                    0x02f4                  _ANCFGbits = 0x2f4
                    0x0300                  CCP4CON1L = 0x300
                    0x0300                  _CCP4CON1L = 0x300
                    0x0300                  _CCP4CON1Lbits = 0x300
                    0x0302                  CCP4CON1H = 0x302
                    0x0302                  _CCP4CON1H = 0x302
                    0x0302                  _CCP4CON1Hbits = 0x302
                    0x0304                  CCP4CON2L = 0x304
                    0x0304                  _CCP4CON2L = 0x304
                    0x0304                  _CCP4CON2Lbits = 0x304
                    0x0306                  CCP4CON2H = 0x306
                    0x0306                  _CCP4CON2H = 0x306
                    0x0306                  _CCP4CON2Hbits = 0x306
                    0x0308                  CCP4CON3L = 0x308
                    0x0308                  _CCP4CON3L = 0x308
                    0x0308                  _CCP4CON3Lbits = 0x308
                    0x030a                  CCP4CON3H = 0x30a
                    0x030a                  _CCP4CON3H = 0x30a
                    0x030a                  _CCP4CON3Hbits = 0x30a
                    0x030c                  CCP4STAT = 0x30c
                    0x030c                  _CCP4STAT = 0x30c
                    0x030c                  _CCP4STATbits = 0x30c
                    0x030c                  CCP4STATL = 0x30c
                    0x030c                  _CCP4STATL = 0x30c
                    0x030c                  _CCP4STATLbits = 0x30c
                    0x0310                  CCP4TMRL = 0x310
                    0x0310                  _CCP4TMRL = 0x310
                    0x0312                  CCP4TMRH = 0x312
                    0x0312                  _CCP4TMRH = 0x312
                    0x0314                  CCP4PRL = 0x314
                    0x0314                  _CCP4PRL = 0x314
                    0x0316                  CCP4PRH = 0x316
                    0x0316                  _CCP4PRH = 0x316
                    0x0318                  CCP4RA = 0x318
                    0x0318                  _CCP4RA = 0x318
                    0x0318                  CCP4RAL = 0x318
                    0x0318                  _CCP4RAL = 0x318
                    0x031c                  CCP4RB = 0x31c
                    0x031c                  _CCP4RB = 0x31c
                    0x031c                  CCP4RBL = 0x31c
                    0x031c                  _CCP4RBL = 0x31c
                    0x0320                  CCP4BUFL = 0x320
                    0x0320                  _CCP4BUFL = 0x320
                    0x0322                  CCP4BUFH = 0x322
                    0x0322                  _CCP4BUFH = 0x322
                    0x0324                  CCP5CON1L = 0x324
                    0x0324                  _CCP5CON1L = 0x324
                    0x0324                  _CCP5CON1Lbits = 0x324
                    0x0326                  CCP5CON1H = 0x326
                    0x0326                  _CCP5CON1H = 0x326
                    0x0326                  _CCP5CON1Hbits = 0x326
                    0x0328                  CCP5CON2L = 0x328
                    0x0328                  _CCP5CON2L = 0x328
                    0x0328                  _CCP5CON2Lbits = 0x328
                    0x032a                  CCP5CON2H = 0x32a
                    0x032a                  _CCP5CON2H = 0x32a
                    0x032a                  _CCP5CON2Hbits = 0x32a
                    0x032c                  CCP5CON3L = 0x32c
                    0x032c                  _CCP5CON3L = 0x32c
                    0x032c                  _CCP5CON3Lbits = 0x32c
                    0x032e                  CCP5CON3H = 0x32e
                    0x032e                  _CCP5CON3H = 0x32e
                    0x032e                  _CCP5CON3Hbits = 0x32e
                    0x0330                  CCP5STAT = 0x330
                    0x0330                  _CCP5STAT = 0x330
                    0x0330                  _CCP5STATbits = 0x330
                    0x0330                  CCP5STATL = 0x330
                    0x0330                  _CCP5STATL = 0x330
                    0x0330                  _CCP5STATLbits = 0x330
                    0x0334                  CCP5TMRL = 0x334
                    0x0334                  _CCP5TMRL = 0x334
                    0x0336                  CCP5TMRH = 0x336
                    0x0336                  _CCP5TMRH = 0x336
                    0x0338                  CCP5PRL = 0x338
                    0x0338                  _CCP5PRL = 0x338
                    0x033a                  CCP5PRH = 0x33a
                    0x033a                  _CCP5PRH = 0x33a
                    0x033c                  CCP5RA = 0x33c
                    0x033c                  _CCP5RA = 0x33c
                    0x033c                  CCP5RAL = 0x33c
                    0x033c                  _CCP5RAL = 0x33c
                    0x0340                  CCP5RB = 0x340
                    0x0340                  _CCP5RB = 0x340
                    0x0340                  CCP5RBL = 0x340
                    0x0340                  _CCP5RBL = 0x340
                    0x0344                  CCP5BUFL = 0x344
                    0x0344                  _CCP5BUFL = 0x344
                    0x0346                  CCP5BUFH = 0x346
                    0x0346                  _CCP5BUFH = 0x346