Microchip Technology Inc, v2.10 (B)

Tool Name:
  /Applications/microchip/xc16/v2.10/bin/bin/../bin/elf-ld

Command:
  -p24FJ128GL306 \
  --mdfp=/Applications/microchip/mplabx/v6.25/packs/Microchip/PIC24F-GL-GU_DFP/1.6.243/xc16 \
  -o \
  dist/default/production/ScentCollCharsCopy.X.production.elf \
  -L/Applications/microchip/xc16/v2.10/bin/bin/.. \
  -L/Applications/microchip/mplabx/v6.25/packs/Microchip/PIC24F-GL-GU_DFP/1.6.243/xc16/bin/../support/PIC24F/gld \
  -L/Applications/microchip/xc16/v2.10/bin/bin/../../lib \
  -L/Applications/microchip/xc16/v2.10/bin/bin/../../support/PIC24E/gld \
  -L/Applications/microchip/xc16/v2.10/bin/bin/../../support/PIC24F/gld \
  -L/Applications/microchip/xc16/v2.10/bin/bin/../../support/PIC24H/gld \
  -L/Applications/microchip/xc16/v2.10/bin/bin/../../support/dsPIC30F/gld \
  -L/Applications/microchip/xc16/v2.10/bin/bin/../../support/dsPIC33C/gld \
  -L/Applications/microchip/xc16/v2.10/bin/bin/../../support/dsPIC33E/gld \
  -L/Applications/microchip/xc16/v2.10/bin/bin/../../support/dsPIC33F/gld \
  build/default/production/PWM.o \
  build/default/production/bluetooth.o \
  build/default/production/main.o \
  build/default/production/owire.o \
  build/default/production/adc.o \
  build/default/production/piezos.o \
  --local-stack \
  --defsym=__MPLAB_BUILD=1 \
  -Tp24FJ128GL306.gld.00 \
  --stack=16 \
  --check-sections \
  --data-init \
  --pack-data \
  --handles \
  --isr \
  --no-gc-sections \
  --fill-upper=0 \
  --stackguard=16 \
  --no-force-link \
  --smart-io \
  -Map=dist/default/production/ScentCollCharsCopy.X.production.map \
  --report-mem \
  --memorysummary \
  dist/default/production/memoryfile.xml \
  -start-group \
  --library=c99-pic30-elf \
  --library=m-elf \
  --library=c99-elf \
  -end-group \


Optional library libpPIC24Fxxx.a not found
Archive member included because of file (symbol)

/Applications/microchip/xc16/v2.10/bin/bin/../../lib/libc99-pic30-elf.a(crt0_extended24.o)
                              (__resetPRI)
/Applications/microchip/xc16/v2.10/bin/bin/../../lib/libc99-pic30-elf.a(data_init_24.o)
                              /Applications/microchip/xc16/v2.10/bin/bin/../../lib/libc99-pic30-elf.a(crt0_extended24.o) (__data_init_da)
/Applications/microchip/xc16/v2.10/bin/bin/../../lib/libc99-pic30-elf.a(crt_start_mode_normalda.Meo)
                              (__crt_start_mode_normal)
/Applications/microchip/xc16/v2.10/bin/bin/../../lib/libc99-pic30-elf.a(delay32da.Meo)
                              build/default/production/main.o (___delay32)
/Applications/microchip/xc16/v2.10/bin/bin/../../lib/libc99-pic30-elf.a(feqltle.DA_o)
                              build/default/production/main.o (___ltsf2)
/Applications/microchip/xc16/v2.10/bin/bin/../../lib/libc99-pic30-elf.a(fgtge.DA_o)
                              build/default/production/main.o (___gtsf2)
/Applications/microchip/xc16/v2.10/bin/bin/../../lib/libc99-pic30-elf.a(fixsfsi.DA_o)
                              build/default/production/main.o (_(float, int, long long, short, float, short, int))
/Applications/microchip/xc16/v2.10/bin/bin/../../lib/libc99-pic30-elf.a(fixunssfsi.DA_o)
                              build/default/production/PWM.o (___fixunssfsi)
/Applications/microchip/xc16/v2.10/bin/bin/../../lib/libc99-pic30-elf.a(floatsisf.DA_o)
                              build/default/production/PWM.o (___floatsisf)
/Applications/microchip/xc16/v2.10/bin/bin/../../lib/libc99-pic30-elf.a(floatunsisf.DA_o)
                              build/default/production/adc.o (___floatunsisf)
/Applications/microchip/xc16/v2.10/bin/bin/../../lib/libc99-pic30-elf.a(funpack.DA_o)
                              /Applications/microchip/xc16/v2.10/bin/bin/../../lib/libc99-pic30-elf.a(fixsfsi.DA_o) (__funpack)
/Applications/microchip/xc16/v2.10/bin/bin/../../lib/libc99-pic30-elf.a(addsf3x.DA_o)
                              build/default/production/main.o (___subsf3)
/Applications/microchip/xc16/v2.10/bin/bin/../../lib/libc99-pic30-elf.a(divsf3x.DA_o)
                              build/default/production/adc.o (___divsf3)
/Applications/microchip/xc16/v2.10/bin/bin/../../lib/libc99-pic30-elf.a(mulsf3x.DA_o)
                              build/default/production/PWM.o (___mulsf3)
/Applications/microchip/xc16/v2.10/bin/bin/../../lib/libc99-pic30-elf.a(dnrmpackfx.DA_o)
                              /Applications/microchip/xc16/v2.10/bin/bin/../../lib/libc99-pic30-elf.a(addsf3x.DA_o) (__dnrmpackf)
/Applications/microchip/xc16/v2.10/bin/bin/../../lib/libc99-pic30-elf.a(unpackdnrmfx.DA_o)
                              /Applications/microchip/xc16/v2.10/bin/bin/../../lib/libc99-pic30-elf.a(mulsf3x.DA_o) (__unpackdnrmf)
/Applications/microchip/xc16/v2.10/bin/bin/../../lib/libc99-pic30-elf.a(typefx.DA_o)
                              /Applications/microchip/xc16/v2.10/bin/bin/../../lib/libc99-pic30-elf.a(addsf3x.DA_o) (__typef)
[...]
Memory Configuration

Name             Origin             Length             Attributes
data             0x000800           0x002000           a !xr
reset            0x000000           0x000004  
ivt              0x000004           0x0000fc  
program          0x000100           0x015e00           xr
FSEC             0x015f00           0x000002  
FBSLIM           0x015f10           0x000002  
FSIGN            0x015f14           0x000002  
FOSCSEL          0x015f18           0x000002  
FOSC             0x015f1c           0x000002  
FWDT             0x015f20           0x000002  
FPOR             0x015f24           0x000002  
FICD             0x015f28           0x000002  
FDMTIVTL         0x015f2c           0x000002  
FDMTIVTH         0x015f30           0x000002  
FDMTCNTL         0x015f34           0x000002  
FDMTCNTH         0x015f38           0x000002  
FMDT             0x015f3c           0x000002  
FDEVOPT1         0x015f40           0x000002  
*default*        0x000000           0xffffffffffffffff  

Linker script and memory map

LOAD build/default/production/PWM.o
LOAD build/default/production/bluetooth.o
LOAD build/default/production/main.o
LOAD build/default/production/owire.o
LOAD build/default/production/adc.o
LOAD build/default/production/piezos.o
                    0x0001                  __MPLAB_BUILD = 0x1
LOAD pPIC24Fxxx
LOAD /Applications/microchip/xc16/v2.10/bin/bin/../../lib/libfx-elf.a
                    0x801024                  _iwri1 = 0x801024
                    0x801028                  _iwri2 = 0x801028
                    0x15f00                  __FSEC = 0x15f00
                    0x15f10                  __FBSLIM = 0x15f10
                    0x15f14                  __FSIGN = 0x15f14
                    0x15f18                  __FOSCSEL = 0x15f18
                    0x15f1c                  __FOSC = 0x15f1c
                    0x15f20                  __FWDT = 0x15f20
                    0x15f24                  __FPOR = 0x15f24
                    0x15f28                  __FICD = 0x15f28
                    0x15f2c                  __FDMTIVTL = 0x15f2c
                    0x15f30                  __FDMTIVTH = 0x15f30
                    0x15f34                  __FDMTCNTL = 0x15f34
                    0x15f38                  __FDMTCNTH = 0x15f38
                    0x15f3c                  __FMDT = 0x15f3c
                    0x15f40                  __FDEVOPT1 = 0x15f40
                    0x0100                  __CODE_BASE = 0x100
                    0x15e00                  __CODE_LENGTH = 0x15e00
                    0x0004                  __IVT_BASE = 0x4
                    0x0800                  __DATA_BASE = 0x800
                    0x2000                  __DATA_LENGTH = 0x2000

.reset            0x000000          0x4
                  0x000000          0x2 SHORT 0x100 ABSOLUTE (__reset)
                  0x000001          0x2 SHORT 0x4
                  0x000002          0x2 SHORT 0x0 ((ABSOLUTE (__reset) >> 0x10) & 0x7f)
                  0x000003          0x2 SHORT 0x0

.text             0x000100       0x2db8
 *(.init)
 .init            0x000100         0x4c /Applications/microchip/xc16/v2.10/bin/bin/../../lib/libc99-pic30-elf.a(crt0_extended24.o)
                  0x000100                  __reset
                  0x000100                  __resetPRI
                  0x00013c                  __psv_init
 .init            0x00014c         0xb8 /Applications/microchip/xc16/v2.10/bin/bin/../../lib/libc99-pic30-elf.a(data_init_24.o)
                  0x000152                  __data_init_da
                  0x000152                  __data_init
 *(.user_init)
 *(.handle)
 *(.isr*)
 .isr.text        0x000204         0x34 build/default/production/bluetooth.o
                  0x000204                  __U1RXInterrupt
 .isr.text        0x000238        0x26a build/default/production/main.o
                  0x000238                  __IOCInterrupt
                  0x0002da                  __T1Interrupt
                  0x000312                  __INT1Interrupt
                  0x000368                  __INT2Interrupt
                  0x0003be                  __INT3Interrupt
                  0x0003ee                  __T4Interrupt
 .isr             0x0004a2          0x4 default_isr
                  0x0004a2                  __DefaultInterrupt
 *(.libc)
 *(.libm)
 *(.libdsp)
 *(.lib*)
 .libpic30_crt_start_mode
                  0x0004a6          0x2 /Applications/microchip/xc16/v2.10/bin/bin/../../lib/libc99-pic30-elf.a(crt_start_mode_normalda.Meo)
                  0x0004a6                  __crt_start_mode_normal
                  0x0004a6                  __crt_start_mode
 .libm.eqsf2      0x0004a8          0x4 /Applications/microchip/xc16/v2.10/bin/bin/../../lib/libc99-pic30-elf.a(feqltle.DA_o)
                  0x0004a8                  ___lesf2
                  0x0004a8                  ___eqsf2
                  0x0004a8                  ___ltsf2
 .libm.gtsf2      0x0004ac          0x4 /Applications/microchip/xc16/v2.10/bin/bin/../../lib/libc99-pic30-elf.a(fgtge.DA_o)
                  0x0004ac                  ___gtsf2
                  0x0004ac                  ___gesf2
 .libm.fixsfsi    0x0004b0         0x42 /Applications/microchip/xc16/v2.10/bin/bin/../../lib/libc99-pic30-elf.a(fixsfsi.DA_o)
                  0x0004b0                  _(float, int, long long, short, float, short, int)
 .libm.fixunssfsi
                  0x0004f2         0x36 /Applications/microchip/xc16/v2.10/bin/bin/../../lib/libc99-pic30-elf.a(fixunssfsi.DA_o)
                  0x0004f2                  ___fixunssfsi
 .libm.floatsisf
                  0x000528          0x6 /Applications/microchip/xc16/v2.10/bin/bin/../../lib/libc99-pic30-elf.a(floatsisf.DA_o)
                  0x000528                  ___floatsisf
 .libm.floatunsisf
                  0x00052e          0x4 /Applications/microchip/xc16/v2.10/bin/bin/../../lib/libc99-pic30-elf.a(floatunsisf.DA_o)
                  0x00052e                  ___floatunsisf
 .libm.funpack    0x000532         0x2a /Applications/microchip/xc16/v2.10/bin/bin/../../lib/libc99-pic30-elf.a(funpack.DA_o)
                  0x000532                  __funpack
 .libmx           0x00055c        0x1dc /Applications/microchip/xc16/v2.10/bin/bin/../../lib/libc99-pic30-elf.a(addsf3x.DA_o)
                  0x00055c                  ___subsf3
                  0x00055c                  ___subsf3x
                  0x00056e                  ___addsf3
                  0x00056e                  ___addsf3x
 .libmx           0x000738        0x1be /Applications/microchip/xc16/v2.10/bin/bin/../../lib/libc99-pic30-elf.a(divsf3x.DA_o)
                  0x000738                  ___divsf3x
                  0x000738                  ___divsf3
                  0x0008ca                  __sdivf
 .libmx           0x0008f6        0x10c /Applications/microchip/xc16/v2.10/bin/bin/../../lib/libc99-pic30-elf.a(mulsf3x.DA_o)
                  0x0008f6                  ___mulsf3
                  0x0008f6                  ___mulsf3x
 .libmx           0x000a02         0x54 /Applications/microchip/xc16/v2.10/bin/bin/../../lib/libc99-pic30-elf.a(dnrmpackfx.DA_o)
                  0x000a02                  __dnrmpackf
 .libmx           0x000a56         0x5e /Applications/microchip/xc16/v2.10/bin/bin/../../lib/libc99-pic30-elf.a(unpackdnrmfx.DA_o)
                  0x000a56                  __unpackdnrmf
 .libmx           0x000ab4         0x34 /Applications/microchip/xc16/v2.10/bin/bin/../../lib/libc99-pic30-elf.a(typefx.DA_o)
                  0x000ab4                  __typef
 .libmx           0x000ae8         0x12 /Applications/microchip/xc16/v2.10/bin/bin/../../lib/libc99-pic30-elf.a(propnanfx.DA_o)
                  0x000ae8                  __propnanf
 .libmx           0x000afa         0xa6 /Applications/microchip/xc16/v2.10/bin/bin/../../lib/libc99-pic30-elf.a(spackfx.DA_o)
                  0x000afa                  __spackf
 .libmx           0x000ba0         0x66 /Applications/microchip/xc16/v2.10/bin/bin/../../lib/libc99-pic30-elf.a(unpackfx.DA_o)
                  0x000ba0                  __unpackf
 .libm.__PplusBdi
                  0x000c06         0x26 /Applications/microchip/xc16/v2.10/bin/bin/../../lib/libc99-pic30-elf.a(divmoddi3.DA_o)
 .libm.__PminusBdi
                  0x000c2c         0x26 /Applications/microchip/xc16/v2.10/bin/bin/../../lib/libc99-pic30-elf.a(divmoddi3.DA_o)
 .libm.__udivmoddi3
                  0x000c52         0xe6 /Applications/microchip/xc16/v2.10/bin/bin/../../lib/libc99-pic30-elf.a(divmoddi3.DA_o)
                  0x000c52                  ___udivmoddi3
 .libm.__udivdi3
                  0x000d38          0xe /Applications/microchip/xc16/v2.10/bin/bin/../../lib/libc99-pic30-elf.a(divmoddi3.DA_o)
                  0x000d38                  ___udivdi3
 .libm.__umoddi3
                  0x000d46          0x8 /Applications/microchip/xc16/v2.10/bin/bin/../../lib/libc99-pic30-elf.a(divmoddi3.DA_o)
                  0x000d46                  ___umoddi3
 .libm.__divdi3
                  0x000d4e         0x60 /Applications/microchip/xc16/v2.10/bin/bin/../../lib/libc99-pic30-elf.a(divmoddi3.DA_o)
                  0x000d4e                  ___divdi3
 .libm.__moddi3
                  0x000dae         0x5c /Applications/microchip/xc16/v2.10/bin/bin/../../lib/libc99-pic30-elf.a(divmoddi3.DA_o)
                  0x000dae                  ___moddi3
 .libm.__muldi3
                  0x000e0a         0x52 /Applications/microchip/xc16/v2.10/bin/bin/../../lib/libc99-pic30-elf.a(muldi3.DA_o)
                  0x000e0a                  ___muldi3
 .libm.fcompare
                  0x000e5c         0x36 /Applications/microchip/xc16/v2.10/bin/bin/../../lib/libc99-pic30-elf.a(fcompare.DA_o)
                  0x000e5c                  __fcompare
 .libm.floatdisf
                  0x000e92         0x20 /Applications/microchip/xc16/v2.10/bin/bin/../../lib/libc99-pic30-elf.a(floatdisf.DA_o)
                  0x000e92                  ___floatdisf
 .libm.floatundisf
                  0x000eb2         0x5e /Applications/microchip/xc16/v2.10/bin/bin/../../lib/libc99-pic30-elf.a(floatundisf.DA_o)
                  0x000eb2                  ___floatundisf
 .libm.fpack      0x000f10         0x4c /Applications/microchip/xc16/v2.10/bin/bin/../../lib/libc99-pic30-elf.a(fpack.DA_o)
                  0x000f10                  __fpack
 .libm.funpack2
                  0x000f5c         0x10 /Applications/microchip/xc16/v2.10/bin/bin/../../lib/libc99-pic30-elf.a(funpack2.DA_o)
                  0x000f5c                  __funpack2
 .libm.umuldi3    0x000f6c         0x44 /Applications/microchip/xc16/v2.10/bin/bin/../../lib/libc99-pic30-elf.a(umuldi3.DA_o)
                  0x000f6c                  ___umuldi3
 .libc.__wrap_sprintf
                  0x000fb0          0xc /Applications/microchip/xc16/v2.10/bin/bin/../../lib/libc99-elf.a(__sio_sprintf_dfosux.DA_o)
                  0x000fb0                  __sprintf_cdeEnopsuxX
                  0x000fb0                  __sprintf_cdfFgGnopsuxX
                  0x000fb0                  __sprintf_cdgGnopsuxX
                  0x000fb0                  __dsprintf_cdeEfFgGnopsuxX
                  0x000fb0                  __dsprintf_cdfFnopsuxX
                  0x000fb0                  __dsprintf_cdeEnopsuxX
                  0x000fb0                  __sprintf_cdeEfFnopsuxX
                  0x000fb0                  __sprintf_cdeEgGnopsuxX
                  0x000fb0                  __sprintf_cdfFnopsuxX
                  0x000fb0                  __dsprintf_cdeEfFnopsuxX
                  0x000fb0                  __dsprintf_cdeEgGnopsuxX
                  0x000fb0                  __dsprintf_cdfFgGnopsuxX
                  0x000fb0                  __dsprintf_cdgGnopsuxX
                  0x000fb0                  __sprintf_cdeEfFgGnopsuxX
 .libc.__sio_sprintf_dfosux
                  0x000fbc         0x12 /Applications/microchip/xc16/v2.10/bin/bin/../../lib/libc99-elf.a(__sio_sprintf_dfosux.DA_o)
                  0x000fbc                  ___sio_sprintf_dfosux
 .libc.__wrap_sprintf
                  0x000fce          0xc /Applications/microchip/xc16/v2.10/bin/bin/../../lib/libc99-elf.a(__sio_sprintf_dosux.DA_o)
                  0x000fce                  __sprintf_cdnopsuxX
                  0x000fce                  __dsprintf_cdnopsuxX
 .libc.__sio_sprintf_dosux
                  0x000fda          0xe /Applications/microchip/xc16/v2.10/bin/bin/../../lib/libc99-elf.a(__sio_sprintf_dosux.DA_o)
                  0x000fda                  ___sio_sprintf_dosux
 .libc.__wrap_sprintf
                  0x000fe8          0xc /Applications/microchip/xc16/v2.10/bin/bin/../../lib/libc99-elf.a(__sio_sprintf_s.DA_o)
                  0x000fe8                  __dsprintf_s
                  0x000fe8                  __sprintf_s
 .libc.__sio_sprintf_s
                  0x000ff4          0x2 /Applications/microchip/xc16/v2.10/bin/bin/../../lib/libc99-elf.a(__sio_sprintf_s.DA_o)
                  0x000ff4                  ___sio_sprintf_s
 .libc.memcmp     0x000ff6         0x1c /Applications/microchip/xc16/v2.10/bin/bin/../../lib/libc99-elf.a(memcmp.DA_o)
                  0x000ff6                  _memcmp
 .libc.memcpy     0x001012          0xe /Applications/microchip/xc16/v2.10/bin/bin/../../lib/libc99-elf.a(memcpy.DA_o)
                  0x001012                  _memcpy
 .libc.memset     0x001020         0xc8 /Applications/microchip/xc16/v2.10/bin/bin/../../lib/libc99-elf.a(memset.DA_o)
                  0x001020                  _memset
 .libc.strtox     0x0010e8         0x52 /Applications/microchip/xc16/v2.10/bin/bin/../../lib/libc99-elf.a(strtol.DA_o)
 .libc.strtoull
                  0x00113a          0x8 /Applications/microchip/xc16/v2.10/bin/bin/../../lib/libc99-elf.a(strtol.DA_o)
                  0x00113a                  _strtoull
                  0x00113a                  ___strtoull_internal
 .libc.strtoll    0x001142          0x8 /Applications/microchip/xc16/v2.10/bin/bin/../../lib/libc99-elf.a(strtol.DA_o)
                  0x001142                  ___strtoll_internal
                  0x001142                  _strtoll
 .libc.strtoul    0x00114a          0x8 /Applications/microchip/xc16/v2.10/bin/bin/../../lib/libc99-elf.a(strtol.DA_o)
                  0x00114a                  ___strtoul_internal
                  0x00114a                  _strtoul
 .libc.strtol     0x001152          0x8 /Applications/microchip/xc16/v2.10/bin/bin/../../lib/libc99-elf.a(strtol.DA_o)
                  0x001152                  ___strtol_internal
                  0x001152                  _strtol
 .libc.strtoimax
                  0x00115a          0x2 /Applications/microchip/xc16/v2.10/bin/bin/../../lib/libc99-elf.a(strtol.DA_o)
                  0x00115a                  _strtoimax
                  0x00115a                  ___strtoimax_internal
 .libc.strtoumax
                  0x00115c          0x2 /Applications/microchip/xc16/v2.10/bin/bin/../../lib/libc99-elf.a(strtol.DA_o)
                  0x00115c                  ___strtoumax_internal
                  0x00115c                  _strtoumax
 .libc.__fmt_d    0x00115e         0xb2 /Applications/microchip/xc16/v2.10/bin/bin/../../lib/libc99-elf.a(__fmt_d.DA_o)
                  0x00115e                  ___fmt_d_needed
                  0x00115e                  ___fmt_d
 .libc.__LONG_DOUBLE_BITS
                  0x001210          0x2 /Applications/microchip/xc16/v2.10/bin/bin/../../lib/libc99-elf.a(__fmt_fp.DA_o)
 .libc.__fmt_fp
                  0x001212        0x5b6 /Applications/microchip/xc16/v2.10/bin/bin/../../lib/libc99-elf.a(__fmt_fp.DA_o)
                  0x001212                  ___fmt_fp
                  0x001212                  ___fmt_f_needed
 .libc.__fmt_o    0x0017c8         0x6a /Applications/microchip/xc16/v2.10/bin/bin/../../lib/libc99-elf.a(__fmt_o.DA_o)
                  0x0017c8                  ___fmt_o_needed
                  0x0017c8                  ___fmt_o
 .libc.__fmt_s    0x001832         0x54 /Applications/microchip/xc16/v2.10/bin/bin/../../lib/libc99-elf.a(__fmt_s.DA_o)
                  0x001832                  ___fmt_s
                  0x001832                  ___fmt_0_needed
                  0x001832                  ___fmt_s_needed
 .libc.__cvt_u    0x001886         0xa6 /Applications/microchip/xc16/v2.10/bin/bin/../../lib/libc99-elf.a(__fmt_u.DA_o)
                  0x001886                  ___cvt_u
 .libc.__fmt_u    0x00192c         0x52 /Applications/microchip/xc16/v2.10/bin/bin/../../lib/libc99-elf.a(__fmt_u.DA_o)
                  0x00192c                  ___fmt_u_needed
                  0x00192c                  ___fmt_u
 .libc.__fmt_x    0x00197e        0x14a /Applications/microchip/xc16/v2.10/bin/bin/../../lib/libc99-elf.a(__fmt_x.DA_o)
                  0x00197e                  ___fmt_x
                  0x00197e                  ___fmt_x_needed
 .libc.__vsprintf
                  0x001ac8          0x8 /Applications/microchip/xc16/v2.10/bin/bin/../../lib/libc99-elf.a(__int_vsprintf.DA_o)
                  0x001ac8                  ___vsprintf
 .libc.__pop_float
                  0x001ad0         0x3e /Applications/microchip/xc16/v2.10/bin/bin/../../lib/libc99-elf.a(__pop_float.DA_o)
                  0x001ad0                  ___pop_float_needed
                  0x001ad0                  ___pop_float
 .libc.__pop_int
                  0x001b0e         0xa8 /Applications/microchip/xc16/v2.10/bin/bin/../../lib/libc99-elf.a(__pop_int.DA_o)
                  0x001b0e                  ___pop_int_needed
                  0x001b0e                  ___pop_int
 .libc.__pop_ptr
                  0x001bb6         0x70 /Applications/microchip/xc16/v2.10/bin/bin/../../lib/libc99-elf.a(__pop_ptr.DA_o)
                  0x001bb6                  ___pop_ptr
                  0x001bb6                  ___pop_ptr_needed
 .libc.__string_out
                  0x001c26         0x26 /Applications/microchip/xc16/v2.10/bin/bin/../../lib/libc99-elf.a(__printf_core.DA_o)
                  0x001c26                  ___out
 .libc.__pad      0x001c4c         0x74 /Applications/microchip/xc16/v2.10/bin/bin/../../lib/libc99-elf.a(__printf_core.DA_o)
                  0x001c4c                  ___pad
 .libc.__dummy_fmt3
                  0x001cc0          0x2 /Applications/microchip/xc16/v2.10/bin/bin/../../lib/libc99-elf.a(__printf_core.DA_o)
 .libc.__dummy_fmt4
                  0x001cc2          0x2 /Applications/microchip/xc16/v2.10/bin/bin/../../lib/libc99-elf.a(__printf_core.DA_o)
                  0x001cc2                  ___fmt_a
 .libc.__dummy_fmts
                  0x001cc4          0x2 /Applications/microchip/xc16/v2.10/bin/bin/../../lib/libc99-elf.a(__printf_core.DA_o)
 .libc.__fmt_state
                  0x001cc6         0x2c /Applications/microchip/xc16/v2.10/bin/bin/../../lib/libc99-elf.a(__printf_core.DA_o)
                  0x001cc6                  ___fmt_state
 .libc.vfpfcnvrt.clone.0
                  0x001cf2        0x2d8 /Applications/microchip/xc16/v2.10/bin/bin/../../lib/libc99-elf.a(__printf_core.DA_o)
 .libc.__printf_core
                  0x001fca         0x40 /Applications/microchip/xc16/v2.10/bin/bin/../../lib/libc99-elf.a(__printf_core.DA_o)
                  0x001fca                  ___printf_core
 .libc.__isspace
                  0x00200a         0x14 /Applications/microchip/xc16/v2.10/bin/bin/../../lib/libc99-elf.a(atoi.DA_o)
 .libc.atoi       0x00201e         0x4c /Applications/microchip/xc16/v2.10/bin/bin/../../lib/libc99-elf.a(atoi.DA_o)
                  0x00201e                  _atoi
 .libc.__isspace
                  0x00206a         0x14 /Applications/microchip/xc16/v2.10/bin/bin/../../lib/libc99-elf.a(intscan.DA_o)
 .libc.__intscan
                  0x00207e        0x432 /Applications/microchip/xc16/v2.10/bin/bin/../../lib/libc99-elf.a(intscan.DA_o)
                  0x00207e                  ___intscan
 .libc.__shlim    0x0024b0         0x4a /Applications/microchip/xc16/v2.10/bin/bin/../../lib/libc99-elf.a(shgetc.DA_o)
                  0x0024b0                  ___shlim
 .libc.__shgetc
                  0x0024fa        0x130 /Applications/microchip/xc16/v2.10/bin/bin/../../lib/libc99-elf.a(shgetc.DA_o)
                  0x0024fa                  ___shgetc
 .libc.strcpy     0x00262a          0xe /Applications/microchip/xc16/v2.10/bin/bin/../../lib/libc99-elf.a(strcpy.DA_o)
                  0x00262a                  _strcpy
 .libc.strlen     0x002638         0x30 /Applications/microchip/xc16/v2.10/bin/bin/../../lib/libc99-elf.a(strlen.DA_o)
                  0x002638                  _strlen
 .libc.tolower    0x002668          0xc /Applications/microchip/xc16/v2.10/bin/bin/../../lib/libc99-elf.a(tolower.DA_o)
                  0x002668                  _tolower
 .libc.__tolower_l
                  0x002674          0x2 /Applications/microchip/xc16/v2.10/bin/bin/../../lib/libc99-elf.a(tolower.DA_o)
                  0x002674                  _tolower_l
                  0x002674                  ___tolower_l
 .libc.toupper    0x002676          0xc /Applications/microchip/xc16/v2.10/bin/bin/../../lib/libc99-elf.a(toupper.DA_o)
                  0x002676                  _toupper
 .libc.__toupper_l
                  0x002682          0x2 /Applications/microchip/xc16/v2.10/bin/bin/../../lib/libc99-elf.a(toupper.DA_o)
                  0x002682                  _toupper_l
                  0x002682                  ___toupper_l
 .libc.__vsnprintf
                  0x002684         0x4a /Applications/microchip/xc16/v2.10/bin/bin/../../lib/libc99-elf.a(__int_vsnprintf.DA_o)
                  0x002684                  ___vsnprintf
 .libc.__uflow    0x0026ce         0x2a /Applications/microchip/xc16/v2.10/bin/bin/../../lib/libc99-elf.a(__uflow.DA_o)
                  0x0026ce                  ___uflow
 .libc.__stpcpy
                  0x0026f8         0x40 /Applications/microchip/xc16/v2.10/bin/bin/../../lib/libc99-elf.a(stpcpy.DA_o)
                  0x0026f8                  _stpcpy
                  0x0026f8                  ___stpcpy
 .libc.__vfprintf
                  0x002738         0x1c /Applications/microchip/xc16/v2.10/bin/bin/../../lib/libc99-elf.a(__int_vfprintf.DA_o)
                  0x002738                  ___vfprintf
 .libc.__toread
                  0x002754         0x48 /Applications/microchip/xc16/v2.10/bin/bin/../../lib/libc99-elf.a(__toread.DA_o)
                  0x002754                  ___toread
 .libc.__toread_needs_stdio_exit
                  0x00279c          0x2 /Applications/microchip/xc16/v2.10/bin/bin/../../lib/libc99-elf.a(__toread.DA_o)
                  0x00279c                  ___toread_needs_stdio_exit
 .libc.__dummy    0x00279e          0x2 /Applications/microchip/xc16/v2.10/bin/bin/../../lib/libc99-elf.a(__stdio_exit.DA_o)
                  0x00279e                  ___stdio_exit_ofl
 .libc.__dummy1
                  0x0027a0          0x2 /Applications/microchip/xc16/v2.10/bin/bin/../../lib/libc99-elf.a(__stdio_exit.DA_o)
                  0x0027a0                  ___fclose
 .libc.__stdio_exit
                  0x0027a2         0x14 /Applications/microchip/xc16/v2.10/bin/bin/../../lib/libc99-elf.a(__stdio_exit.DA_o)
                  0x0027a2                  ___stdio_exit
                  0x0027a2                  ___stdio_exit_needed
 .libm.eqdf2      0x0027b6          0xa /Applications/microchip/xc16/v2.10/bin/bin/../../lib/libc99-pic30-elf.a(deqltle.DA_o)
                  0x0027b6                  ___ledf2
                  0x0027b6                  ___eqdf2
                  0x0027b6                  ___ltdf2
 .libm.gtdf2      0x0027c0          0xa /Applications/microchip/xc16/v2.10/bin/bin/../../lib/libc99-pic30-elf.a(dgtge.DA_o)
                  0x0027c0                  ___gedf2
                  0x0027c0                  ___gtdf2
 .libm.extendsfdf2
                  0x0027ca         0x3e /Applications/microchip/xc16/v2.10/bin/bin/../../lib/libc99-pic30-elf.a(extendsfdf.DA_o)
                  0x0027ca                  ___extendsfdf2
 .libm.fixdfsi    0x002808         0x58 /Applications/microchip/xc16/v2.10/bin/bin/../../lib/libc99-pic30-elf.a(fixdfsi.DA_o)
                  0x002808                  _(float, int, long long, double, float, short, int)
 .libm.mulsi3     0x002860          0xc /Applications/microchip/xc16/v2.10/bin/bin/../../lib/libc99-pic30-elf.a(mulsi3.DA_o)
                  0x002860                  ___mulp32eds3
                  0x002860                  ___mulp32peds3
                  0x002860                  ___mulsi3
 .lib_dpfops      0x00286c         0xa2 /Applications/microchip/xc16/v2.10/bin/bin/../../lib/libc99-pic30-elf.a(dpadd.DA_o)
                  0x00286c                  ___subdf3
                  0x002878                  ___adddf3
 .lib_dpfops      0x00290e        0x15e /Applications/microchip/xc16/v2.10/bin/bin/../../lib/libc99-pic30-elf.a(dpdiv.DA_o)
                  0x00290e                  ___divdf3
 .lib_dpfops      0x002a6c        0x11a /Applications/microchip/xc16/v2.10/bin/bin/../../lib/libc99-pic30-elf.a(dpmul.DA_o)
                  0x002a6c                  ___muldf3
 .lib_dpfops      0x002b86        0x128 /Applications/microchip/xc16/v2.10/bin/bin/../../lib/libc99-pic30-elf.a(dpsubs.DA_o)
                  0x002ba0                  __dxchg
                  0x002bae                  __drshft
                  0x002c08                  __dupchk
                  0x002c6a                  __drndex
                  0x002c74                  __dnsrnd
                  0x002ca0                  __dpakex
 .libm.dcompare
                  0x002cae         0x52 /Applications/microchip/xc16/v2.10/bin/bin/../../lib/libc99-pic30-elf.a(dcompare.DA_o)
                  0x002cae                  __dcompare
 .libm.dtype      0x002d00         0x24 /Applications/microchip/xc16/v2.10/bin/bin/../../lib/libc99-pic30-elf.a(dtype.DA_o)
                  0x002d00                  __dtype
 .libm.dunpack    0x002d24         0x4e /Applications/microchip/xc16/v2.10/bin/bin/../../lib/libc99-pic30-elf.a(dunpack.DA_o)
                  0x002d24                  __dunpack
 .libm.dunpack2
                  0x002d72         0x32 /Applications/microchip/xc16/v2.10/bin/bin/../../lib/libc99-pic30-elf.a(dunpack2.DA_o)
                  0x002d72                  __dunpack2
                  0x002d94                  __dreturnNaN
                  0x002d9a                  __dunpack2exit
 .libm.dPropagateNaN
                  0x002da4         0x1c /Applications/microchip/xc16/v2.10/bin/bin/../../lib/libc99-pic30-elf.a(dpropagateNaN.DA_o)
                  0x002da4                  __dPropagateNaN
 .libc.floorl     0x002dc0         0xf8 /Applications/microchip/xc16/v2.10/bin/bin/../../lib/libm-elf.a(floorl.DA_o)
                  0x002dc0                  _floorl

usercode
 *(usercode)

__FSEC
 *(__FSEC.sec*)

__FBSLIM
 *(__FBSLIM.sec*)

__FSIGN
 *(__FSIGN.sec*)

__FOSCSEL
 *(__FOSCSEL.sec*)

__FOSC
 *(__FOSC.sec*)

__FWDT
 *(__FWDT.sec*)

__FPOR
 *(__FPOR.sec*)

__FICD
 *(__FICD.sec*)

__FDMTIVTL
 *(__FDMTIVTL.sec*)

__FDMTIVTH
 *(__FDMTIVTH.sec*)

__FDMTCNTL
 *(__FDMTCNTL.sec*)

__FDMTCNTH
 *(__FDMTCNTH.sec*)

__FMDT
 *(__FMDT.sec*)

__FDEVOPT1
 *(__FDEVOPT1.sec*)

.comment
 *(.comment)

.debug_info       0x000000       0xa527
 *(.debug_info)
 .debug_info      0x000000        0xdb0 build/default/production/PWM.o
 .debug_info      0x000db0       0x1b2f build/default/production/bluetooth.o
 .debug_info      0x0028df       0x354b build/default/production/main.o
 .debug_info      0x005e2a       0x16ff build/default/production/owire.o
 .debug_info      0x007529        0xd87 build/default/production/adc.o
 .debug_info      0x0082b0        0xd85 build/default/production/piezos.o
 .debug_info      0x009035         0x8d /Applications/microchip/xc16/v2.10/bin/bin/../../lib/libc99-pic30-elf.a(feqltle.DA_o)
 .debug_info      0x0090c2         0x8b /Applications/microchip/xc16/v2.10/bin/bin/../../lib/libc99-pic30-elf.a(fgtge.DA_o)
 .debug_info      0x00914d         0x8d /Applications/microchip/xc16/v2.10/bin/bin/../../lib/libc99-pic30-elf.a(fixsfsi.DA_o)
 .debug_info      0x0091da         0x90 /Applications/microchip/xc16/v2.10/bin/bin/../../lib/libc99-pic30-elf.a(fixunssfsi.DA_o)
 .debug_info      0x00926a         0x8f /Applications/microchip/xc16/v2.10/bin/bin/../../lib/libc99-pic30-elf.a(floatsisf.DA_o)
 .debug_info      0x0092f9         0x91 /Applications/microchip/xc16/v2.10/bin/bin/../../lib/libc99-pic30-elf.a(floatunsisf.DA_o)
 .debug_info      0x00938a         0x8d /Applications/microchip/xc16/v2.10/bin/bin/../../lib/libc99-pic30-elf.a(funpack.DA_o)
 .debug_info      0x009417         0x9d /Applications/microchip/xc16/v2.10/bin/bin/../../lib/libc99-pic30-elf.a(addsf3x.DA_o)
 .debug_info      0x0094b4         0x9d /Applications/microchip/xc16/v2.10/bin/bin/../../lib/libc99-pic30-elf.a(divsf3x.DA_o)
 .debug_info      0x009551         0x9d /Applications/microchip/xc16/v2.10/bin/bin/../../lib/libc99-pic30-elf.a(mulsf3x.DA_o)
 .debug_info      0x0095ee         0xa0 /Applications/microchip/xc16/v2.10/bin/bin/../../lib/libc99-pic30-elf.a(dnrmpackfx.DA_o)
 .debug_info      0x00968e         0xa2 /Applications/microchip/xc16/v2.10/bin/bin/../../lib/libc99-pic30-elf.a(unpackdnrmfx.DA_o)
 .debug_info      0x009730         0x9c /Applications/microchip/xc16/v2.10/bin/bin/../../lib/libc99-pic30-elf.a(typefx.DA_o)
 .debug_info      0x0097cc         0x9f /Applications/microchip/xc16/v2.10/bin/bin/../../lib/libc99-pic30-elf.a(propnanfx.DA_o)
 .debug_info      0x00986b         0x9d /Applications/microchip/xc16/v2.10/bin/bin/../../lib/libc99-pic30-elf.a(spackfx.DA_o)
 .debug_info      0x009908         0x9e /Applications/microchip/xc16/v2.10/bin/bin/../../lib/libc99-pic30-elf.a(unpackfx.DA_o)
 .debug_info      0x0099a6         0x8e /Applications/microchip/xc16/v2.10/bin/bin/../../lib/libc99-pic30-elf.a(fcompare.DA_o)
 .debug_info      0x009a34         0x8f /Applications/microchip/xc16/v2.10/bin/bin/../../lib/libc99-pic30-elf.a(floatdisf.DA_o)
 .debug_info      0x009ac3         0x91 /Applications/microchip/xc16/v2.10/bin/bin/../../lib/libc99-pic30-elf.a(floatundisf.DA_o)
 .debug_info      0x009b54         0x8b /Applications/microchip/xc16/v2.10/bin/bin/../../lib/libc99-pic30-elf.a(fpack.DA_o)
 .debug_info      0x009bdf         0x8e /Applications/microchip/xc16/v2.10/bin/bin/../../lib/libc99-pic30-elf.a(funpack2.DA_o)
 .debug_info      0x009c6d         0x8d /Applications/microchip/xc16/v2.10/bin/bin/../../lib/libc99-pic30-elf.a(umuldi3.DA_o)
 .debug_info      0x009cfa         0x8d /Applications/microchip/xc16/v2.10/bin/bin/../../lib/libc99-pic30-elf.a(deqltle.DA_o)
 .debug_info      0x009d87         0x8b /Applications/microchip/xc16/v2.10/bin/bin/../../lib/libc99-pic30-elf.a(dgtge.DA_o)
 .debug_info      0x009e12         0x90 /Applications/microchip/xc16/v2.10/bin/bin/../../lib/libc99-pic30-elf.a(extendsfdf.DA_o)
 .debug_info      0x009ea2         0x8d /Applications/microchip/xc16/v2.10/bin/bin/../../lib/libc99-pic30-elf.a(fixdfsi.DA_o)
 .debug_info      0x009f2f         0x8c /Applications/microchip/xc16/v2.10/bin/bin/../../lib/libc99-pic30-elf.a(mulsi3.DA_o)
 .debug_info      0x009fbb         0xa9 /Applications/microchip/xc16/v2.10/bin/bin/../../lib/libc99-pic30-elf.a(dpadd.DA_o)
 .debug_info      0x00a064         0xa9 /Applications/microchip/xc16/v2.10/bin/bin/../../lib/libc99-pic30-elf.a(dpdiv.DA_o)
 .debug_info      0x00a10d         0xa9 /Applications/microchip/xc16/v2.10/bin/bin/../../lib/libc99-pic30-elf.a(dpmul.DA_o)
 .debug_info      0x00a1b6         0xaa /Applications/microchip/xc16/v2.10/bin/bin/../../lib/libc99-pic30-elf.a(dpsubs.DA_o)
 .debug_info      0x00a260         0x8e /Applications/microchip/xc16/v2.10/bin/bin/../../lib/libc99-pic30-elf.a(dcompare.DA_o)
 .debug_info      0x00a2ee         0x8b /Applications/microchip/xc16/v2.10/bin/bin/../../lib/libc99-pic30-elf.a(dtype.DA_o)
 .debug_info      0x00a379         0x8d /Applications/microchip/xc16/v2.10/bin/bin/../../lib/libc99-pic30-elf.a(dunpack.DA_o)
 .debug_info      0x00a406         0x8e /Applications/microchip/xc16/v2.10/bin/bin/../../lib/libc99-pic30-elf.a(dunpack2.DA_o)
 .debug_info      0x00a494         0x93 /Applications/microchip/xc16/v2.10/bin/bin/../../lib/libc99-pic30-elf.a(dpropagateNaN.DA_o)
 *(.gnu.linkonce.wi.*)

.debug_abbrev     0x000000        0xdd5
 *(.debug_abbrev)
 .debug_abbrev    0x000000        0x166 build/default/production/PWM.o
 .debug_abbrev    0x000166        0x227 build/default/production/bluetooth.o
 .debug_abbrev    0x00038d        0x21c build/default/production/main.o
 .debug_abbrev    0x0005a9        0x22d build/default/production/owire.o
 .debug_abbrev    0x0007d6        0x143 build/default/production/adc.o
 .debug_abbrev    0x000919        0x1ec build/default/production/piezos.o
 .debug_abbrev    0x000b05         0x14 /Applications/microchip/xc16/v2.10/bin/bin/../../lib/libc99-pic30-elf.a(feqltle.DA_o)
 .debug_abbrev    0x000b19         0x14 /Applications/microchip/xc16/v2.10/bin/bin/../../lib/libc99-pic30-elf.a(fgtge.DA_o)
 .debug_abbrev    0x000b2d         0x14 /Applications/microchip/xc16/v2.10/bin/bin/../../lib/libc99-pic30-elf.a(fixsfsi.DA_o)
 .debug_abbrev    0x000b41         0x14 /Applications/microchip/xc16/v2.10/bin/bin/../../lib/libc99-pic30-elf.a(fixunssfsi.DA_o)
 .debug_abbrev    0x000b55         0x14 /Applications/microchip/xc16/v2.10/bin/bin/../../lib/libc99-pic30-elf.a(floatsisf.DA_o)
 .debug_abbrev    0x000b69         0x14 /Applications/microchip/xc16/v2.10/bin/bin/../../lib/libc99-pic30-elf.a(floatunsisf.DA_o)
 .debug_abbrev    0x000b7d         0x14 /Applications/microchip/xc16/v2.10/bin/bin/../../lib/libc99-pic30-elf.a(funpack.DA_o)
 .debug_abbrev    0x000b91         0x14 /Applications/microchip/xc16/v2.10/bin/bin/../../lib/libc99-pic30-elf.a(addsf3x.DA_o)
 .debug_abbrev    0x000ba5         0x14 /Applications/microchip/xc16/v2.10/bin/bin/../../lib/libc99-pic30-elf.a(divsf3x.DA_o)
 .debug_abbrev    0x000bb9         0x14 /Applications/microchip/xc16/v2.10/bin/bin/../../lib/libc99-pic30-elf.a(mulsf3x.DA_o)
 .debug_abbrev    0x000bcd         0x14 /Applications/microchip/xc16/v2.10/bin/bin/../../lib/libc99-pic30-elf.a(dnrmpackfx.DA_o)
 .debug_abbrev    0x000be1         0x14 /Applications/microchip/xc16/v2.10/bin/bin/../../lib/libc99-pic30-elf.a(unpackdnrmfx.DA_o)
 .debug_abbrev    0x000bf5         0x14 /Applications/microchip/xc16/v2.10/bin/bin/../../lib/libc99-pic30-elf.a(typefx.DA_o)
 .debug_abbrev    0x000c09         0x14 /Applications/microchip/xc16/v2.10/bin/bin/../../lib/libc99-pic30-elf.a(propnanfx.DA_o)
 .debug_abbrev    0x000c1d         0x14 /Applications/microchip/xc16/v2.10/bin/bin/../../lib/libc99-pic30-elf.a(spackfx.DA_o)
 .debug_abbrev    0x000c31         0x14 /Applications/microchip/xc16/v2.10/bin/bin/../../lib/libc99-pic30-elf.a(unpackfx.DA_o)
 .debug_abbrev    0x000c45         0x14 /Applications/microchip/xc16/v2.10/bin/bin/../../lib/libc99-pic30-elf.a(fcompare.DA_o)
 .debug_abbrev    0x000c59         0x14 /Applications/microchip/xc16/v2.10/bin/bin/../../lib/libc99-pic30-elf.a(floatdisf.DA_o)
 .debug_abbrev    0x000c6d         0x14 /Applications/microchip/xc16/v2.10/bin/bin/../../lib/libc99-pic30-elf.a(floatundisf.DA_o)
 .debug_abbrev    0x000c81         0x14 /Applications/microchip/xc16/v2.10/bin/bin/../../lib/libc99-pic30-elf.a(fpack.DA_o)
 .debug_abbrev    0x000c95         0x14 /Applications/microchip/xc16/v2.10/bin/bin/../../lib/libc99-pic30-elf.a(funpack2.DA_o)
 .debug_abbrev    0x000ca9         0x14 /Applications/microchip/xc16/v2.10/bin/bin/../../lib/libc99-pic30-elf.a(umuldi3.DA_o)
 .debug_abbrev    0x000cbd         0x14 /Applications/microchip/xc16/v2.10/bin/bin/../../lib/libc99-pic30-elf.a(deqltle.DA_o)
 .debug_abbrev    0x000cd1         0x14 /Applications/microchip/xc16/v2.10/bin/bin/../../lib/libc99-pic30-elf.a(dgtge.DA_o)
 .debug_abbrev    0x000ce5         0x14 /Applications/microchip/xc16/v2.10/bin/bin/../../lib/libc99-pic30-elf.a(extendsfdf.DA_o)
 .debug_abbrev    0x000cf9         0x14 /Applications/microchip/xc16/v2.10/bin/bin/../../lib/libc99-pic30-elf.a(fixdfsi.DA_o)
 .debug_abbrev    0x000d0d         0x14 /Applications/microchip/xc16/v2.10/bin/bin/../../lib/libc99-pic30-elf.a(mulsi3.DA_o)
 .debug_abbrev    0x000d21         0x14 /Applications/microchip/xc16/v2.10/bin/bin/../../lib/libc99-pic30-elf.a(dpadd.DA_o)
 .debug_abbrev    0x000d35         0x14 /Applications/microchip/xc16/v2.10/bin/bin/../../lib/libc99-pic30-elf.a(dpdiv.DA_o)
 .debug_abbrev    0x000d49         0x14 /Applications/microchip/xc16/v2.10/bin/bin/../../lib/libc99-pic30-elf.a(dpmul.DA_o)
 .debug_abbrev    0x000d5d         0x14 /Applications/microchip/xc16/v2.10/bin/bin/../../lib/libc99-pic30-elf.a(dpsubs.DA_o)
 .debug_abbrev    0x000d71         0x14 /Applications/microchip/xc16/v2.10/bin/bin/../../lib/libc99-pic30-elf.a(dcompare.DA_o)
 .debug_abbrev    0x000d85         0x14 /Applications/microchip/xc16/v2.10/bin/bin/../../lib/libc99-pic30-elf.a(dtype.DA_o)
 .debug_abbrev    0x000d99         0x14 /Applications/microchip/xc16/v2.10/bin/bin/../../lib/libc99-pic30-elf.a(dunpack.DA_o)
 .debug_abbrev    0x000dad         0x14 /Applications/microchip/xc16/v2.10/bin/bin/../../lib/libc99-pic30-elf.a(dunpack2.DA_o)
 .debug_abbrev    0x000dc1         0x14 /Applications/microchip/xc16/v2.10/bin/bin/../../lib/libc99-pic30-elf.a(dpropagateNaN.DA_o)

.debug_line       0x000000       0x1d83
 *(.debug_line)
 .debug_line      0x000000        0x13d build/default/production/PWM.o
 .debug_line      0x00013d        0x28e build/default/production/bluetooth.o
 .debug_line      0x0003cb        0x2cc build/default/production/main.o
 .debug_line      0x000697        0x31f build/default/production/owire.o
 .debug_line      0x0009b6        0x124 build/default/production/adc.o
 .debug_line      0x000ada        0x28a build/default/production/piezos.o
 .debug_line      0x000d64         0x37 /Applications/microchip/xc16/v2.10/bin/bin/../../lib/libc99-pic30-elf.a(feqltle.DA_o)
 .debug_line      0x000d9b         0x35 /Applications/microchip/xc16/v2.10/bin/bin/../../lib/libc99-pic30-elf.a(fgtge.DA_o)
 .debug_line      0x000dd0         0x56 /Applications/microchip/xc16/v2.10/bin/bin/../../lib/libc99-pic30-elf.a(fixsfsi.DA_o)
 .debug_line      0x000e26         0x53 /Applications/microchip/xc16/v2.10/bin/bin/../../lib/libc99-pic30-elf.a(fixunssfsi.DA_o)
 .debug_line      0x000e79         0x3a /Applications/microchip/xc16/v2.10/bin/bin/../../lib/libc99-pic30-elf.a(floatsisf.DA_o)
 .debug_line      0x000eb3         0x3b /Applications/microchip/xc16/v2.10/bin/bin/../../lib/libc99-pic30-elf.a(floatunsisf.DA_o)
 .debug_line      0x000eee         0x4a /Applications/microchip/xc16/v2.10/bin/bin/../../lib/libc99-pic30-elf.a(funpack.DA_o)
 .debug_line      0x000f38        0x136 /Applications/microchip/xc16/v2.10/bin/bin/../../lib/libc99-pic30-elf.a(addsf3x.DA_o)
 .debug_line      0x00106e        0x124 /Applications/microchip/xc16/v2.10/bin/bin/../../lib/libc99-pic30-elf.a(divsf3x.DA_o)
 .debug_line      0x001192         0xcc /Applications/microchip/xc16/v2.10/bin/bin/../../lib/libc99-pic30-elf.a(mulsf3x.DA_o)
 .debug_line      0x00125e         0x72 /Applications/microchip/xc16/v2.10/bin/bin/../../lib/libc99-pic30-elf.a(dnrmpackfx.DA_o)
 .debug_line      0x0012d0         0x7a /Applications/microchip/xc16/v2.10/bin/bin/../../lib/libc99-pic30-elf.a(unpackdnrmfx.DA_o)
 .debug_line      0x00134a         0x5e /Applications/microchip/xc16/v2.10/bin/bin/../../lib/libc99-pic30-elf.a(typefx.DA_o)
 .debug_line      0x0013a8         0x51 /Applications/microchip/xc16/v2.10/bin/bin/../../lib/libc99-pic30-elf.a(propnanfx.DA_o)
 .debug_line      0x0013f9         0x98 /Applications/microchip/xc16/v2.10/bin/bin/../../lib/libc99-pic30-elf.a(spackfx.DA_o)
 .debug_line      0x001491         0x79 /Applications/microchip/xc16/v2.10/bin/bin/../../lib/libc99-pic30-elf.a(unpackfx.DA_o)
 .debug_line      0x00150a         0x1a /Applications/microchip/xc16/v2.10/bin/bin/../../lib/libc99-pic30-elf.a(errno.DA_o)
 .debug_line      0x001524         0x53 /Applications/microchip/xc16/v2.10/bin/bin/../../lib/libc99-pic30-elf.a(fcompare.DA_o)
 .debug_line      0x001577         0x47 /Applications/microchip/xc16/v2.10/bin/bin/../../lib/libc99-pic30-elf.a(floatdisf.DA_o)
 .debug_line      0x0015be         0x6c /Applications/microchip/xc16/v2.10/bin/bin/../../lib/libc99-pic30-elf.a(floatundisf.DA_o)
 .debug_line      0x00162a         0x5a /Applications/microchip/xc16/v2.10/bin/bin/../../lib/libc99-pic30-elf.a(fpack.DA_o)
 .debug_line      0x001684         0x3e /Applications/microchip/xc16/v2.10/bin/bin/../../lib/libc99-pic30-elf.a(funpack2.DA_o)
 .debug_line      0x0016c2         0x57 /Applications/microchip/xc16/v2.10/bin/bin/../../lib/libc99-pic30-elf.a(umuldi3.DA_o)
 .debug_line      0x001719         0x3a /Applications/microchip/xc16/v2.10/bin/bin/../../lib/libc99-pic30-elf.a(deqltle.DA_o)
 .debug_line      0x001753         0x38 /Applications/microchip/xc16/v2.10/bin/bin/../../lib/libc99-pic30-elf.a(dgtge.DA_o)
 .debug_line      0x00178b         0x59 /Applications/microchip/xc16/v2.10/bin/bin/../../lib/libc99-pic30-elf.a(extendsfdf.DA_o)
 .debug_line      0x0017e4         0x61 /Applications/microchip/xc16/v2.10/bin/bin/../../lib/libc99-pic30-elf.a(fixdfsi.DA_o)
 .debug_line      0x001845         0x3a /Applications/microchip/xc16/v2.10/bin/bin/../../lib/libc99-pic30-elf.a(mulsi3.DA_o)
 .debug_line      0x00187f         0xa2 /Applications/microchip/xc16/v2.10/bin/bin/../../lib/libc99-pic30-elf.a(dpadd.DA_o)
 .debug_line      0x001921        0x100 /Applications/microchip/xc16/v2.10/bin/bin/../../lib/libc99-pic30-elf.a(dpdiv.DA_o)
 .debug_line      0x001a21         0xde /Applications/microchip/xc16/v2.10/bin/bin/../../lib/libc99-pic30-elf.a(dpmul.DA_o)
 .debug_line      0x001aff         0xe8 /Applications/microchip/xc16/v2.10/bin/bin/../../lib/libc99-pic30-elf.a(dpsubs.DA_o)
 .debug_line      0x001be7         0x5f /Applications/microchip/xc16/v2.10/bin/bin/../../lib/libc99-pic30-elf.a(dcompare.DA_o)
 .debug_line      0x001c46         0x45 /Applications/microchip/xc16/v2.10/bin/bin/../../lib/libc99-pic30-elf.a(dtype.DA_o)
 .debug_line      0x001c8b         0x5c /Applications/microchip/xc16/v2.10/bin/bin/../../lib/libc99-pic30-elf.a(dunpack.DA_o)
 .debug_line      0x001ce7         0x53 /Applications/microchip/xc16/v2.10/bin/bin/../../lib/libc99-pic30-elf.a(dunpack2.DA_o)
 .debug_line      0x001d3a         0x49 /Applications/microchip/xc16/v2.10/bin/bin/../../lib/libc99-pic30-elf.a(dpropagateNaN.DA_o)

.debug_frame      0x000000        0xd92
 *(.debug_frame)
 .debug_frame     0x000000         0x9e build/default/production/PWM.o
 .debug_frame     0x00009e        0x3ce build/default/production/bluetooth.o
 .debug_frame     0x00046c        0x2d4 build/default/production/main.o
 .debug_frame     0x000740        0x3ba build/default/production/owire.o
 .debug_frame     0x000afa         0x48 build/default/production/adc.o
 .debug_frame     0x000b42        0x250 build/default/production/piezos.o

.debug_str        0x000000        0x438
 *(.debug_str)
 .debug_str       0x000000         0x70 build/default/production/PWM.o
 .debug_str       0x000070         0xab build/default/production/bluetooth.o
 .debug_str       0x00011b        0x1b5 build/default/production/main.o
 .debug_str       0x0002d0         0x73 build/default/production/owire.o
 .debug_str       0x000343         0x68 build/default/production/adc.o
 .debug_str       0x0003ab         0x8d build/default/production/piezos.o

.debug_loc
 *(.debug_loc)

.debug_macinfo
 *(.debug_macinfo)

.debug_pubnames
                  0x000000        0x9eb
 *(.debug_pubnames)
 .debug_pubnames
                  0x000000         0x8c build/default/production/PWM.o
 .debug_pubnames
                  0x00008c        0x1db build/default/production/bluetooth.o
 .debug_pubnames
                  0x000267        0x1c5 build/default/production/main.o
 .debug_pubnames
                  0x00042c        0x33f build/default/production/owire.o
 .debug_pubnames
                  0x00076b         0x84 build/default/production/adc.o
 .debug_pubnames
                  0x0007ef        0x1fc build/default/production/piezos.o

.debug_ranges
 *(.debug_ranges)

.debug_aranges    0x000000        0x510
 *(.debug_aranges)
 .debug_aranges
                  0x000000         0x18 build/default/production/PWM.o
 .debug_aranges
                  0x000018         0x18 build/default/production/bluetooth.o
 .debug_aranges
                  0x000030         0x18 build/default/production/main.o
 .debug_aranges
                  0x000048         0x18 build/default/production/owire.o
 .debug_aranges
                  0x000060         0x18 build/default/production/adc.o
 .debug_aranges
                  0x000078         0x18 build/default/production/piezos.o
 .debug_aranges
                  0x000090         0x20 /Applications/microchip/xc16/v2.10/bin/bin/../../lib/libc99-pic30-elf.a(feqltle.DA_o)
 .debug_aranges
                  0x0000b0         0x20 /Applications/microchip/xc16/v2.10/bin/bin/../../lib/libc99-pic30-elf.a(fgtge.DA_o)
 .debug_aranges
                  0x0000d0         0x20 /Applications/microchip/xc16/v2.10/bin/bin/../../lib/libc99-pic30-elf.a(fixsfsi.DA_o)
 .debug_aranges
                  0x0000f0         0x20 /Applications/microchip/xc16/v2.10/bin/bin/../../lib/libc99-pic30-elf.a(fixunssfsi.DA_o)
 .debug_aranges
                  0x000110         0x20 /Applications/microchip/xc16/v2.10/bin/bin/../../lib/libc99-pic30-elf.a(floatsisf.DA_o)
 .debug_aranges
                  0x000130         0x20 /Applications/microchip/xc16/v2.10/bin/bin/../../lib/libc99-pic30-elf.a(floatunsisf.DA_o)
 .debug_aranges
                  0x000150         0x20 /Applications/microchip/xc16/v2.10/bin/bin/../../lib/libc99-pic30-elf.a(funpack.DA_o)
 .debug_aranges
                  0x000170         0x20 /Applications/microchip/xc16/v2.10/bin/bin/../../lib/libc99-pic30-elf.a(addsf3x.DA_o)
 .debug_aranges
                  0x000190         0x20 /Applications/microchip/xc16/v2.10/bin/bin/../../lib/libc99-pic30-elf.a(divsf3x.DA_o)
 .debug_aranges
                  0x0001b0         0x20 /Applications/microchip/xc16/v2.10/bin/bin/../../lib/libc99-pic30-elf.a(mulsf3x.DA_o)
 .debug_aranges
                  0x0001d0         0x20 /Applications/microchip/xc16/v2.10/bin/bin/../../lib/libc99-pic30-elf.a(dnrmpackfx.DA_o)
 .debug_aranges
                  0x0001f0         0x20 /Applications/microchip/xc16/v2.10/bin/bin/../../lib/libc99-pic30-elf.a(unpackdnrmfx.DA_o)
 .debug_aranges
                  0x000210         0x20 /Applications/microchip/xc16/v2.10/bin/bin/../../lib/libc99-pic30-elf.a(typefx.DA_o)
 .debug_aranges
                  0x000230         0x20 /Applications/microchip/xc16/v2.10/bin/bin/../../lib/libc99-pic30-elf.a(propnanfx.DA_o)
 .debug_aranges
                  0x000250         0x20 /Applications/microchip/xc16/v2.10/bin/bin/../../lib/libc99-pic30-elf.a(spackfx.DA_o)
 .debug_aranges
                  0x000270         0x20 /Applications/microchip/xc16/v2.10/bin/bin/../../lib/libc99-pic30-elf.a(unpackfx.DA_o)
 .debug_aranges
                  0x000290         0x20 /Applications/microchip/xc16/v2.10/bin/bin/../../lib/libc99-pic30-elf.a(fcompare.DA_o)
 .debug_aranges
                  0x0002b0         0x20 /Applications/microchip/xc16/v2.10/bin/bin/../../lib/libc99-pic30-elf.a(floatdisf.DA_o)
 .debug_aranges
                  0x0002d0         0x20 /Applications/microchip/xc16/v2.10/bin/bin/../../lib/libc99-pic30-elf.a(floatundisf.DA_o)
 .debug_aranges
                  0x0002f0         0x20 /Applications/microchip/xc16/v2.10/bin/bin/../../lib/libc99-pic30-elf.a(fpack.DA_o)
 .debug_aranges
                  0x000310         0x20 /Applications/microchip/xc16/v2.10/bin/bin/../../lib/libc99-pic30-elf.a(funpack2.DA_o)
 .debug_aranges
                  0x000330         0x20 /Applications/microchip/xc16/v2.10/bin/bin/../../lib/libc99-pic30-elf.a(umuldi3.DA_o)
 .debug_aranges
                  0x000350         0x20 /Applications/microchip/xc16/v2.10/bin/bin/../../lib/libc99-pic30-elf.a(deqltle.DA_o)
 .debug_aranges
                  0x000370         0x20 /Applications/microchip/xc16/v2.10/bin/bin/../../lib/libc99-pic30-elf.a(dgtge.DA_o)
 .debug_aranges
                  0x000390         0x20 /Applications/microchip/xc16/v2.10/bin/bin/../../lib/libc99-pic30-elf.a(extendsfdf.DA_o)
 .debug_aranges
                  0x0003b0         0x20 /Applications/microchip/xc16/v2.10/bin/bin/../../lib/libc99-pic30-elf.a(fixdfsi.DA_o)
 .debug_aranges
                  0x0003d0         0x20 /Applications/microchip/xc16/v2.10/bin/bin/../../lib/libc99-pic30-elf.a(mulsi3.DA_o)
 .debug_aranges
                  0x0003f0         0x20 /Applications/microchip/xc16/v2.10/bin/bin/../../lib/libc99-pic30-elf.a(dpadd.DA_o)
 .debug_aranges
                  0x000410         0x20 /Applications/microchip/xc16/v2.10/bin/bin/../../lib/libc99-pic30-elf.a(dpdiv.DA_o)
 .debug_aranges
                  0x000430         0x20 /Applications/microchip/xc16/v2.10/bin/bin/../../lib/libc99-pic30-elf.a(dpmul.DA_o)
 .debug_aranges
                  0x000450         0x20 /Applications/microchip/xc16/v2.10/bin/bin/../../lib/libc99-pic30-elf.a(dpsubs.DA_o)
 .debug_aranges
                  0x000470         0x20 /Applications/microchip/xc16/v2.10/bin/bin/../../lib/libc99-pic30-elf.a(dcompare.DA_o)
 .debug_aranges
                  0x000490         0x20 /Applications/microchip/xc16/v2.10/bin/bin/../../lib/libc99-pic30-elf.a(dtype.DA_o)
 .debug_aranges
                  0x0004b0         0x20 /Applications/microchip/xc16/v2.10/bin/bin/../../lib/libc99-pic30-elf.a(dunpack.DA_o)
 .debug_aranges
                  0x0004d0         0x20 /Applications/microchip/xc16/v2.10/bin/bin/../../lib/libc99-pic30-elf.a(dunpack2.DA_o)
 .debug_aranges
                  0x0004f0         0x20 /Applications/microchip/xc16/v2.10/bin/bin/../../lib/libc99-pic30-elf.a(dpropagateNaN.DA_o)
                    0x0000                  WREG0 = 0x0
                    0x0000                  _WREG0 = 0x0
                    0x0002                  WREG1 = 0x2
                    0x0002                  _WREG1 = 0x2
                    0x0004                  WREG2 = 0x4
                    0x0004                  _WREG2 = 0x4
                    0x0006                  WREG3 = 0x6
                    0x0006                  _WREG3 = 0x6
                    0x0008                  WREG4 = 0x8
                    0x0008                  _WREG4 = 0x8
                    0x000a                  WREG5 = 0xa
                    0x000a                  _WREG5 = 0xa
                    0x000c                  WREG6 = 0xc
                    0x000c                  _WREG6 = 0xc
                    0x000e                  WREG7 = 0xe
                    0x000e                  _WREG7 = 0xe
                    0x0010                  WREG8 = 0x10
                    0x0010                  _WREG8 = 0x10
                    0x0012                  WREG9 = 0x12
                    0x0012                  _WREG9 = 0x12
                    0x0014                  WREG10 = 0x14
                    0x0014                  _WREG10 = 0x14
                    0x0016                  WREG11 = 0x16
                    0x0016                  _WREG11 = 0x16
                    0x0018                  WREG12 = 0x18
                    0x0018                  _WREG12 = 0x18
                    0x001a                  WREG13 = 0x1a
                    0x001a                  _WREG13 = 0x1a
                    0x001c                  WREG14 = 0x1c
                    0x001c                  _WREG14 = 0x1c
                    0x001e                  WREG15 = 0x1e
                    0x001e                  _WREG15 = 0x1e
                    0x0020                  SPLIM = 0x20
                    0x0020                  _SPLIM = 0x20
                    0x002e                  PCL = 0x2e
                    0x002e                  _PCL = 0x2e
                    0x0030                  PCH = 0x30
                    0x0030                  _PCH = 0x30
                    0x0032                  DSRPAG = 0x32
                    0x0032                  _DSRPAG = 0x32
                    0x0032                  _DSRPAGbits = 0x32
                    0x0034                  DSWPAG = 0x34
                    0x0034                  _DSWPAG = 0x34
                    0x0034                  _DSWPAGbits = 0x34
                    0x0036                  RCOUNT = 0x36
                    0x0036                  _RCOUNT = 0x36
                    0x0042                  SR = 0x42
                    0x0042                  _SR = 0x42
                    0x0042                  _SRbits = 0x42
                    0x0044                  CORCON = 0x44
                    0x0044                  _CORCON = 0x44
                    0x0044                  _CORCONbits = 0x44
                    0x0052                  DISICNT = 0x52
                    0x0052                  _DISICNT = 0x52
                    0x0052                  _DISICNTbits = 0x52
                    0x0054                  TBLPAG = 0x54
                    0x0054                  _TBLPAG = 0x54
                    0x0054                  _TBLPAGbits = 0x54
                    0x005c                  DMTCON = 0x5c
                    0x005c                  _DMTCON = 0x5c
                    0x005c                  _DMTCONbits = 0x5c
                    0x0060                  DMTPRECLR = 0x60
                    0x0060                  _DMTPRECLR = 0x60
                    0x0060                  _DMTPRECLRbits = 0x60
                    0x0064                  DMTCLR = 0x64
                    0x0064                  _DMTCLR = 0x64
                    0x0064                  _DMTCLRbits = 0x64
                    0x0068                  DMTSTAT = 0x68
                    0x0068                  _DMTSTAT = 0x68
                    0x0068                  _DMTSTATbits = 0x68
                    0x006c                  DMTCNTL = 0x6c
                    0x006c                  _DMTCNTL = 0x6c
                    0x006e                  DMTCNTH = 0x6e
                    0x006e                  _DMTCNTH = 0x6e
                    0x0070                  DMTHOLDREG = 0x70
                    0x0070                  _DMTHOLDREG = 0x70
                    0x0074                  DMTPSCNTL = 0x74
                    0x0074                  _DMTPSCNTL = 0x74
                    0x0076                  DMTPSCNTH = 0x76
                    0x0076                  _DMTPSCNTH = 0x76
                    0x0078                  DMTPSINTVL = 0x78
                    0x0078                  _DMTPSINTVL = 0x78
                    0x007a                  DMTPSINTVH = 0x7a
                    0x007a                  _DMTPSINTVH = 0x7a
                    0x0080                  INTCON1 = 0x80
                    0x0080                  _INTCON1 = 0x80
                    0x0080                  _INTCON1bits = 0x80
                    0x0082                  INTCON2 = 0x82
                    0x0082                  _INTCON2 = 0x82
                    0x0082                  _INTCON2bits = 0x82
                    0x0084                  INTCON3 = 0x84
                    0x0084                  _INTCON3 = 0x84
                    0x0084                  _INTCON3bits = 0x84
                    0x0086                  INTCON4 = 0x86
                    0x0086                  _INTCON4 = 0x86
                    0x0086                  _INTCON4bits = 0x86
                    0x0088                  IFS0 = 0x88
                    0x0088                  _IFS0 = 0x88
                    0x0088                  _IFS0bits = 0x88
                    0x008a                  IFS1 = 0x8a
                    0x008a                  _IFS1 = 0x8a
                    0x008a                  _IFS1bits = 0x8a
                    0x008c                  IFS2 = 0x8c
                    0x008c                  _IFS2 = 0x8c
                    0x008c                  _IFS2bits = 0x8c
                    0x008e                  IFS3 = 0x8e
                    0x008e                  _IFS3 = 0x8e
                    0x008e                  _IFS3bits = 0x8e
                    0x0090                  IFS4 = 0x90
                    0x0090                  _IFS4 = 0x90
                    0x0090                  _IFS4bits = 0x90
                    0x0092                  IFS5 = 0x92
                    0x0092                  _IFS5 = 0x92
                    0x0092                  _IFS5bits = 0x92
                    0x0094                  IFS6 = 0x94
                    0x0094                  _IFS6 = 0x94
                    0x0094                  _IFS6bits = 0x94
                    0x0096                  IFS7 = 0x96
                    0x0096                  _IFS7 = 0x96
                    0x0096                  _IFS7bits = 0x96
                    0x0098                  IEC0 = 0x98
                    0x0098                  _IEC0 = 0x98
                    0x0098                  _IEC0bits = 0x98
                    0x009a                  IEC1 = 0x9a
                    0x009a                  _IEC1 = 0x9a
                    0x009a                  _IEC1bits = 0x9a
                    0x009c                  IEC2 = 0x9c
                    0x009c                  _IEC2 = 0x9c
                    0x009c                  _IEC2bits = 0x9c
                    0x009e                  IEC3 = 0x9e
                    0x009e                  _IEC3 = 0x9e
                    0x009e                  _IEC3bits = 0x9e
                    0x00a0                  IEC4 = 0xa0
                    0x00a0                  _IEC4 = 0xa0
                    0x00a0                  _IEC4bits = 0xa0
                    0x00a2                  IEC5 = 0xa2
                    0x00a2                  _IEC5 = 0xa2
                    0x00a2                  _IEC5bits = 0xa2
                    0x00a4                  IEC6 = 0xa4
                    0x00a4                  _IEC6 = 0xa4
                    0x00a4                  _IEC6bits = 0xa4
                    0x00a6                  IEC7 = 0xa6
                    0x00a6                  _IEC7 = 0xa6
                    0x00a6                  _IEC7bits = 0xa6
                    0x00a8                  IPC0 = 0xa8
                    0x00a8                  _IPC0 = 0xa8
                    0x00a8                  _IPC0bits = 0xa8
                    0x00aa                  IPC1 = 0xaa
                    0x00aa                  _IPC1 = 0xaa
                    0x00aa                  _IPC1bits = 0xaa
                    0x00ac                  IPC2 = 0xac
                    0x00ac                  _IPC2 = 0xac
                    0x00ac                  _IPC2bits = 0xac
                    0x00ae                  IPC3 = 0xae
                    0x00ae                  _IPC3 = 0xae
                    0x00ae                  _IPC3bits = 0xae
                    0x00b0                  IPC4 = 0xb0
                    0x00b0                  _IPC4 = 0xb0
                    0x00b0                  _IPC4bits = 0xb0
                    0x00b2                  IPC5 = 0xb2
                    0x00b2                  _IPC5 = 0xb2
                    0x00b2                  _IPC5bits = 0xb2
                    0x00b4                  IPC6 = 0xb4
                    0x00b4                  _IPC6 = 0xb4
                    0x00b4                  _IPC6bits = 0xb4
                    0x00b6                  IPC7 = 0xb6
                    0x00b6                  _IPC7 = 0xb6
                    0x00b6                  _IPC7bits = 0xb6
                    0x00b8                  IPC8 = 0xb8
                    0x00b8                  _IPC8 = 0xb8
                    0x00b8                  _IPC8bits = 0xb8
                    0x00ba                  IPC9 = 0xba
                    0x00ba                  _IPC9 = 0xba
                    0x00ba                  _IPC9bits = 0xba
                    0x00bc                  IPC10 = 0xbc
                    0x00bc                  _IPC10 = 0xbc
                    0x00bc                  _IPC10bits = 0xbc
                    0x00be                  IPC11 = 0xbe
                    0x00be                  _IPC11 = 0xbe
                    0x00be                  _IPC11bits = 0xbe
                    0x00c0                  IPC12 = 0xc0
                    0x00c0                  _IPC12 = 0xc0
                    0x00c0                  _IPC12bits = 0xc0
                    0x00c2                  IPC13 = 0xc2
                    0x00c2                  _IPC13 = 0xc2
                    0x00c2                  _IPC13bits = 0xc2
                    0x00c4                  IPC14 = 0xc4
                    0x00c4                  _IPC14 = 0xc4
                    0x00c4                  _IPC14bits = 0xc4
                    0x00c6                  IPC15 = 0xc6
                    0x00c6                  _IPC15 = 0xc6
                    0x00c6                  _IPC15bits = 0xc6
                    0x00c8                  IPC16 = 0xc8
                    0x00c8                  _IPC16 = 0xc8
                    0x00c8                  _IPC16bits = 0xc8
                    0x00ca                  IPC17 = 0xca
                    0x00ca                  _IPC17 = 0xca
                    0x00cc                  IPC18 = 0xcc
                    0x00cc                  _IPC18 = 0xcc
                    0x00cc                  _IPC18bits = 0xcc
                    0x00ce                  IPC19 = 0xce
                    0x00ce                  _IPC19 = 0xce
                    0x00d0                  IPC20 = 0xd0
                    0x00d0                  _IPC20 = 0xd0
                    0x00d0                  _IPC20bits = 0xd0
                    0x00d2                  IPC21 = 0xd2
                    0x00d2                  _IPC21 = 0xd2
                    0x00d2                  _IPC21bits = 0xd2
                    0x00d4                  IPC22 = 0xd4
                    0x00d4                  _IPC22 = 0xd4
                    0x00d4                  _IPC22bits = 0xd4
                    0x00d6                  IPC23 = 0xd6
                    0x00d6                  _IPC23 = 0xd6
                    0x00d6                  _IPC23bits = 0xd6
                    0x00d8                  IPC24 = 0xd8
                    0x00d8                  _IPC24 = 0xd8
                    0x00d8                  _IPC24bits = 0xd8
                    0x00da                  IPC25 = 0xda
                    0x00da                  _IPC25 = 0xda
                    0x00da                  _IPC25bits = 0xda
                    0x00dc                  IPC26 = 0xdc
                    0x00dc                  _IPC26 = 0xdc
                    0x00dc                  _IPC26bits = 0xdc
                    0x00de                  IPC27 = 0xde
                    0x00de                  _IPC27 = 0xde
                    0x00de                  _IPC27bits = 0xde
                    0x00e0                  IPC28 = 0xe0
                    0x00e0                  _IPC28 = 0xe0
                    0x00e2                  IPC29 = 0xe2
                    0x00e2                  _IPC29 = 0xe2
                    0x00e2                  _IPC29bits = 0xe2
                    0x00e4                  INTTREG = 0xe4
                    0x00e4                  _INTTREG = 0xe4
                    0x00e4                  _INTTREGbits = 0xe4
                    0x0100                  OSCCON = 0x100
                    0x0100                  _OSCCON = 0x100
                    0x0100                  _OSCCONbits = 0x100
                    0x0100                  OSCCONL = 0x100
                    0x0100                  _OSCCONL = 0x100
                    0x0101                  OSCCONH = 0x101
                    0x0101                  _OSCCONH = 0x101
                    0x0102                  CLKDIV = 0x102
                    0x0102                  _CLKDIV = 0x102
                    0x0102                  _CLKDIVbits = 0x102
                    0x0106                  OSCTUN = 0x106
                    0x0106                  _OSCTUN = 0x106
                    0x0106                  _OSCTUNbits = 0x106
                    0x010c                  OSCDIV = 0x10c
                    0x010c                  _OSCDIV = 0x10c
                    0x010c                  _OSCDIVbits = 0x10c
                    0x010e                  OSCFDIV = 0x10e
                    0x010e                  _OSCFDIV = 0x10e
                    0x010e                  _OSCFDIVbits = 0x10e
                    0x0110                  RCON = 0x110
                    0x0110                  _RCON = 0x110
                    0x0110                  _RCONbits = 0x110
                    0x0114                  HLVDCON = 0x114
                    0x0114                  _HLVDCON = 0x114
                    0x0114                  _HLVDCONbits = 0x114
                    0x0158                  CRCCON1 = 0x158
                    0x0158                  _CRCCON1 = 0x158
                    0x0158                  _CRCCON1bits = 0x158
                    0x015a                  CRCCON2 = 0x15a
                    0x015a                  _CRCCON2 = 0x15a
                    0x015a                  _CRCCON2bits = 0x15a
                    0x015c                  CRCXORL = 0x15c
                    0x015c                  _CRCXORL = 0x15c
                    0x015c                  _CRCXORLbits = 0x15c
                    0x015e                  CRCXORH = 0x15e
                    0x015e                  _CRCXORH = 0x15e
                    0x015e                  _CRCXORHbits = 0x15e
                    0x0160                  CRCDAT = 0x160
                    0x0160                  _CRCDAT = 0x160
                    0x0160                  CRCDATL = 0x160
                    0x0160                  _CRCDATL = 0x160
                    0x0162                  CRCDATH = 0x162
                    0x0162                  _CRCDATH = 0x162
                    0x0164                  CRCWDAT = 0x164
                    0x0164                  _CRCWDAT = 0x164
                    0x0164                  CRCWDATL = 0x164
                    0x0164                  _CRCWDATL = 0x164
                    0x0166                  CRCWDATH = 0x166
                    0x0166                  _CRCWDATH = 0x166
                    0x0168                  REFOCON1 = 0x168
                    0x0168                  _REFOCON1 = 0x168
                    0x0168                  _REFOCON1bits = 0x168
                    0x0168                  REFOCONL = 0x168
                    0x0168                  _REFOCONL = 0x168
                    0x0168                  _REFOCONLbits = 0x168
                    0x016a                  REFOCON2 = 0x16a
                    0x016a                  _REFOCON2 = 0x16a
                    0x016a                  _REFOCON2bits = 0x16a
                    0x016a                  REFOCONH = 0x16a
                    0x016a                  _REFOCONH = 0x16a
                    0x016a                  _REFOCONHbits = 0x16a
                    0x0178                  PMD1 = 0x178
                    0x0178                  _PMD1 = 0x178
                    0x0178                  _PMD1bits = 0x178
                    0x017a                  PMD2 = 0x17a
                    0x017a                  _PMD2 = 0x17a
                    0x017c                  PMD3 = 0x17c
                    0x017c                  _PMD3 = 0x17c
                    0x017c                  _PMD3bits = 0x17c
                    0x017e                  PMD4 = 0x17e
                    0x017e                  _PMD4 = 0x17e
                    0x017e                  _PMD4bits = 0x17e
                    0x0180                  PMD5 = 0x180
                    0x0180                  _PMD5 = 0x180
                    0x0180                  _PMD5bits = 0x180
                    0x0182                  PMD6 = 0x182
                    0x0182                  _PMD6 = 0x182
                    0x0182                  _PMD6bits = 0x182
                    0x0184                  PMD7 = 0x184
                    0x0184                  _PMD7 = 0x184
                    0x0184                  _PMD7bits = 0x184
                    0x0186                  PMD8 = 0x186
                    0x0186                  _PMD8 = 0x186
                    0x0186                  _PMD8bits = 0x186
                    0x0190                  TMR1 = 0x190
                    0x0190                  _TMR1 = 0x190
                    0x0192                  PR1 = 0x192
                    0x0192                  _PR1 = 0x192
                    0x0194                  T1CON = 0x194
                    0x0194                  _T1CON = 0x194
                    0x0194                  _T1CONbits = 0x194
                    0x0196                  TMR2 = 0x196
                    0x0196                  _TMR2 = 0x196
                    0x0198                  TMR3HLD = 0x198
                    0x0198                  _TMR3HLD = 0x198
                    0x019a                  TMR3 = 0x19a
                    0x019a                  _TMR3 = 0x19a
                    0x019c                  PR2 = 0x19c
                    0x019c                  _PR2 = 0x19c
                    0x019e                  PR3 = 0x19e
                    0x019e                  _PR3 = 0x19e
                    0x01a0                  T2CON = 0x1a0
                    0x01a0                  _T2CON = 0x1a0
                    0x01a0                  _T2CONbits = 0x1a0
                    0x01a2                  T3CON = 0x1a2
                    0x01a2                  _T3CON = 0x1a2
                    0x01a2                  _T3CONbits = 0x1a2
                    0x01a4                  TMR4 = 0x1a4
                    0x01a4                  _TMR4 = 0x1a4
                    0x01a6                  TMR5HLD = 0x1a6
                    0x01a6                  _TMR5HLD = 0x1a6
                    0x01a8                  TMR5 = 0x1a8
                    0x01a8                  _TMR5 = 0x1a8
                    0x01aa                  PR4 = 0x1aa
                    0x01aa                  _PR4 = 0x1aa
                    0x01ac                  PR5 = 0x1ac
                    0x01ac                  _PR5 = 0x1ac
                    0x01ae                  T4CON = 0x1ae
                    0x01ae                  _T4CON = 0x1ae
                    0x01ae                  _T4CONbits = 0x1ae
                    0x01b0                  T5CON = 0x1b0
                    0x01b0                  _T5CON = 0x1b0
                    0x01b0                  _T5CONbits = 0x1b0
                    0x01cc                  RTCCON1L = 0x1cc
                    0x01cc                  _RTCCON1L = 0x1cc
                    0x01cc                  _RTCCON1Lbits = 0x1cc
                    0x01ce                  RTCCON1H = 0x1ce
                    0x01ce                  _RTCCON1H = 0x1ce
                    0x01ce                  _RTCCON1Hbits = 0x1ce
                    0x01d0                  RTCCON2L = 0x1d0
                    0x01d0                  _RTCCON2L = 0x1d0
                    0x01d0                  _RTCCON2Lbits = 0x1d0
                    0x01d2                  RTCCON2H = 0x1d2
                    0x01d2                  _RTCCON2H = 0x1d2
                    0x01d4                  RTCCON3L = 0x1d4
                    0x01d4                  _RTCCON3L = 0x1d4
                    0x01d4                  _RTCCON3Lbits = 0x1d4
                    0x01d8                  RTCSTATL = 0x1d8
                    0x01d8                  _RTCSTATL = 0x1d8
                    0x01d8                  _RTCSTATLbits = 0x1d8
                    0x01dc                  TIMEL = 0x1dc
                    0x01dc                  _TIMEL = 0x1dc
                    0x01dc                  _TIMELbits = 0x1dc
                    0x01de                  TIMEH = 0x1de
                    0x01de                  _TIMEH = 0x1de
                    0x01de                  _TIMEHbits = 0x1de
                    0x01e0                  DATEL = 0x1e0
                    0x01e0                  _DATEL = 0x1e0
                    0x01e0                  _DATELbits = 0x1e0
                    0x01e2                  DATEH = 0x1e2
                    0x01e2                  _DATEH = 0x1e2
                    0x01e2                  _DATEHbits = 0x1e2
                    0x01e4                  ALMTIMEL = 0x1e4
                    0x01e4                  _ALMTIMEL = 0x1e4
                    0x01e4                  _ALMTIMELbits = 0x1e4
                    0x01e6                  ALMTIMEH = 0x1e6
                    0x01e6                  _ALMTIMEH = 0x1e6
                    0x01e6                  _ALMTIMEHbits = 0x1e6
                    0x01e8                  ALMDATEL = 0x1e8
                    0x01e8                  _ALMDATEL = 0x1e8
                    0x01e8                  _ALMDATELbits = 0x1e8
                    0x01ea                  ALMDATEH = 0x1ea
                    0x01ea                  _ALMDATEH = 0x1ea
                    0x01ea                  _ALMDATEHbits = 0x1ea
                    0x01ec                  TSATIMEL = 0x1ec
                    0x01ec                  _TSATIMEL = 0x1ec
                    0x01ec                  _TSATIMELbits = 0x1ec
                    0x01ee                  TSATIMEH = 0x1ee
                    0x01ee                  _TSATIMEH = 0x1ee
                    0x01ee                  _TSATIMEHbits = 0x1ee
                    0x01f0                  TSADATEL = 0x1f0
                    0x01f0                  _TSADATEL = 0x1f0
                    0x01f0                  _TSADATELbits = 0x1f0
                    0x01f2                  TSADATEH = 0x1f2
                    0x01f2                  _TSADATEH = 0x1f2
                    0x01f2                  _TSADATEHbits = 0x1f2
                    0x026c                  CCP1CON1L = 0x26c
                    0x026c                  _CCP1CON1L = 0x26c
                    0x026c                  _CCP1CON1Lbits = 0x26c
                    0x026e                  CCP1CON1H = 0x26e
                    0x026e                  _CCP1CON1H = 0x26e
                    0x026e                  _CCP1CON1Hbits = 0x26e
                    0x0270                  CCP1CON2L = 0x270
                    0x0270                  _CCP1CON2L = 0x270
                    0x0270                  _CCP1CON2Lbits = 0x270
                    0x0272                  CCP1CON2H = 0x272
                    0x0272                  _CCP1CON2H = 0x272
                    0x0272                  _CCP1CON2Hbits = 0x272
                    0x0274                  CCP1CON3L = 0x274
                    0x0274                  _CCP1CON3L = 0x274
                    0x0274                  _CCP1CON3Lbits = 0x274
                    0x0276                  CCP1CON3H = 0x276
                    0x0276                  _CCP1CON3H = 0x276
                    0x0276                  _CCP1CON3Hbits = 0x276
                    0x0278                  CCP1STAT = 0x278
                    0x0278                  _CCP1STAT = 0x278
                    0x0278                  _CCP1STATbits = 0x278
                    0x0278                  CCP1STATL = 0x278
                    0x0278                  _CCP1STATL = 0x278
                    0x0278                  _CCP1STATLbits = 0x278
                    0x027c                  CCP1TMRL = 0x27c
                    0x027c                  _CCP1TMRL = 0x27c
                    0x027e                  CCP1TMRH = 0x27e
                    0x027e                  _CCP1TMRH = 0x27e
                    0x0280                  CCP1PRL = 0x280
                    0x0280                  _CCP1PRL = 0x280
                    0x0282                  CCP1PRH = 0x282
                    0x0282                  _CCP1PRH = 0x282
                    0x0284                  CCP1RA = 0x284
                    0x0284                  _CCP1RA = 0x284
                    0x0284                  CCP1RAL = 0x284
                    0x0284                  _CCP1RAL = 0x284
                    0x0288                  CCP1RB = 0x288
                    0x0288                  _CCP1RB = 0x288
                    0x0288                  CCP1RBL = 0x288
                    0x0288                  _CCP1RBL = 0x288
                    0x028c                  CCP1BUFL = 0x28c
                    0x028c                  _CCP1BUFL = 0x28c
                    0x028e                  CCP1BUFH = 0x28e
                    0x028e                  _CCP1BUFH = 0x28e
                    0x0290                  CCP2CON1L = 0x290
                    0x0290                  _CCP2CON1L = 0x290
                    0x0290                  _CCP2CON1Lbits = 0x290
                    0x0292                  CCP2CON1H = 0x292
                    0x0292                  _CCP2CON1H = 0x292
                    0x0292                  _CCP2CON1Hbits = 0x292
                    0x0294                  CCP2CON2L = 0x294
                    0x0294                  _CCP2CON2L = 0x294
                    0x0294                  _CCP2CON2Lbits = 0x294
                    0x0296                  CCP2CON2H = 0x296
                    0x0296                  _CCP2CON2H = 0x296
                    0x0296                  _CCP2CON2Hbits = 0x296
                    0x0298                  CCP2CON3L = 0x298
                    0x0298                  _CCP2CON3L = 0x298
                    0x0298                  _CCP2CON3Lbits = 0x298
                    0x029a                  CCP2CON3H = 0x29a
                    0x029a                  _CCP2CON3H = 0x29a
                    0x029a                  _CCP2CON3Hbits = 0x29a
                    0x029c                  CCP2STAT = 0x29c
                    0x029c                  _CCP2STAT = 0x29c
                    0x029c                  _CCP2STATbits = 0x29c
                    0x029c                  CCP2STATL = 0x29c
                    0x029c                  _CCP2STATL = 0x29c
                    0x029c                  _CCP2STATLbits = 0x29c
                    0x02a0                  CCP2TMRL = 0x2a0
                    0x02a0                  _CCP2TMRL = 0x2a0
                    0x02a2                  CCP2TMRH = 0x2a2
                    0x02a2                  _CCP2TMRH = 0x2a2
                    0x02a4                  CCP2PRL = 0x2a4
                    0x02a4                  _CCP2PRL = 0x2a4
                    0x02a6                  CCP2PRH = 0x2a6
                    0x02a6                  _CCP2PRH = 0x2a6
                    0x02a8                  CCP2RA = 0x2a8
                    0x02a8                  _CCP2RA = 0x2a8
                    0x02a8                  CCP2RAL = 0x2a8
                    0x02a8                  _CCP2RAL = 0x2a8
                    0x02ac                  CCP2RB = 0x2ac
                    0x02ac                  _CCP2RB = 0x2ac
                    0x02ac                  CCP2RBL = 0x2ac
                    0x02ac                  _CCP2RBL = 0x2ac
                    0x02b0                  CCP2BUFL = 0x2b0
                    0x02b0                  _CCP2BUFL = 0x2b0
                    0x02b2                  CCP2BUFH = 0x2b2
                    0x02b2                  _CCP2BUFH = 0x2b2
                    0x02b4                  CCP3CON1L = 0x2b4
                    0x02b4                  _CCP3CON1L = 0x2b4
                    0x02b4                  _CCP3CON1Lbits = 0x2b4
                    0x02b6                  CCP3CON1H = 0x2b6
                    0x02b6                  _CCP3CON1H = 0x2b6
                    0x02b6                  _CCP3CON1Hbits = 0x2b6
                    0x02b8                  CCP3CON2L = 0x2b8
                    0x02b8                  _CCP3CON2L = 0x2b8
                    0x02b8                  _CCP3CON2Lbits = 0x2b8
                    0x02ba                  CCP3CON2H = 0x2ba
                    0x02ba                  _CCP3CON2H = 0x2ba
                    0x02ba                  _CCP3CON2Hbits = 0x2ba
                    0x02bc                  CCP3CON3L = 0x2bc
                    0x02bc                  _CCP3CON3L = 0x2bc
                    0x02bc                  _CCP3CON3Lbits = 0x2bc
                    0x02be                  CCP3CON3H = 0x2be
                    0x02be                  _CCP3CON3H = 0x2be
                    0x02be                  _CCP3CON3Hbits = 0x2be
                    0x02c0                  CCP3STAT = 0x2c0
                    0x02c0                  _CCP3STAT = 0x2c0
                    0x02c0                  _CCP3STATbits = 0x2c0
                    0x02c0                  CCP3STATL = 0x2c0
                    0x02c0                  _CCP3STATL = 0x2c0
                    0x02c0                  _CCP3STATLbits = 0x2c0
                    0x02c4                  CCP3TMRL = 0x2c4
                    0x02c4                  _CCP3TMRL = 0x2c4
                    0x02c6                  CCP3TMRH = 0x2c6
                    0x02c6                  _CCP3TMRH = 0x2c6
                    0x02c8                  CCP3PRL = 0x2c8
                    0x02c8                  _CCP3PRL = 0x2c8
                    0x02ca                  CCP3PRH = 0x2ca
                    0x02ca                  _CCP3PRH = 0x2ca
                    0x02cc                  CCP3RA = 0x2cc
                    0x02cc                  _CCP3RA = 0x2cc
                    0x02cc                  CCP3RAL = 0x2cc
                    0x02cc                  _CCP3RAL = 0x2cc
                    0x02d0                  CCP3RB = 0x2d0
                    0x02d0                  _CCP3RB = 0x2d0
                    0x02d0                  CCP3RBL = 0x2d0
                    0x02d0                  _CCP3RBL = 0x2d0
                    0x02d4                  CCP3BUFL = 0x2d4
                    0x02d4                  _CCP3BUFL = 0x2d4
                    0x02d6                  CCP3BUFH = 0x2d6
                    0x02d6                  _CCP3BUFH = 0x2d6
                    0x02e6                  CMSTAT = 0x2e6
                    0x02e6                  _CMSTAT = 0x2e6
                    0x02e6                  _CMSTATbits = 0x2e6
                    0x02e8                  CVRCON = 0x2e8
                    0x02e8                  _CVRCON = 0x2e8
                    0x02e8                  _CVRCONbits = 0x2e8
                    0x02ea                  CM1CON = 0x2ea
                    0x02ea                  _CM1CON = 0x2ea
                    0x02ea                  _CM1CONbits = 0x2ea
                    0x02ec                  CM2CON = 0x2ec
                    0x02ec                  _CM2CON = 0x2ec
                    0x02ec                  _CM2CONbits = 0x2ec
                    0x02ee                  CM3CON = 0x2ee
                    0x02ee                  _CM3CON = 0x2ee
                    0x02ee                  _CM3CONbits = 0x2ee
                    0x02f4                  ANCFG = 0x2f4
                    0x02f4                  _ANCFG = 0x2f4
                    0x02f4                  _ANCFGbits = 0x2f4
                    0x0300                  CCP4CON1L = 0x300
                    0x0300                  _CCP4CON1L = 0x300
                    0x0300                  _CCP4CON1Lbits = 0x300
                    0x0302                  CCP4CON1H = 0x302
                    0x0302                  _CCP4CON1H = 0x302
                    0x0302                  _CCP4CON1Hbits = 0x302
                    0x0304                  CCP4CON2L = 0x304
                    0x0304                  _CCP4CON2L = 0x304
                    0x0304                  _CCP4CON2Lbits = 0x304
                    0x0306                  CCP4CON2H = 0x306
                    0x0306                  _CCP4CON2H = 0x306
                    0x0306                  _CCP4CON2Hbits = 0x306
                    0x0308                  CCP4CON3L = 0x308
                    0x0308                  _CCP4CON3L = 0x308
                    0x0308                  _CCP4CON3Lbits = 0x308
                    0x030a                  CCP4CON3H = 0x30a
                    0x030a                  _CCP4CON3H = 0x30a
                    0x030a                  _CCP4CON3Hbits = 0x30a
                    0x030c                  CCP4STAT = 0x30c
                    0x030c                  _CCP4STAT = 0x30c
                    0x030c                  _CCP4STATbits = 0x30c
                    0x030c                  CCP4STATL = 0x30c
                    0x030c                  _CCP4STATL = 0x30c
                    0x030c                  _CCP4STATLbits = 0x30c
                    0x0310                  CCP4TMRL = 0x310
                    0x0310                  _CCP4TMRL = 0x310
                    0x0312                  CCP4TMRH = 0x312
                    0x0312                  _CCP4TMRH = 0x312
                    0x0314                  CCP4PRL = 0x314
                    0x0314                  _CCP4PRL = 0x314
                    0x0316                  CCP4PRH = 0x316
                    0x0316                  _CCP4PRH = 0x316
                    0x0318                  CCP4RA = 0x318
                    0x0318                  _CCP4RA = 0x318
                    0x0318                  CCP4RAL = 0x318
                    0x0318                  _CCP4RAL = 0x318
                    0x031c                  CCP4RB = 0x31c
                    0x031c                  _CCP4RB = 0x31c
                    0x031c                  CCP4RBL = 0x31c
                    0x031c                  _CCP4RBL = 0x31c
                    0x0320                  CCP4BUFL = 0x320
                    0x0320                  _CCP4BUFL = 0x320
                    0x0322                  CCP4BUFH = 0x322
                    0x0322                  _CCP4BUFH = 0x322
                    0x0324                  CCP5CON1L = 0x324
                    0x0324                  _CCP5CON1L = 0x324
                    0x0324                  _CCP5CON1Lbits = 0x324
                    0x0326                  CCP5CON1H = 0x326
                    0x0326                  _CCP5CON1H = 0x326
                    0x0326                  _CCP5CON1Hbits = 0x326
                    0x0328                  CCP5CON2L = 0x328
                    0x0328                  _CCP5CON2L = 0x328
                    0x0328                  _CCP5CON2Lbits = 0x328
                    0x032a                  CCP5CON2H = 0x32a
                    0x032a                  _CCP5CON2H = 0x32a
                    0x032a                  _CCP5CON2Hbits = 0x32a
                    0x032c                  CCP5CON3L = 0x32c
                    0x032c                  _CCP5CON3L = 0x32c
                    0x032c                  _CCP5CON3Lbits = 0x32c
                    0x032e                  CCP5CON3H = 0x32e
                    0x032e                  _CCP5CON3H = 0x32e
                    0x032e                  _CCP5CON3Hbits = 0x32e
                    0x0330                  CCP5STAT = 0x330
                    0x0330                  _CCP5STAT = 0x330
                    0x0330                  _CCP5STATbits = 0x330
                    0x0330                  CCP5STATL = 0x330
                    0x0330                  _CCP5STATL = 0x330
                    0x0330                  _CCP5STATLbits = 0x330
                    0x0334                  CCP5TMRL = 0x334
                    0x0334                  _CCP5TMRL = 0x334
                    0x0336                  CCP5TMRH = 0x336
                    0x0336                  _CCP5TMRH = 0x336
                    0x0338                  CCP5PRL = 0x338
                    0x0338                  _CCP5PRL = 0x338
                    0x033a                  CCP5PRH = 0x33a
                    0x033a                  _CCP5PRH = 0x33a
                    0x033c                  CCP5RA = 0x33c
                    0x033c                  _CCP5RA = 0x33c
                    0x033c                  CCP5RAL = 0x33c
                    0x033c                  _CCP5RAL = 0x33c
                    0x0340                  CCP5RB = 0x340
                    0x0340                  _CCP5RB = 0x340
                    0x0340                  CCP5RBL = 0x340
                    0x0340                  _CCP5RBL = 0x340
                    0x0344                  CCP5BUFL = 0x344
                    0x0344                  _CCP5BUFL = 0x344
                    0x0346                  CCP5BUFH = 0x346
                    0x0346                  _CCP5BUFH = 0x346
                    0x0398                  U1MODE = 0x398
                    0x0398                  _U1MODE = 0x398
                    0x0398                  _U1MODEbits = 0x398
                    0x039a                  U1STA = 0x39a
                    0x039a                  _U1STA = 0x39a
                    0x039a                  _U1STAbits = 0x39a
                    0x039c                  U1TXREG = 0x39c
                    0x039c                  _U1TXREG = 0x39c
                    0x039e                  U1RXREG = 0x39e
                    0x039e                  _U1RXREG = 0x39e
                    0x03a0                  U1BRG = 0x3a0
                    0x03a0                  _U1BRG = 0x3a0
                    0x03ae                  U2MODE = 0x3ae
                    0x03ae                  _U2MODE = 0x3ae
                    0x03ae                  _U2MODEbits = 0x3ae
                    0x03b0                  U2STA = 0x3b0
                    0x03b0                  _U2STA = 0x3b0
                    0x03b0                  _U2STAbits = 0x3b0
                    0x03b2                  U2TXREG = 0x3b2
                    0x03b2                  _U2TXREG = 0x3b2
                    0x03b4                  U2RXREG = 0x3b4
                    0x03b4                  _U2RXREG = 0x3b4
                    0x03b6                  U2BRG = 0x3b6
                    0x03b6                  _U2BRG = 0x3b6
                    0x03c4                  U3MODE = 0x3c4
                    0x03c4                  _U3MODE = 0x3c4
                    0x03c4                  _U3MODEbits = 0x3c4
                    0x03c6                  U3STA = 0x3c6
                    0x03c6                  _U3STA = 0x3c6
                    0x03c6                  _U3STAbits = 0x3c6
                    0x03c8                  U3TXREG = 0x3c8
                    0x03c8                  _U3TXREG = 0x3c8
                    0x03ca                  U3RXREG = 0x3ca
                    0x03ca                  _U3RXREG = 0x3ca
                    0x03cc                  U3BRG = 0x3cc
                    0x03cc                  _U3BRG = 0x3cc
                    0x03d0                  U4MODE = 0x3d0
                    0x03d0                  _U4MODE = 0x3d0
                    0x03d0                  _U4MODEbits = 0x3d0
                    0x03d2                  U4STA = 0x3d2
                    0x03d2                  _U4STA = 0x3d2
                    0x03d2                  _U4STAbits = 0x3d2
                    0x03d4                  U4TXREG = 0x3d4
                    0x03d4                  _U4TXREG = 0x3d4
                    0x03d6                  U4RXREG = 0x3d6
                    0x03d6                  _U4RXREG = 0x3d6
                    0x03d8                  U4BRG = 0x3d8
                    0x03d8                  _U4BRG = 0x3d8
                    0x03f4                  SPI1CON1 = 0x3f4
                    0x03f4                  _SPI1CON1 = 0x3f4
                    0x03f4                  _SPI1CON1bits = 0x3f4
                    0x03f4                  SPI1CON1L = 0x3f4
                    0x03f4                  _SPI1CON1L = 0x3f4
                    0x03f4                  _SPI1CON1Lbits = 0x3f4
                    0x03f6                  SPI1CON1H = 0x3f6
                    0x03f6                  _SPI1CON1H = 0x3f6
                    0x03f6                  _SPI1CON1Hbits = 0x3f6
                    0x03f6                  SPI1CON2 = 0x3f6
                    0x03f6                  _SPI1CON2 = 0x3f6
                    0x03f6                  _SPI1CON2bits = 0x3f6
                    0x03f8                  SPI1CON2L = 0x3f8
                    0x03f8                  _SPI1CON2L = 0x3f8
                    0x03f8                  _SPI1CON2Lbits = 0x3f8
                    0x03f8                  SPI1CON3 = 0x3f8
                    0x03f8                  _SPI1CON3 = 0x3f8
                    0x03f8                  _SPI1CON3bits = 0x3f8
                    0x03fc                  SPI1STATL = 0x3fc
                    0x03fc                  _SPI1STATL = 0x3fc
                    0x03fc                  _SPI1STATLbits = 0x3fc
                    0x03fe                  SPI1STATH = 0x3fe
                    0x03fe                  _SPI1STATH = 0x3fe
                    0x03fe                  _SPI1STATHbits = 0x3fe
                    0x0400                  SPI1BUFL = 0x400
                    0x0400                  _SPI1BUFL = 0x400
                    0x0400                  _SPI1BUFLbits = 0x400
                    0x0402                  SPI1BUFH = 0x402
                    0x0402                  _SPI1BUFH = 0x402
                    0x0402                  _SPI1BUFHbits = 0x402
                    0x0404                  SPI1BRGL = 0x404
                    0x0404                  _SPI1BRGL = 0x404
                    0x0404                  _SPI1BRGLbits = 0x404
                    0x0408                  SPI1IMSK1 = 0x408
                    0x0408                  _SPI1IMSK1 = 0x408
                    0x0408                  _SPI1IMSK1bits = 0x408
                    0x0408                  SPI1IMSKL = 0x408
                    0x0408                  _SPI1IMSKL = 0x408
                    0x0408                  _SPI1IMSKLbits = 0x408
                    0x040a                  SPI1IMSK2 = 0x40a
                    0x040a                  _SPI1IMSK2 = 0x40a